[Architectury Transformer] Architectury Runtime 5.2.87
[Architectury Transformer DEBUG] Closed File Systems for /Users/arseniyradaev/Documents/IdeaProjects/Effectual/Effectual 1.21.8/common/build/devlibs/effectual-common-1.3.0-1.21.8-dev.jar
[Architectury Transformer DEBUG] Preparing tiny remapper prepared transformer: dev.architectury.transformer.handler.TinyRemapperPreparedTransformerHandler
[Architectury Transformer DEBUG] Provided 122 classpath jar(s):
[Architectury Transformer DEBUG]  - /Users/arseniyradaev/.gradle/caches/modules-2/files-2.1/dev.architectury/architectury-injectables/1.0.10/62db2a366d662606d1b23ad02ccc3212ed37ec3/architectury-injectables-1.0.10.jar
[Architectury Transformer DEBUG]  - /Users/arseniyradaev/.gradle/caches/modules-2/files-2.1/net.fabricmc/fabric-loader/0.18.3/234f25229c51fdd8c0f3a72af0dbcf1ecf2f45d1/fabric-loader-0.18.3.jar
[Architectury Transformer DEBUG]  - /Users/arseniyradaev/.gradle/caches/modules-2/files-2.1/org.jetbrains/annotations/26.0.2/c7ce3cdeda3d18909368dfe5977332dfad326c6d/annotations-26.0.2.jar
[Architectury Transformer DEBUG]  - /Users/arseniyradaev/.gradle/caches/modules-2/files-2.1/org.ow2.asm/asm/9.9/c29635c8a7afa03d74b33c1884df8abb2b3f3dcc/asm-9.9.jar
[Architectury Transformer DEBUG]  - /Users/arseniyradaev/.gradle/caches/modules-2/files-2.1/org.ow2.asm/asm-analysis/9.9/bf4fa6e66638851c1cd22c2caea0c3ee5d5f437/asm-analysis-9.9.jar
[Architectury Transformer DEBUG]  - /Users/arseniyradaev/.gradle/caches/modules-2/files-2.1/org.ow2.asm/asm-commons/9.9/db9165a3bf908ded6b08612d583a15d1d0c7bda0/asm-commons-9.9.jar
[Architectury Transformer DEBUG]  - /Users/arseniyradaev/.gradle/caches/modules-2/files-2.1/org.ow2.asm/asm-tree/9.9/f8de6eead6d24dd0f45bd065bbe112b2cda6ea21/asm-tree-9.9.jar
[Architectury Transformer DEBUG]  - /Users/arseniyradaev/.gradle/caches/modules-2/files-2.1/org.ow2.asm/asm-util/9.9/42fdfc0508b43807c8078d6e82ecff2ce2112ae8/asm-util-9.9.jar
[Architectury Transformer DEBUG]  - /Users/arseniyradaev/.gradle/caches/modules-2/files-2.1/net.fabricmc/sponge-mixin/0.16.5+mixin.0.8.7/80fc3a9f592673cea87f4cd702f87991c6c9fe4d/sponge-mixin-0.16.5+mixin.0.8.7.jar
[Architectury Transformer DEBUG]  - /Users/arseniyradaev/.gradle/caches/modules-2/files-2.1/io.github.llamalad7/mixinextras-fabric/0.5.0/91a83dfb7abd320f6236bd1fcf5c0ff143d59a13/mixinextras-fabric-0.5.0.jar
[Architectury Transformer DEBUG]  - /Users/arseniyradaev/.gradle/caches/modules-2/files-2.1/ca.weblite/java-objc-bridge/1.1/1227f9e0666314f9de41477e3ec277e542ed7f7b/java-objc-bridge-1.1.jar
[Architectury Transformer DEBUG]  - /Users/arseniyradaev/.gradle/caches/modules-2/files-2.1/com.fasterxml.jackson.core/jackson-annotations/2.13.4/858c6cc78e1f08a885b1613e1d817c829df70a6e/jackson-annotations-2.13.4.jar
[Architectury Transformer DEBUG]  - /Users/arseniyradaev/.gradle/caches/modules-2/files-2.1/com.fasterxml.jackson.core/jackson-core/2.13.4/cf934c681294b97ef6d80082faeefbe1edadf56/jackson-core-2.13.4.jar
[Architectury Transformer DEBUG]  - /Users/arseniyradaev/.gradle/caches/modules-2/files-2.1/com.fasterxml.jackson.core/jackson-databind/2.13.4.2/325c06bdfeb628cfb80ebaaf1a26cc1eb558a585/jackson-databind-2.13.4.2.jar
[Architectury Transformer DEBUG]  - /Users/arseniyradaev/.gradle/caches/modules-2/files-2.1/com.github.oshi/oshi-core/6.6.5/e1099981fd15dc4236c4499d82aba1276fb43a9a/oshi-core-6.6.5.jar
[Architectury Transformer DEBUG]  - /Users/arseniyradaev/.gradle/caches/modules-2/files-2.1/com.github.stephenc.jcip/jcip-annotations/1.0-1/ef31541dd28ae2cefdd17c7ebf352d93e9058c63/jcip-annotations-1.0-1.jar
[Architectury Transformer DEBUG]  - /Users/arseniyradaev/.gradle/caches/modules-2/files-2.1/com.google.code.gson/gson/2.11.0/527175ca6d81050b53bdd4c457a6d6e017626b0e/gson-2.11.0.jar
[Architectury Transformer DEBUG]  - /Users/arseniyradaev/.gradle/caches/modules-2/files-2.1/com.google.guava/failureaccess/1.0.2/c4a06a64e650562f30b7bf9aaec1bfed43aca12b/failureaccess-1.0.2.jar
[Architectury Transformer DEBUG]  - /Users/arseniyradaev/.gradle/caches/modules-2/files-2.1/com.google.guava/guava/33.3.1-jre/852f8b363da0111e819460021ca693cacca3e8db/guava-33.3.1-jre.jar
[Architectury Transformer DEBUG]  - /Users/arseniyradaev/.gradle/caches/modules-2/files-2.1/com.ibm.icu/icu4j/76.1/215f3a8e936d4069344bd75f2b1368fd58112894/icu4j-76.1.jar
[Architectury Transformer DEBUG]  - /Users/arseniyradaev/.gradle/caches/modules-2/files-2.1/com.microsoft.azure/msal4j/1.17.2/a6211e3d71d0388929babaa0ff0951b30d001852/msal4j-1.17.2.jar
[Architectury Transformer DEBUG]  - /Users/arseniyradaev/.gradle/caches/modules-2/files-2.1/com.mojang/authlib/6.0.58/9261a6d53e629469fab20136b968bf5202d9c0f7/authlib-6.0.58.jar
[Architectury Transformer DEBUG]  - /Users/arseniyradaev/.gradle/caches/modules-2/files-2.1/com.mojang/blocklist/1.0.10/5c685c5ffa94c4cd39496c7184c1d122e515ecef/blocklist-1.0.10.jar
[Architectury Transformer DEBUG]  - /Users/arseniyradaev/.gradle/caches/modules-2/files-2.1/com.mojang/brigadier/1.3.10/d15b53a14cf20fdcaa98f731af5dda654452c010/brigadier-1.3.10.jar
[Architectury Transformer DEBUG]  - /Users/arseniyradaev/.gradle/caches/modules-2/files-2.1/com.mojang/datafixerupper/8.0.16/67d4de6d7f95d89bcf5862995fb854ebaec02a34/datafixerupper-8.0.16.jar
[Architectury Transformer DEBUG]  - /Users/arseniyradaev/.gradle/caches/modules-2/files-2.1/com.mojang/jtracy/1.0.29/6f07dcb6a2e595c7ee2ca43b67e5d1c018ca0770/jtracy-1.0.29.jar
[Architectury Transformer DEBUG]  - /Users/arseniyradaev/.gradle/caches/modules-2/files-2.1/com.mojang/logging/1.5.10/9ab1202793717af9df9c1704d0a02892067001eb/logging-1.5.10.jar
[Architectury Transformer DEBUG]  - /Users/arseniyradaev/.gradle/caches/modules-2/files-2.1/com.mojang/patchy/2.2.10/da05971b07cbb379d002cf7eaec6a2048211fefc/patchy-2.2.10.jar
[Architectury Transformer DEBUG]  - /Users/arseniyradaev/.gradle/caches/modules-2/files-2.1/com.mojang/text2speech/1.18.11/e853a12cdd6ba4f4836e8f4bf3b37844a13482b6/text2speech-1.18.11.jar
[Architectury Transformer DEBUG]  - /Users/arseniyradaev/.gradle/caches/modules-2/files-2.1/com.nimbusds/content-type/2.3/e3aa0be212d7a42839a8f3f506f5b990bcce0222/content-type-2.3.jar
[Architectury Transformer DEBUG]  - /Users/arseniyradaev/.gradle/caches/modules-2/files-2.1/com.nimbusds/lang-tag/1.7/97c73ecd70bc7e8eefb26c5eea84f251a63f1031/lang-tag-1.7.jar
[Architectury Transformer DEBUG]  - /Users/arseniyradaev/.gradle/caches/modules-2/files-2.1/com.nimbusds/nimbus-jose-jwt/9.40/42b1dfa0360e4062951b070bac52dd8d96fd7b38/nimbus-jose-jwt-9.40.jar
[Architectury Transformer DEBUG]  - /Users/arseniyradaev/.gradle/caches/modules-2/files-2.1/com.nimbusds/oauth2-oidc-sdk/11.18/7c7ec4f4066625ff07a711ad856fa04da1ff9de/oauth2-oidc-sdk-11.18.jar
[Architectury Transformer DEBUG]  - /Users/arseniyradaev/.gradle/caches/modules-2/files-2.1/commons-codec/commons-codec/1.17.1/973638b7149d333563584137ebf13a691bb60579/commons-codec-1.17.1.jar
[Architectury Transformer DEBUG]  - /Users/arseniyradaev/.gradle/caches/modules-2/files-2.1/commons-io/commons-io/2.17.0/ddcc8433eb019fb48fe25207c0278143f3e1d7e2/commons-io-2.17.0.jar
[Architectury Transformer DEBUG]  - /Users/arseniyradaev/.gradle/caches/modules-2/files-2.1/commons-logging/commons-logging/1.3.4/b9fc14968d63a8b8a8a2c1885fe3e90564239708/commons-logging-1.3.4.jar
[Architectury Transformer DEBUG]  - /Users/arseniyradaev/.gradle/caches/modules-2/files-2.1/io.netty/netty-buffer/4.1.118.Final/7022990af1e0d449f9d5322035899745e19735c5/netty-buffer-4.1.118.Final.jar
[Architectury Transformer DEBUG]  - /Users/arseniyradaev/.gradle/caches/modules-2/files-2.1/io.netty/netty-codec/4.1.118.Final/307f665c08ce57333121de4f460479fc0c3c94d4/netty-codec-4.1.118.Final.jar
[Architectury Transformer DEBUG]  - /Users/arseniyradaev/.gradle/caches/modules-2/files-2.1/io.netty/netty-common/4.1.118.Final/4bb0f9899146484fa89f7b9bc27389d5b8e2ecde/netty-common-4.1.118.Final.jar
[Architectury Transformer DEBUG]  - /Users/arseniyradaev/.gradle/caches/modules-2/files-2.1/io.netty/netty-handler/4.1.118.Final/30ebb05b6b0fb071dbfcf713017c4a767a97bb9b/netty-handler-4.1.118.Final.jar
[Architectury Transformer DEBUG]  - /Users/arseniyradaev/.gradle/caches/modules-2/files-2.1/io.netty/netty-resolver/4.1.118.Final/28c378c19c1779eca1104b400452627f3ebc4aea/netty-resolver-4.1.118.Final.jar
[Architectury Transformer DEBUG]  - /Users/arseniyradaev/.gradle/caches/modules-2/files-2.1/io.netty/netty-transport-classes-epoll/4.1.118.Final/376ce95507066f0e755d97c1c8bcd6c33f657617/netty-transport-classes-epoll-4.1.118.Final.jar
[Architectury Transformer DEBUG]  - /Users/arseniyradaev/.gradle/caches/modules-2/files-2.1/io.netty/netty-transport-native-unix-common/4.1.118.Final/9da25a94e6a0edac90da0bc7894e5a54efcb866b/netty-transport-native-unix-common-4.1.118.Final.jar
[Architectury Transformer DEBUG]  - /Users/arseniyradaev/.gradle/caches/modules-2/files-2.1/io.netty/netty-transport/4.1.118.Final/5a27232e5d08218722d94ca14f0b1b4576e7711c/netty-transport-4.1.118.Final.jar
[Architectury Transformer DEBUG]  - /Users/arseniyradaev/.gradle/caches/modules-2/files-2.1/it.unimi.dsi/fastutil/8.5.15/1e885b40c9563ab0d3899b871fd0b30e958705dc/fastutil-8.5.15.jar
[Architectury Transformer DEBUG]  - /Users/arseniyradaev/.gradle/caches/modules-2/files-2.1/net.java.dev.jna/jna-platform/5.15.0/86b502cad57d45da172b5e3231c537b042e296ef/jna-platform-5.15.0.jar
[Architectury Transformer DEBUG]  - /Users/arseniyradaev/.gradle/caches/modules-2/files-2.1/net.java.dev.jna/jna/5.15.0/1ee1d80ff44f08280188f7c0e740d57207841ac/jna-5.15.0.jar
[Architectury Transformer DEBUG]  - /Users/arseniyradaev/.gradle/caches/modules-2/files-2.1/net.minidev/accessors-smart/2.5.1/19b820261eb2e7de7d5bde11d1c06e4501dd7e5f/accessors-smart-2.5.1.jar
[Architectury Transformer DEBUG]  - /Users/arseniyradaev/.gradle/caches/modules-2/files-2.1/net.minidev/json-smart/2.5.1/4c11d2808d009132dfbbf947ebf37de6bf266c8e/json-smart-2.5.1.jar
[Architectury Transformer DEBUG]  - /Users/arseniyradaev/.gradle/caches/modules-2/files-2.1/net.sf.jopt-simple/jopt-simple/5.0.4/4fdac2fbe92dfad86aa6e9301736f6b4342a3f5c/jopt-simple-5.0.4.jar
[Architectury Transformer DEBUG]  - /Users/arseniyradaev/.gradle/caches/modules-2/files-2.1/org.apache.commons/commons-compress/1.27.1/a19151084758e2fbb6b41eddaa88e7b8ff4e6599/commons-compress-1.27.1.jar
[Architectury Transformer DEBUG]  - /Users/arseniyradaev/.gradle/caches/modules-2/files-2.1/org.apache.commons/commons-lang3/3.17.0/b17d2136f0460dcc0d2016ceefca8723bdf4ee70/commons-lang3-3.17.0.jar
[Architectury Transformer DEBUG]  - /Users/arseniyradaev/.gradle/caches/modules-2/files-2.1/org.apache.httpcomponents/httpclient/4.5.14/1194890e6f56ec29177673f2f12d0b8e627dec98/httpclient-4.5.14.jar
[Architectury Transformer DEBUG]  - /Users/arseniyradaev/.gradle/caches/modules-2/files-2.1/org.apache.httpcomponents/httpcore/4.4.16/51cf043c87253c9f58b539c9f7e44c8894223850/httpcore-4.4.16.jar
[Architectury Transformer DEBUG]  - /Users/arseniyradaev/.gradle/caches/modules-2/files-2.1/org.apache.logging.log4j/log4j-api/2.24.1/7ebeb12c20606373005af4232cd0ecca72613dda/log4j-api-2.24.1.jar
[Architectury Transformer DEBUG]  - /Users/arseniyradaev/.gradle/caches/modules-2/files-2.1/org.apache.logging.log4j/log4j-core/2.24.1/c85285146f28d8c8962384f786e2dff04172fb43/log4j-core-2.24.1.jar
[Architectury Transformer DEBUG]  - /Users/arseniyradaev/.gradle/caches/modules-2/files-2.1/org.apache.logging.log4j/log4j-slf4j2-impl/2.24.1/8e3ddc96464ef7f768823e7e001a52b23de8cd0a/log4j-slf4j2-impl-2.24.1.jar
[Architectury Transformer DEBUG]  - /Users/arseniyradaev/.gradle/caches/modules-2/files-2.1/org.jcraft/jorbis/0.0.17/8872d22b293e8f5d7d56ff92be966e6dc28ebdc6/jorbis-0.0.17.jar
[Architectury Transformer DEBUG]  - /Users/arseniyradaev/.gradle/caches/modules-2/files-2.1/org.joml/joml/1.10.8/fc0a71dad90a2cf41d82a76156a0e700af8e4f8d/joml-1.10.8.jar
[Architectury Transformer DEBUG]  - /Users/arseniyradaev/.gradle/caches/modules-2/files-2.1/org.lwjgl/lwjgl-freetype/3.3.3/a0db6c84a8becc8ca05f9dbfa985edc348a824c7/lwjgl-freetype-3.3.3.jar
[Architectury Transformer DEBUG]  - /Users/arseniyradaev/.gradle/caches/modules-2/files-2.1/org.lwjgl/lwjgl-glfw/3.3.3/efa1eb78c5ccd840e9f329717109b5e892d72f8e/lwjgl-glfw-3.3.3.jar
[Architectury Transformer DEBUG]  - /Users/arseniyradaev/.gradle/caches/modules-2/files-2.1/org.lwjgl/lwjgl-jemalloc/3.3.3/b543467b7ff3c6920539a88ee602d34098628be5/lwjgl-jemalloc-3.3.3.jar
[Architectury Transformer DEBUG]  - /Users/arseniyradaev/.gradle/caches/modules-2/files-2.1/org.lwjgl/lwjgl-openal/3.3.3/daada81ceb5fc0c291fbfdd4433cb8d9423577f2/lwjgl-openal-3.3.3.jar
[Architectury Transformer DEBUG]  - /Users/arseniyradaev/.gradle/caches/modules-2/files-2.1/org.lwjgl/lwjgl-opengl/3.3.3/2f6b0147078396a58979125a4c947664e98293a/lwjgl-opengl-3.3.3.jar
[Architectury Transformer DEBUG]  - /Users/arseniyradaev/.gradle/caches/modules-2/files-2.1/org.lwjgl/lwjgl-stb/3.3.3/25dd6161988d7e65f71d5065c99902402ee32746/lwjgl-stb-3.3.3.jar
[Architectury Transformer DEBUG]  - /Users/arseniyradaev/.gradle/caches/modules-2/files-2.1/org.lwjgl/lwjgl-tinyfd/3.3.3/82d755ca94b102e9ca77283b9e2dc46d1b15fbe5/lwjgl-tinyfd-3.3.3.jar
[Architectury Transformer DEBUG]  - /Users/arseniyradaev/.gradle/caches/modules-2/files-2.1/org.lwjgl/lwjgl/3.3.3/29589b5f87ed335a6c7e7ee6a5775f81f97ecb84/lwjgl-3.3.3.jar
[Architectury Transformer DEBUG]  - /Users/arseniyradaev/.gradle/caches/modules-2/files-2.1/org.lz4/lz4-java/1.8.0/4b986a99445e49ea5fbf5d149c4b63f6ed6c6780/lz4-java-1.8.0.jar
[Architectury Transformer DEBUG]  - /Users/arseniyradaev/.gradle/caches/modules-2/files-2.1/org.slf4j/slf4j-api/2.0.16/172931663a09a1fa515567af5fbef00897d3c04/slf4j-api-2.0.16.jar
[Architectury Transformer DEBUG]  - /Users/arseniyradaev/Documents/IdeaProjects/Effectual/Effectual 1.21.8/.gradle/loom-cache/minecraftMaven/net/minecraft/minecraft-merged-99098606bb/1.21.8-loom.mappings.1_21_8.layered+hash.40359-v2/minecraft-merged-99098606bb-1.21.8-loom.mappings.1_21_8.layered+hash.40359-v2.jar
[Architectury Transformer DEBUG]  - /Users/arseniyradaev/.gradle/caches/modules-2/files-2.1/io.netty/netty-transport-native-epoll/4.1.118.Final/7e6b89e3746acb7cf6f0aad993bbd058fc6d912e/netty-transport-native-epoll-4.1.118.Final-linux-x86_64.jar
[Architectury Transformer DEBUG]  - /Users/arseniyradaev/.gradle/caches/modules-2/files-2.1/io.netty/netty-transport-native-epoll/4.1.118.Final/82f94d0a9d837f6b6a580379373310ff7288c0f8/netty-transport-native-epoll-4.1.118.Final-linux-aarch_64.jar
[Architectury Transformer DEBUG]  - /Users/arseniyradaev/Documents/IdeaProjects/Effectual/Effectual 1.21.8/.gradle/loom-cache/remapped_mods/remapped/net/fabricmc/fabric-api/fabric-api-c1c451a1/0.136.1+1.21.8/fabric-api-c1c451a1-0.136.1+1.21.8.jar
[Architectury Transformer DEBUG]  - /Users/arseniyradaev/Documents/IdeaProjects/Effectual/Effectual 1.21.8/.gradle/loom-cache/remapped_mods/remapped/dev/architectury/architectury-fabric-c1c451a1/17.0.8/architectury-fabric-c1c451a1-17.0.8.jar
[Architectury Transformer DEBUG]  - /Users/arseniyradaev/Documents/IdeaProjects/Effectual/Effectual 1.21.8/.gradle/loom-cache/remapped_mods/remapped/com/imeetake/tlib-fabric-c1c451a1/1.4.1-1.21.8/tlib-fabric-c1c451a1-1.4.1-1.21.8.jar
[Architectury Transformer DEBUG]  - /Users/arseniyradaev/Documents/IdeaProjects/Effectual/Effectual 1.21.8/.gradle/loom-cache/remapped_mods/remapped/net/fabricmc/fabric-api/fabric-transfer-api-v1-c1c451a1/6.0.6+946bf4c32c/fabric-transfer-api-v1-c1c451a1-6.0.6+946bf4c32c.jar
[Architectury Transformer DEBUG]  - /Users/arseniyradaev/Documents/IdeaProjects/Effectual/Effectual 1.21.8/.gradle/loom-cache/remapped_mods/remapped/net/fabricmc/fabric-api/fabric-api-lookup-api-v1-c1c451a1/1.6.101+946bf4c32c/fabric-api-lookup-api-v1-c1c451a1-1.6.101+946bf4c32c.jar
[Architectury Transformer DEBUG]  - /Users/arseniyradaev/Documents/IdeaProjects/Effectual/Effectual 1.21.8/.gradle/loom-cache/remapped_mods/remapped/net/fabricmc/fabric-api/fabric-command-api-v2-c1c451a1/2.3.1+52fff9ec2c/fabric-command-api-v2-c1c451a1-2.3.1+52fff9ec2c.jar
[Architectury Transformer DEBUG]  - /Users/arseniyradaev/Documents/IdeaProjects/Effectual/Effectual 1.21.8/.gradle/loom-cache/remapped_mods/remapped/net/fabricmc/fabric-api/fabric-content-registries-v0-c1c451a1/10.1.0+c75de69d2c/fabric-content-registries-v0-c1c451a1-10.1.0+c75de69d2c.jar
[Architectury Transformer DEBUG]  - /Users/arseniyradaev/Documents/IdeaProjects/Effectual/Effectual 1.21.8/.gradle/loom-cache/remapped_mods/remapped/net/fabricmc/fabric-api/fabric-data-generation-api-v1-c1c451a1/23.2.8+2e1c6d322c/fabric-data-generation-api-v1-c1c451a1-23.2.8+2e1c6d322c.jar
[Architectury Transformer DEBUG]  - /Users/arseniyradaev/Documents/IdeaProjects/Effectual/Effectual 1.21.8/.gradle/loom-cache/remapped_mods/remapped/net/fabricmc/fabric-api/fabric-convention-tags-v1-c1c451a1/2.1.41+7f945d5b2c/fabric-convention-tags-v1-c1c451a1-2.1.41+7f945d5b2c.jar
[Architectury Transformer DEBUG]  - /Users/arseniyradaev/Documents/IdeaProjects/Effectual/Effectual 1.21.8/.gradle/loom-cache/remapped_mods/remapped/net/fabricmc/fabric-api/fabric-convention-tags-v2-c1c451a1/2.15.6+eb5df52f2c/fabric-convention-tags-v2-c1c451a1-2.15.6+eb5df52f2c.jar
[Architectury Transformer DEBUG]  - /Users/arseniyradaev/Documents/IdeaProjects/Effectual/Effectual 1.21.8/.gradle/loom-cache/remapped_mods/remapped/net/fabricmc/fabric-api/fabric-data-attachment-api-v1-c1c451a1/1.8.14+97214db32c/fabric-data-attachment-api-v1-c1c451a1-1.8.14+97214db32c.jar
[Architectury Transformer DEBUG]  - /Users/arseniyradaev/Documents/IdeaProjects/Effectual/Effectual 1.21.8/.gradle/loom-cache/remapped_mods/remapped/net/fabricmc/fabric-api/fabric-entity-events-v1-c1c451a1/2.1.2+c9e472732c/fabric-entity-events-v1-c1c451a1-2.1.2+c9e472732c.jar
[Architectury Transformer DEBUG]  - /Users/arseniyradaev/Documents/IdeaProjects/Effectual/Effectual 1.21.8/.gradle/loom-cache/remapped_mods/remapped/net/fabricmc/fabric-api/fabric-events-interaction-v0-c1c451a1/4.0.26+946bf4c32c/fabric-events-interaction-v0-c1c451a1-4.0.26+946bf4c32c.jar
[Architectury Transformer DEBUG]  - /Users/arseniyradaev/Documents/IdeaProjects/Effectual/Effectual 1.21.8/.gradle/loom-cache/remapped_mods/remapped/net/fabricmc/fabric-api/fabric-gametest-api-v1-c1c451a1/3.1.10+39ce47f52c/fabric-gametest-api-v1-c1c451a1-3.1.10+39ce47f52c.jar
[Architectury Transformer DEBUG]  - /Users/arseniyradaev/Documents/IdeaProjects/Effectual/Effectual 1.21.8/.gradle/loom-cache/remapped_mods/remapped/net/fabricmc/fabric-api/fabric-item-api-v1-c1c451a1/11.5.0+02ce13f42c/fabric-item-api-v1-c1c451a1-11.5.0+02ce13f42c.jar
[Architectury Transformer DEBUG]  - /Users/arseniyradaev/Documents/IdeaProjects/Effectual/Effectual 1.21.8/.gradle/loom-cache/remapped_mods/remapped/net/fabricmc/fabric-api/fabric-item-group-api-v1-c1c451a1/4.2.14+c5f9bbc12c/fabric-item-group-api-v1-c1c451a1-4.2.14+c5f9bbc12c.jar
[Architectury Transformer DEBUG]  - /Users/arseniyradaev/Documents/IdeaProjects/Effectual/Effectual 1.21.8/.gradle/loom-cache/remapped_mods/remapped/net/fabricmc/fabric-api/fabric-model-loading-api-v1-c1c451a1/5.2.8+946bf4c32c/fabric-model-loading-api-v1-c1c451a1-5.2.8+946bf4c32c.jar
[Architectury Transformer DEBUG]  - /Users/arseniyradaev/Documents/IdeaProjects/Effectual/Effectual 1.21.8/.gradle/loom-cache/remapped_mods/remapped/net/fabricmc/fabric-api/fabric-renderer-indigo-c1c451a1/4.0.5+946bf4c32c/fabric-renderer-indigo-c1c451a1-4.0.5+946bf4c32c.jar
[Architectury Transformer DEBUG]  - /Users/arseniyradaev/Documents/IdeaProjects/Effectual/Effectual 1.21.8/.gradle/loom-cache/remapped_mods/remapped/net/fabricmc/fabric-api/fabric-renderer-api-v1-c1c451a1/7.0.5+208eed172c/fabric-renderer-api-v1-c1c451a1-7.0.5+208eed172c.jar
[Architectury Transformer DEBUG]  - /Users/arseniyradaev/Documents/IdeaProjects/Effectual/Effectual 1.21.8/.gradle/loom-cache/remapped_mods/remapped/net/fabricmc/fabric-api/fabric-rendering-v1-c1c451a1/12.6.0+486b7ff72c/fabric-rendering-v1-c1c451a1-12.6.0+486b7ff72c.jar
[Architectury Transformer DEBUG]  - /Users/arseniyradaev/Documents/IdeaProjects/Effectual/Effectual 1.21.8/.gradle/loom-cache/remapped_mods/remapped/net/fabricmc/fabric-api/fabric-lifecycle-events-v1-c1c451a1/2.6.4+db4dfd852c/fabric-lifecycle-events-v1-c1c451a1-2.6.4+db4dfd852c.jar
[Architectury Transformer DEBUG]  - /Users/arseniyradaev/Documents/IdeaProjects/Effectual/Effectual 1.21.8/.gradle/loom-cache/remapped_mods/remapped/net/fabricmc/fabric-api/fabric-loot-api-v2-c1c451a1/3.0.56+3f89f5a52c/fabric-loot-api-v2-c1c451a1-3.0.56+3f89f5a52c.jar
[Architectury Transformer DEBUG]  - /Users/arseniyradaev/Documents/IdeaProjects/Effectual/Effectual 1.21.8/.gradle/loom-cache/remapped_mods/remapped/net/fabricmc/fabric-api/fabric-loot-api-v3-c1c451a1/2.0.3+946bf4c32c/fabric-loot-api-v3-c1c451a1-2.0.3+946bf4c32c.jar
[Architectury Transformer DEBUG]  - /Users/arseniyradaev/Documents/IdeaProjects/Effectual/Effectual 1.21.8/.gradle/loom-cache/remapped_mods/remapped/net/fabricmc/fabric-api/fabric-message-api-v1-c1c451a1/6.1.2+946bf4c32c/fabric-message-api-v1-c1c451a1-6.1.2+946bf4c32c.jar
[Architectury Transformer DEBUG]  - /Users/arseniyradaev/Documents/IdeaProjects/Effectual/Effectual 1.21.8/.gradle/loom-cache/remapped_mods/remapped/net/fabricmc/fabric-api/fabric-particles-v1-c1c451a1/4.1.10+946bf4c32c/fabric-particles-v1-c1c451a1-4.1.10+946bf4c32c.jar
[Architectury Transformer DEBUG]  - /Users/arseniyradaev/Documents/IdeaProjects/Effectual/Effectual 1.21.8/.gradle/loom-cache/remapped_mods/remapped/net/fabricmc/fabric-api/fabric-recipe-api-v1-c1c451a1/8.1.17+946bf4c32c/fabric-recipe-api-v1-c1c451a1-8.1.17+946bf4c32c.jar
[Architectury Transformer DEBUG]  - /Users/arseniyradaev/Documents/IdeaProjects/Effectual/Effectual 1.21.8/.gradle/loom-cache/remapped_mods/remapped/net/fabricmc/fabric-api/fabric-object-builder-api-v1-c1c451a1/21.1.10+946bf4c32c/fabric-object-builder-api-v1-c1c451a1-21.1.10+946bf4c32c.jar
[Architectury Transformer DEBUG]  - /Users/arseniyradaev/Documents/IdeaProjects/Effectual/Effectual 1.21.8/.gradle/loom-cache/remapped_mods/remapped/net/fabricmc/fabric-api/fabric-screen-handler-api-v1-c1c451a1/1.3.139+946bf4c32c/fabric-screen-handler-api-v1-c1c451a1-1.3.139+946bf4c32c.jar
[Architectury Transformer DEBUG]  - /Users/arseniyradaev/Documents/IdeaProjects/Effectual/Effectual 1.21.8/.gradle/loom-cache/remapped_mods/remapped/net/fabricmc/fabric-api/fabric-registry-sync-v0-c1c451a1/6.1.30+946bf4c32c/fabric-registry-sync-v0-c1c451a1-6.1.30+946bf4c32c.jar
[Architectury Transformer DEBUG]  - /Users/arseniyradaev/Documents/IdeaProjects/Effectual/Effectual 1.21.8/.gradle/loom-cache/remapped_mods/remapped/net/fabricmc/fabric-api/fabric-networking-api-v1-c1c451a1/5.1.0+57cb96dd2c/fabric-networking-api-v1-c1c451a1-5.1.0+57cb96dd2c.jar
[Architectury Transformer DEBUG]  - /Users/arseniyradaev/Documents/IdeaProjects/Effectual/Effectual 1.21.8/.gradle/loom-cache/remapped_mods/remapped/net/fabricmc/fabric-api/fabric-rendering-fluids-v1-c1c451a1/3.1.31+fa6cb72b2c/fabric-rendering-fluids-v1-c1c451a1-3.1.31+fa6cb72b2c.jar
[Architectury Transformer DEBUG]  - /Users/arseniyradaev/Documents/IdeaProjects/Effectual/Effectual 1.21.8/.gradle/loom-cache/remapped_mods/remapped/net/fabricmc/fabric-api/fabric-tag-api-v1-c1c451a1/1.2.2+946bf4c32c/fabric-tag-api-v1-c1c451a1-1.2.2+946bf4c32c.jar
[Architectury Transformer DEBUG]  - /Users/arseniyradaev/Documents/IdeaProjects/Effectual/Effectual 1.21.8/.gradle/loom-cache/remapped_mods/remapped/net/fabricmc/fabric-api/fabric-resource-loader-v0-c1c451a1/3.1.12+020423442c/fabric-resource-loader-v0-c1c451a1-3.1.12+020423442c.jar
[Architectury Transformer DEBUG]  - /Users/arseniyradaev/Documents/IdeaProjects/Effectual/Effectual 1.21.8/.gradle/loom-cache/remapped_mods/remapped/net/fabricmc/fabric-api/fabric-screen-api-v1-c1c451a1/2.2.0+e0cb65d02c/fabric-screen-api-v1-c1c451a1-2.2.0+e0cb65d02c.jar
[Architectury Transformer DEBUG]  - /Users/arseniyradaev/Documents/IdeaProjects/Effectual/Effectual 1.21.8/.gradle/loom-cache/remapped_mods/remapped/net/fabricmc/fabric-api/fabric-api-base-c1c451a1/0.5.0+cd8c0daa2c/fabric-api-base-c1c451a1-0.5.0+cd8c0daa2c.jar
[Architectury Transformer DEBUG]  - /Users/arseniyradaev/Documents/IdeaProjects/Effectual/Effectual 1.21.8/.gradle/loom-cache/remapped_mods/remapped/net/fabricmc/fabric-api/fabric-biome-api-v1-c1c451a1/16.1.0+c21d71cc2c/fabric-biome-api-v1-c1c451a1-16.1.0+c21d71cc2c.jar
[Architectury Transformer DEBUG]  - /Users/arseniyradaev/Documents/IdeaProjects/Effectual/Effectual 1.21.8/.gradle/loom-cache/remapped_mods/remapped/net/fabricmc/fabric-api/fabric-block-api-v1-c1c451a1/1.1.3+946bf4c32c/fabric-block-api-v1-c1c451a1-1.1.3+946bf4c32c.jar
[Architectury Transformer DEBUG]  - /Users/arseniyradaev/Documents/IdeaProjects/Effectual/Effectual 1.21.8/.gradle/loom-cache/remapped_mods/remapped/net/fabricmc/fabric-api/fabric-block-view-api-v2-c1c451a1/1.0.31+946bf4c32c/fabric-block-view-api-v2-c1c451a1-1.0.31+946bf4c32c.jar
[Architectury Transformer DEBUG]  - /Users/arseniyradaev/Documents/IdeaProjects/Effectual/Effectual 1.21.8/.gradle/loom-cache/remapped_mods/remapped/net/fabricmc/fabric-api/fabric-client-gametest-api-v1-c1c451a1/4.2.5+8a98c3fc2c/fabric-client-gametest-api-v1-c1c451a1-4.2.5+8a98c3fc2c.jar
[Architectury Transformer DEBUG]  - /Users/arseniyradaev/Documents/IdeaProjects/Effectual/Effectual 1.21.8/.gradle/loom-cache/remapped_mods/remapped/net/fabricmc/fabric-api/fabric-crash-report-info-v1-c1c451a1/0.3.15+946bf4c32c/fabric-crash-report-info-v1-c1c451a1-0.3.15+946bf4c32c.jar
[Architectury Transformer DEBUG]  - /Users/arseniyradaev/Documents/IdeaProjects/Effectual/Effectual 1.21.8/.gradle/loom-cache/remapped_mods/remapped/net/fabricmc/fabric-api/fabric-dimensions-v1-c1c451a1/4.0.20+948fc79a2c/fabric-dimensions-v1-c1c451a1-4.0.20+948fc79a2c.jar
[Architectury Transformer DEBUG]  - /Users/arseniyradaev/Documents/IdeaProjects/Effectual/Effectual 1.21.8/.gradle/loom-cache/remapped_mods/remapped/net/fabricmc/fabric-api/fabric-game-rule-api-v1-c1c451a1/1.0.73+c64c9c5b2c/fabric-game-rule-api-v1-c1c451a1-1.0.73+c64c9c5b2c.jar
[Architectury Transformer DEBUG]  - /Users/arseniyradaev/Documents/IdeaProjects/Effectual/Effectual 1.21.8/.gradle/loom-cache/remapped_mods/remapped/net/fabricmc/fabric-api/fabric-key-binding-api-v1-c1c451a1/1.0.65+946bf4c32c/fabric-key-binding-api-v1-c1c451a1-1.0.65+946bf4c32c.jar
[Architectury Transformer DEBUG]  - /Users/arseniyradaev/Documents/IdeaProjects/Effectual/Effectual 1.21.8/.gradle/loom-cache/remapped_mods/remapped/net/fabricmc/fabric-api/fabric-resource-conditions-api-v1-c1c451a1/5.0.25+98e6d6db2c/fabric-resource-conditions-api-v1-c1c451a1-5.0.25+98e6d6db2c.jar
[Architectury Transformer DEBUG]  - /Users/arseniyradaev/Documents/IdeaProjects/Effectual/Effectual 1.21.8/.gradle/loom-cache/remapped_mods/remapped/net/fabricmc/fabric-api/fabric-serialization-api-v1-c1c451a1/1.0.0+fc0e5aba2c/fabric-serialization-api-v1-c1c451a1-1.0.0+fc0e5aba2c.jar
[Architectury Transformer DEBUG]  - /Users/arseniyradaev/Documents/IdeaProjects/Effectual/Effectual 1.21.8/.gradle/loom-cache/remapped_mods/remapped/net/fabricmc/fabric-api/fabric-sound-api-v1-c1c451a1/1.0.42+946bf4c32c/fabric-sound-api-v1-c1c451a1-1.0.42+946bf4c32c.jar
[Architectury Transformer DEBUG]  - /Users/arseniyradaev/Documents/IdeaProjects/Effectual/Effectual 1.21.8/.gradle/loom-cache/remapped_mods/remapped/net/fabricmc/fabric-api/fabric-transitive-access-wideners-v1-c1c451a1/6.5.0+c847ce762c/fabric-transitive-access-wideners-v1-c1c451a1-6.5.0+c847ce762c.jar
[Architectury Transformer DEBUG]  - /Users/arseniyradaev/Documents/IdeaProjects/Effectual/Effectual 1.21.8/.gradle/loom-cache/remapped_mods/remapped/me/shedaniel/cloth/cloth-config-fabric-c1c451a1/19.0.147/cloth-config-fabric-c1c451a1-19.0.147-fabric.jar
[Architectury Transformer DEBUG]  - /Users/arseniyradaev/Documents/IdeaProjects/Effectual/Effectual 1.21.8/.gradle/loom-cache/remapped_mods/remapped/com/terraformersmc/modmenu-c1c451a1/15.0.0/modmenu-c1c451a1-15.0.0.jar
[Architectury Transformer DEBUG]  - /Users/arseniyradaev/Documents/IdeaProjects/Effectual/Effectual 1.21.8/.gradle/loom-cache/remapped_mods/remapped/me/shedaniel/cloth/basic-math-c1c451a1/0.6.1/basic-math-c1c451a1-0.6.1.jar
[Architectury Transformer] Read classpath in 1.376 s
[Architectury Transformer DEBUG] Closed File Systems for /Users/arseniyradaev/Documents/IdeaProjects/Effectual/Effectual 1.21.8/common/build/devlibs/effectual-common-1.3.0-1.21.8-dev.jar
[Architectury Transformer DEBUG] Transforming 5 transformer(s) from /Users/arseniyradaev/Documents/IdeaProjects/Effectual/Effectual 1.21.8/common/build/devlibs/effectual-common-1.3.0-1.21.8-dev.jar to /var/folders/b_/cxn8yk8s5pl079xlzj6txdjm0000gn/T/9995555679327297852.jar: 
[Architectury Transformer DEBUG]  - dev.architectury.transformer.transformers.RuntimeMixinRefmapDetector@1b68b9a4
[Architectury Transformer DEBUG]  - dev.architectury.transformer.transformers.GenerateFakeFabricMod@4f9a3314
[Architectury Transformer DEBUG]  - dev.architectury.transformer.transformers.TransformExpectPlatform@3b2c72c2
[Architectury Transformer DEBUG]  - dev.architectury.transformer.transformers.RemapInjectables@491666ad
[Architectury Transformer DEBUG]  - dev.architectury.transformer.transformers.TransformPlatformOnly@176d53b2
[Architectury Transformer DEBUG] Transforming from /Users/arseniyradaev/Documents/IdeaProjects/Effectual/Effectual 1.21.8/common/build/devlibs/effectual-common-1.3.0-1.21.8-dev.jar to /var/folders/b_/cxn8yk8s5pl079xlzj6txdjm0000gn/T/9995555679327297852.jar with 5 transformer(s) on dev.architectury.transformer.handler.SimpleTransformerHandler
[Architectury Transformer DEBUG] Found class transformer
[Architectury Transformer DEBUG] Writing com/imeetake/effectual/ModParticles$9 with maxs=true frames=true
[Architectury Transformer DEBUG] Writing com/imeetake/effectual/ModParticles$8 with maxs=true frames=true
[Architectury Transformer DEBUG] Writing com/imeetake/effectual/EffectualClient with maxs=true frames=true
[Architectury Transformer DEBUG] Writing com/imeetake/effectual/mixin/BlockPlaceMixin with maxs=true frames=true
[Architectury Transformer DEBUG] Writing com/imeetake/effectual/mixin/EntityMixin with maxs=true frames=true
[Architectury Transformer DEBUG] Writing com/imeetake/effectual/mixin/MetalHitMixin with maxs=true frames=true
[Architectury Transformer DEBUG] Writing com/imeetake/effectual/mixin/CampfireBlockMixin with maxs=true frames=true
[Architectury Transformer DEBUG] Writing com/imeetake/effectual/Effectual with maxs=true frames=true
[Architectury Transformer DEBUG] Writing com/imeetake/effectual/ModParticles with maxs=true frames=true
[Architectury Transformer DEBUG] Writing com/imeetake/effectual/ModParticles$2 with maxs=true frames=true
[Architectury Transformer DEBUG] Writing com/imeetake/effectual/EffectRegistry with maxs=true frames=true
[Architectury Transformer DEBUG] Writing com/imeetake/effectual/EffectualConfig with maxs=true frames=true
[Architectury Transformer DEBUG] Writing com/imeetake/effectual/ModParticles$6 with maxs=true frames=true
[Architectury Transformer DEBUG] Writing com/imeetake/effectual/ModParticles$4 with maxs=true frames=true
[Architectury Transformer DEBUG] Writing com/imeetake/effectual/ModParticles$3 with maxs=true frames=true
[Architectury Transformer DEBUG] Writing com/imeetake/effectual/ModParticles$1 with maxs=true frames=true
[Architectury Transformer DEBUG] Writing com/imeetake/effectual/effects/AirTrail/AirTrailEffect with maxs=true frames=true
[Architectury Transformer DEBUG] Writing com/imeetake/effectual/effects/AirTrail/AirTrailParticle with maxs=true frames=true
[Architectury Transformer DEBUG] Writing com/imeetake/effectual/effects/MouthSteam/MouthSteamEffect$MovementState with maxs=true frames=true
[Architectury Transformer DEBUG] Writing com/imeetake/effectual/effects/MouthSteam/MouthSteamParticleFactory with maxs=true frames=true
[Architectury Transformer DEBUG] Writing com/imeetake/effectual/effects/MouthSteam/MouthSteamParticle with maxs=true frames=true
[Architectury Transformer DEBUG] Writing com/imeetake/effectual/effects/MouthSteam/MouthSteamEffect with maxs=true frames=true
[Architectury Transformer DEBUG] Writing com/imeetake/effectual/effects/GoldGlow/GoldGlowParticle with maxs=true frames=true
[Architectury Transformer DEBUG] Writing com/imeetake/effectual/effects/GoldGlow/LanternGlowEffect with maxs=true frames=true
[Architectury Transformer DEBUG] Writing com/imeetake/effectual/effects/GoldGlow/TorchGlowEffect with maxs=true frames=true
[Architectury Transformer DEBUG] Writing com/imeetake/effectual/effects/PlayerRunEffect/RunDustParticle with maxs=true frames=true
[Architectury Transformer DEBUG] Writing com/imeetake/effectual/effects/PlayerRunEffect/DustParticles/RedSandDustParticle$Factory with maxs=true frames=true
[Architectury Transformer DEBUG] Writing com/imeetake/effectual/effects/PlayerRunEffect/DustParticles/MudDustParticle$Factory with maxs=true frames=true
[Architectury Transformer DEBUG] Writing com/imeetake/effectual/effects/PlayerRunEffect/DustParticles/GravelDustParticle with maxs=true frames=true
[Architectury Transformer DEBUG] Writing com/imeetake/effectual/effects/PlayerRunEffect/DustParticles/GravelDustParticle$Factory with maxs=true frames=true
[Architectury Transformer DEBUG] Writing com/imeetake/effectual/effects/PlayerRunEffect/DustParticles/SandDustParticle$Factory with maxs=true frames=true
[Architectury Transformer DEBUG] Writing com/imeetake/effectual/effects/PlayerRunEffect/DustParticles/SandDustParticle with maxs=true frames=true
[Architectury Transformer DEBUG] Writing com/imeetake/effectual/effects/PlayerRunEffect/DustParticles/RedSandDustParticle with maxs=true frames=true
[Architectury Transformer DEBUG] Writing com/imeetake/effectual/effects/PlayerRunEffect/DustParticles/MudDustParticle with maxs=true frames=true
[Architectury Transformer DEBUG] Writing com/imeetake/effectual/effects/PlayerRunEffect/DustParticles/SnowDustParticle$Factory with maxs=true frames=true
[Architectury Transformer DEBUG] Writing com/imeetake/effectual/effects/PlayerRunEffect/DustParticles/SnowDustParticle with maxs=true frames=true
[Architectury Transformer DEBUG] Writing com/imeetake/effectual/effects/PlayerRunEffect/RunDustParticle$Weight with maxs=true frames=true
[Architectury Transformer DEBUG] Writing com/imeetake/effectual/effects/PlayerRunEffect/PlayerRunEffect with maxs=true frames=true
[Architectury Transformer DEBUG] Writing com/imeetake/effectual/effects/CauldronFill/CauldronFillEffect$Kind with maxs=true frames=true
[Architectury Transformer DEBUG] Writing com/imeetake/effectual/effects/CauldronFill/CauldronFillEffect$Snapshot with maxs=true frames=true
[Architectury Transformer DEBUG] Writing com/imeetake/effectual/effects/CauldronFill/CauldronFillEffect with maxs=true frames=true
[Architectury Transformer DEBUG] Writing com/imeetake/effectual/effects/Sparks/CampfireImprovements with maxs=true frames=true
[Architectury Transformer DEBUG] Writing com/imeetake/effectual/effects/Sparks/FurnaceSparksEffect with maxs=true frames=true
[Architectury Transformer DEBUG] Writing com/imeetake/effectual/effects/Sparks/FireImprovements with maxs=true frames=true
[Architectury Transformer DEBUG] Writing com/imeetake/effectual/effects/Sparks/SparkParticle with maxs=true frames=true
[Architectury Transformer DEBUG] Writing com/imeetake/effectual/effects/SparksSoul/SoulSparkParticle with maxs=true frames=true
[Architectury Transformer DEBUG] Writing com/imeetake/effectual/effects/SparksSoul/SoulFireImprovements with maxs=true frames=true
[Architectury Transformer DEBUG] Writing com/imeetake/effectual/effects/SparksSoul/SoulCampfireImprovements with maxs=true frames=true
[Architectury Transformer DEBUG] Writing com/imeetake/effectual/effects/SoulGlow/SoulLanternGlowEffect with maxs=true frames=true
[Architectury Transformer DEBUG] Writing com/imeetake/effectual/effects/SoulGlow/SoulGlowParticle with maxs=true frames=true
[Architectury Transformer DEBUG] Writing com/imeetake/effectual/effects/SoulGlow/SoulTorchGlowEffect with maxs=true frames=true
[Architectury Transformer DEBUG] Writing com/imeetake/effectual/effects/MetalSparks/MetalSparkParticle$Factory with maxs=true frames=true
[Architectury Transformer DEBUG] Writing com/imeetake/effectual/effects/MetalSparks/SparksCartEffect with maxs=true frames=true
[Architectury Transformer DEBUG] Writing com/imeetake/effectual/effects/MetalSparks/MetalSparkParticle with maxs=true frames=true
[Architectury Transformer DEBUG] Writing com/imeetake/effectual/effects/CaveDust/CaveDustEffect with maxs=true frames=true
[Architectury Transformer DEBUG] Writing com/imeetake/effectual/effects/Bubbles/BubbleChestEffect with maxs=true frames=true
[Architectury Transformer DEBUG] Writing com/imeetake/effectual/effects/Bubbles/BubbleBreathEffect with maxs=true frames=true
[Architectury Transformer DEBUG] Writing com/imeetake/effectual/effects/Bubbles/BubblePotsEffect with maxs=true frames=true
[Architectury Transformer DEBUG] Writing com/imeetake/effectual/effects/StripEffect/StripEffect with maxs=true frames=true
[Architectury Transformer DEBUG] Writing com/imeetake/effectual/effects/StripEffect/StripEffect$Pending with maxs=true frames=true
[Architectury Transformer DEBUG] Writing com/imeetake/effectual/effects/WitherDecay/WitherDecayEffect with maxs=true frames=true
[Architectury Transformer DEBUG] Writing com/imeetake/effectual/effects/FireEntitySparks/EntitySparkParticle with maxs=true frames=true
[Architectury Transformer DEBUG] Writing com/imeetake/effectual/effects/FireEntitySparks/FireEntitySparksEffect with maxs=true frames=true
[Architectury Transformer DEBUG] Writing com/imeetake/effectual/effects/FireEntitySparks/EntitySparkParticle$Factory with maxs=true frames=true
[Architectury Transformer DEBUG] Writing com/imeetake/effectual/effects/WaterDrip/WaterDripParticle with maxs=true frames=true
[Architectury Transformer DEBUG] Writing com/imeetake/effectual/effects/WaterDrip/WaterDripEffect with maxs=true frames=true
[Architectury Transformer DEBUG] Writing com/imeetake/effectual/effects/WaterDrip/WaterDripParticleFactory with maxs=true frames=true
[Architectury Transformer DEBUG] Writing com/imeetake/effectual/effects/SteamEffect/SteamEffect with maxs=true frames=true
[Architectury Transformer DEBUG] Writing com/imeetake/effectual/ModParticles$5 with maxs=true frames=true
[Architectury Transformer DEBUG] Writing com/imeetake/effectual/ModParticles$7 with maxs=true frames=true
[Architectury Transformer DEBUG] Checking whether /effectual-common-common-refmap.json is a mixin config.
[Architectury Transformer DEBUG] Checking whether /effectual.mixins.json is a mixin config.
[Architectury Transformer DEBUG] Closed File Systems for /var/folders/b_/cxn8yk8s5pl079xlzj6txdjm0000gn/T/9995555679327297852.jar
[Architectury Transformer] Listening at /Users/arseniyradaev/Documents/IdeaProjects/Effectual/Effectual 1.21.8/common/build/devlibs/effectual-common-1.3.0-1.21.8-dev.jar
[Architectury Transformer DEBUG] Temporary jar [/var/folders/b_/cxn8yk8s5pl079xlzj6txdjm0000gn/T/9995555679327297852.jar] contains packages: com.imeetake.effectual.effects.CauldronFill, com.imeetake.effectual, com.imeetake.effectual.mixin, com.imeetake.effectual.effects.AirTrail, com.imeetake.effectual.effects.PlayerRunEffect, com.imeetake.effectual.effects.StripEffect, com.imeetake.effectual.effects.SoulGlow, com.imeetake.effectual.effects.SteamEffect, com.imeetake.effectual.effects.FireEntitySparks, com.imeetake.effectual.effects.WaterDrip, com.imeetake.effectual.effects.CaveDust, com.imeetake.effectual.effects.MetalSparks, com.imeetake.effectual.effects.SparksSoul, com.imeetake.effectual.effects.Bubbles, com.imeetake.effectual.effects.Sparks, com.imeetake.effectual.effects.MouthSteam, com.imeetake.effectual.effects.WitherDecay, com.imeetake.effectual.effects.GoldGlow, com.imeetake.effectual.effects.PlayerRunEffect.DustParticles
[Architectury Transformer DEBUG] Closed File Systems for /Users/arseniyradaev/Documents/IdeaProjects/Effectual/Effectual 1.21.8/common/build/devlibs/effectual-common-1.3.0-1.21.8-dev.jar
[Architectury Transformer DEBUG] Classpath entry [/Users/arseniyradaev/Documents/IdeaProjects/Effectual/Effectual 1.21.8/fabric/build/classes/java/main] contains packages: com.imeetake.effectual.fabric, com.imeetake.effectual.fabric.client
[Architectury Transformer DEBUG] Classpath entry [/Users/arseniyradaev/Documents/IdeaProjects/Effectual/Effectual 1.21.8/fabric/build/resources/main] contains packages: 
[Architectury Transformer DEBUG] Transforming from com/imeetake/effectual/Effectual.class to com/imeetake/effectual/Effectual.class with 5 transformer(s) on dev.architectury.transformer.handler.TinyRemapperPreparedTransformerHandler
[Architectury Transformer DEBUG] Found class transformer
[Architectury Transformer DEBUG] Writing com/imeetake/effectual/Effectual with maxs=true frames=true
[Architectury Transformer DEBUG] Transformed com/imeetake/effectual/Effectual in 1.544 ms
[Architectury Transformer DEBUG] Transforming from com/imeetake/effectual/EffectualConfig.class to com/imeetake/effectual/EffectualConfig.class with 5 transformer(s) on dev.architectury.transformer.handler.TinyRemapperPreparedTransformerHandler
[Architectury Transformer DEBUG] Found class transformer
[Architectury Transformer DEBUG] Writing com/imeetake/effectual/EffectualConfig with maxs=true frames=true
[Architectury Transformer DEBUG] Transformed com/imeetake/effectual/EffectualConfig in 446.2 μs
[Architectury Transformer DEBUG] Transforming from com/imeetake/effectual/EffectualClient.class to com/imeetake/effectual/EffectualClient.class with 5 transformer(s) on dev.architectury.transformer.handler.TinyRemapperPreparedTransformerHandler
[Architectury Transformer DEBUG] Found class transformer
[Architectury Transformer DEBUG] Writing com/imeetake/effectual/EffectualClient with maxs=true frames=true
[Architectury Transformer DEBUG] Transformed com/imeetake/effectual/EffectualClient in 240.8 μs
[Architectury Transformer DEBUG] Transforming from com/imeetake/effectual/EffectRegistry.class to com/imeetake/effectual/EffectRegistry.class with 5 transformer(s) on dev.architectury.transformer.handler.TinyRemapperPreparedTransformerHandler
[Architectury Transformer DEBUG] Found class transformer
[Architectury Transformer DEBUG] Writing com/imeetake/effectual/EffectRegistry with maxs=true frames=true
[Architectury Transformer DEBUG] Transformed com/imeetake/effectual/EffectRegistry in 244.2 μs
[Architectury Transformer DEBUG] Transforming from com/imeetake/effectual/effects/Bubbles/BubbleBreathEffect.class to com/imeetake/effectual/effects/Bubbles/BubbleBreathEffect.class with 5 transformer(s) on dev.architectury.transformer.handler.TinyRemapperPreparedTransformerHandler
[Architectury Transformer DEBUG] Found class transformer
[Architectury Transformer DEBUG] Writing com/imeetake/effectual/effects/Bubbles/BubbleBreathEffect with maxs=true frames=true
[Architectury Transformer DEBUG] Transformed com/imeetake/effectual/effects/Bubbles/BubbleBreathEffect in 758.5 μs
[Architectury Transformer DEBUG] Transforming from com/imeetake/effectual/effects/Bubbles/BubbleChestEffect.class to com/imeetake/effectual/effects/Bubbles/BubbleChestEffect.class with 5 transformer(s) on dev.architectury.transformer.handler.TinyRemapperPreparedTransformerHandler
[Architectury Transformer DEBUG] Found class transformer
[Architectury Transformer DEBUG] Writing com/imeetake/effectual/effects/Bubbles/BubbleChestEffect with maxs=true frames=true
[Architectury Transformer DEBUG] Transformed com/imeetake/effectual/effects/Bubbles/BubbleChestEffect in 526.8 μs
[Architectury Transformer DEBUG] Transforming from com/imeetake/effectual/effects/Bubbles/BubblePotsEffect.class to com/imeetake/effectual/effects/Bubbles/BubblePotsEffect.class with 5 transformer(s) on dev.architectury.transformer.handler.TinyRemapperPreparedTransformerHandler
[Architectury Transformer DEBUG] Found class transformer
[Architectury Transformer DEBUG] Writing com/imeetake/effectual/effects/Bubbles/BubblePotsEffect with maxs=true frames=true
[Architectury Transformer DEBUG] Transformed com/imeetake/effectual/effects/Bubbles/BubblePotsEffect in 259.9 μs
[Architectury Transformer DEBUG] Transforming from com/imeetake/effectual/effects/CauldronFill/CauldronFillEffect.class to com/imeetake/effectual/effects/CauldronFill/CauldronFillEffect.class with 5 transformer(s) on dev.architectury.transformer.handler.TinyRemapperPreparedTransformerHandler
[Architectury Transformer DEBUG] Found class transformer
[Architectury Transformer DEBUG] Writing com/imeetake/effectual/effects/CauldronFill/CauldronFillEffect with maxs=true frames=true
[Architectury Transformer DEBUG] Transformed com/imeetake/effectual/effects/CauldronFill/CauldronFillEffect in 692.6 μs
[Architectury Transformer DEBUG] Transforming from com/imeetake/effectual/effects/CaveDust/CaveDustEffect.class to com/imeetake/effectual/effects/CaveDust/CaveDustEffect.class with 5 transformer(s) on dev.architectury.transformer.handler.TinyRemapperPreparedTransformerHandler
[Architectury Transformer DEBUG] Found class transformer
[Architectury Transformer DEBUG] Writing com/imeetake/effectual/effects/CaveDust/CaveDustEffect with maxs=true frames=true
[Architectury Transformer DEBUG] Transformed com/imeetake/effectual/effects/CaveDust/CaveDustEffect in 720.2 μs
[Architectury Transformer DEBUG] Transforming from com/imeetake/effectual/effects/PlayerRunEffect/PlayerRunEffect.class to com/imeetake/effectual/effects/PlayerRunEffect/PlayerRunEffect.class with 5 transformer(s) on dev.architectury.transformer.handler.TinyRemapperPreparedTransformerHandler
[Architectury Transformer DEBUG] Found class transformer
[Architectury Transformer DEBUG] Writing com/imeetake/effectual/effects/PlayerRunEffect/PlayerRunEffect with maxs=true frames=true
[Architectury Transformer DEBUG] Transformed com/imeetake/effectual/effects/PlayerRunEffect/PlayerRunEffect in 400.6 μs
[Architectury Transformer DEBUG] Transforming from com/imeetake/effectual/effects/SteamEffect/SteamEffect.class to com/imeetake/effectual/effects/SteamEffect/SteamEffect.class with 5 transformer(s) on dev.architectury.transformer.handler.TinyRemapperPreparedTransformerHandler
[Architectury Transformer DEBUG] Found class transformer
[Architectury Transformer DEBUG] Writing com/imeetake/effectual/effects/SteamEffect/SteamEffect with maxs=true frames=true
[Architectury Transformer DEBUG] Transformed com/imeetake/effectual/effects/SteamEffect/SteamEffect in 356.5 μs
[Architectury Transformer DEBUG] Transforming from com/imeetake/effectual/effects/StripEffect/StripEffect.class to com/imeetake/effectual/effects/StripEffect/StripEffect.class with 5 transformer(s) on dev.architectury.transformer.handler.TinyRemapperPreparedTransformerHandler
[Architectury Transformer DEBUG] Found class transformer
[Architectury Transformer DEBUG] Writing com/imeetake/effectual/effects/StripEffect/StripEffect with maxs=true frames=true
[Architectury Transformer DEBUG] Transformed com/imeetake/effectual/effects/StripEffect/StripEffect in 445.4 μs
[Architectury Transformer DEBUG] Transforming from com/imeetake/effectual/effects/WitherDecay/WitherDecayEffect.class to com/imeetake/effectual/effects/WitherDecay/WitherDecayEffect.class with 5 transformer(s) on dev.architectury.transformer.handler.TinyRemapperPreparedTransformerHandler
[Architectury Transformer DEBUG] Found class transformer
[Architectury Transformer DEBUG] Writing com/imeetake/effectual/effects/WitherDecay/WitherDecayEffect with maxs=true frames=true
[Architectury Transformer DEBUG] Transformed com/imeetake/effectual/effects/WitherDecay/WitherDecayEffect in 320.6 μs
[Architectury Transformer DEBUG] Transforming from com/imeetake/effectual/effects/MouthSteam/MouthSteamEffect.class to com/imeetake/effectual/effects/MouthSteam/MouthSteamEffect.class with 5 transformer(s) on dev.architectury.transformer.handler.TinyRemapperPreparedTransformerHandler
[Architectury Transformer DEBUG] Found class transformer
[Architectury Transformer DEBUG] Writing com/imeetake/effectual/effects/MouthSteam/MouthSteamEffect with maxs=true frames=true
[Architectury Transformer DEBUG] Transformed com/imeetake/effectual/effects/MouthSteam/MouthSteamEffect in 338.5 μs
[Architectury Transformer DEBUG] Transforming from com/imeetake/effectual/effects/WaterDrip/WaterDripEffect.class to com/imeetake/effectual/effects/WaterDrip/WaterDripEffect.class with 5 transformer(s) on dev.architectury.transformer.handler.TinyRemapperPreparedTransformerHandler
[Architectury Transformer DEBUG] Found class transformer
[Architectury Transformer DEBUG] Writing com/imeetake/effectual/effects/WaterDrip/WaterDripEffect with maxs=true frames=true
[Architectury Transformer DEBUG] Transformed com/imeetake/effectual/effects/WaterDrip/WaterDripEffect in 289.6 μs
[Architectury Transformer DEBUG] Transforming from com/imeetake/effectual/effects/AirTrail/AirTrailEffect.class to com/imeetake/effectual/effects/AirTrail/AirTrailEffect.class with 5 transformer(s) on dev.architectury.transformer.handler.TinyRemapperPreparedTransformerHandler
[Architectury Transformer DEBUG] Found class transformer
[Architectury Transformer DEBUG] Writing com/imeetake/effectual/effects/AirTrail/AirTrailEffect with maxs=true frames=true
[Architectury Transformer DEBUG] Transformed com/imeetake/effectual/effects/AirTrail/AirTrailEffect in 313.1 μs
[Architectury Transformer DEBUG] Transforming from com/imeetake/effectual/effects/GoldGlow/TorchGlowEffect.class to com/imeetake/effectual/effects/GoldGlow/TorchGlowEffect.class with 5 transformer(s) on dev.architectury.transformer.handler.TinyRemapperPreparedTransformerHandler
[Architectury Transformer DEBUG] Found class transformer
[Architectury Transformer DEBUG] Writing com/imeetake/effectual/effects/GoldGlow/TorchGlowEffect with maxs=true frames=true
[Architectury Transformer DEBUG] Transformed com/imeetake/effectual/effects/GoldGlow/TorchGlowEffect in 253.5 μs
[Architectury Transformer DEBUG] Transforming from com/imeetake/effectual/effects/GoldGlow/LanternGlowEffect.class to com/imeetake/effectual/effects/GoldGlow/LanternGlowEffect.class with 5 transformer(s) on dev.architectury.transformer.handler.TinyRemapperPreparedTransformerHandler
[Architectury Transformer DEBUG] Found class transformer
[Architectury Transformer DEBUG] Writing com/imeetake/effectual/effects/GoldGlow/LanternGlowEffect with maxs=true frames=true
[Architectury Transformer DEBUG] Transformed com/imeetake/effectual/effects/GoldGlow/LanternGlowEffect in 221.3 μs
[Architectury Transformer DEBUG] Transforming from com/imeetake/effectual/effects/SoulGlow/SoulTorchGlowEffect.class to com/imeetake/effectual/effects/SoulGlow/SoulTorchGlowEffect.class with 5 transformer(s) on dev.architectury.transformer.handler.TinyRemapperPreparedTransformerHandler
[Architectury Transformer DEBUG] Found class transformer
[Architectury Transformer DEBUG] Writing com/imeetake/effectual/effects/SoulGlow/SoulTorchGlowEffect with maxs=true frames=true
[Architectury Transformer DEBUG] Transformed com/imeetake/effectual/effects/SoulGlow/SoulTorchGlowEffect in 311.7 μs
[Architectury Transformer DEBUG] Transforming from com/imeetake/effectual/effects/SoulGlow/SoulLanternGlowEffect.class to com/imeetake/effectual/effects/SoulGlow/SoulLanternGlowEffect.class with 5 transformer(s) on dev.architectury.transformer.handler.TinyRemapperPreparedTransformerHandler
[Architectury Transformer DEBUG] Found class transformer
[Architectury Transformer DEBUG] Writing com/imeetake/effectual/effects/SoulGlow/SoulLanternGlowEffect with maxs=true frames=true
[Architectury Transformer DEBUG] Transformed com/imeetake/effectual/effects/SoulGlow/SoulLanternGlowEffect in 307.3 μs
[Architectury Transformer DEBUG] Transforming from com/imeetake/effectual/effects/Sparks/FurnaceSparksEffect.class to com/imeetake/effectual/effects/Sparks/FurnaceSparksEffect.class with 5 transformer(s) on dev.architectury.transformer.handler.TinyRemapperPreparedTransformerHandler
[Architectury Transformer DEBUG] Found class transformer
[Architectury Transformer DEBUG] Writing com/imeetake/effectual/effects/Sparks/FurnaceSparksEffect with maxs=true frames=true
[Architectury Transformer DEBUG] Transformed com/imeetake/effectual/effects/Sparks/FurnaceSparksEffect in 295.7 μs
[Architectury Transformer DEBUG] Transforming from com/imeetake/effectual/effects/Sparks/FireImprovements.class to com/imeetake/effectual/effects/Sparks/FireImprovements.class with 5 transformer(s) on dev.architectury.transformer.handler.TinyRemapperPreparedTransformerHandler
[Architectury Transformer DEBUG] Found class transformer
[Architectury Transformer DEBUG] Writing com/imeetake/effectual/effects/Sparks/FireImprovements with maxs=true frames=true
[Architectury Transformer DEBUG] Transformed com/imeetake/effectual/effects/Sparks/FireImprovements in 374.2 μs
[Architectury Transformer DEBUG] Transforming from com/imeetake/effectual/effects/MetalSparks/SparksCartEffect.class to com/imeetake/effectual/effects/MetalSparks/SparksCartEffect.class with 5 transformer(s) on dev.architectury.transformer.handler.TinyRemapperPreparedTransformerHandler
[Architectury Transformer DEBUG] Found class transformer
[Architectury Transformer DEBUG] Writing com/imeetake/effectual/effects/MetalSparks/SparksCartEffect with maxs=true frames=true
[Architectury Transformer DEBUG] Transformed com/imeetake/effectual/effects/MetalSparks/SparksCartEffect in 335.1 μs
[Architectury Transformer DEBUG] Transforming from com/imeetake/effectual/effects/SparksSoul/SoulFireImprovements.class to com/imeetake/effectual/effects/SparksSoul/SoulFireImprovements.class with 5 transformer(s) on dev.architectury.transformer.handler.TinyRemapperPreparedTransformerHandler
[Architectury Transformer DEBUG] Found class transformer
[Architectury Transformer DEBUG] Writing com/imeetake/effectual/effects/SparksSoul/SoulFireImprovements with maxs=true frames=true
[Architectury Transformer DEBUG] Transformed com/imeetake/effectual/effects/SparksSoul/SoulFireImprovements in 336.6 μs
[Architectury Transformer DEBUG] Transforming from com/imeetake/effectual/ModParticles.class to com/imeetake/effectual/ModParticles.class with 5 transformer(s) on dev.architectury.transformer.handler.TinyRemapperPreparedTransformerHandler
[Architectury Transformer DEBUG] Found class transformer
[Architectury Transformer DEBUG] Writing com/imeetake/effectual/ModParticles with maxs=true frames=true
[Architectury Transformer DEBUG] Transformed com/imeetake/effectual/ModParticles in 539.9 μs
[Architectury Transformer DEBUG] Transforming from com/imeetake/effectual/ModParticles$8.class to com/imeetake/effectual/ModParticles$8.class with 5 transformer(s) on dev.architectury.transformer.handler.TinyRemapperPreparedTransformerHandler
[Architectury Transformer DEBUG] Found class transformer
[Architectury Transformer DEBUG] Writing com/imeetake/effectual/ModParticles$8 with maxs=true frames=true
[Architectury Transformer DEBUG] Transformed com/imeetake/effectual/ModParticles$8 in 146.2 μs
[Architectury Transformer DEBUG] Transforming from com/imeetake/effectual/ModParticles$9.class to com/imeetake/effectual/ModParticles$9.class with 5 transformer(s) on dev.architectury.transformer.handler.TinyRemapperPreparedTransformerHandler
[Architectury Transformer DEBUG] Found class transformer
[Architectury Transformer DEBUG] Writing com/imeetake/effectual/ModParticles$9 with maxs=true frames=true
[Architectury Transformer DEBUG] Transformed com/imeetake/effectual/ModParticles$9 in 106.1 μs
[Architectury Transformer DEBUG] Transforming from com/imeetake/effectual/ModParticles$7.class to com/imeetake/effectual/ModParticles$7.class with 5 transformer(s) on dev.architectury.transformer.handler.TinyRemapperPreparedTransformerHandler
[Architectury Transformer DEBUG] Found class transformer
[Architectury Transformer DEBUG] Writing com/imeetake/effectual/ModParticles$7 with maxs=true frames=true
[Architectury Transformer DEBUG] Transformed com/imeetake/effectual/ModParticles$7 in 98.21 μs
[Architectury Transformer DEBUG] Transforming from com/imeetake/effectual/ModParticles$6.class to com/imeetake/effectual/ModParticles$6.class with 5 transformer(s) on dev.architectury.transformer.handler.TinyRemapperPreparedTransformerHandler
[Architectury Transformer DEBUG] Found class transformer
[Architectury Transformer DEBUG] Writing com/imeetake/effectual/ModParticles$6 with maxs=true frames=true
[Architectury Transformer DEBUG] Transformed com/imeetake/effectual/ModParticles$6 in 104.4 μs
[Architectury Transformer DEBUG] Transforming from com/imeetake/effectual/ModParticles$5.class to com/imeetake/effectual/ModParticles$5.class with 5 transformer(s) on dev.architectury.transformer.handler.TinyRemapperPreparedTransformerHandler
[Architectury Transformer DEBUG] Found class transformer
[Architectury Transformer DEBUG] Writing com/imeetake/effectual/ModParticles$5 with maxs=true frames=true
[Architectury Transformer DEBUG] Transformed com/imeetake/effectual/ModParticles$5 in 99.00 μs
[Architectury Transformer DEBUG] Transforming from com/imeetake/effectual/ModParticles$4.class to com/imeetake/effectual/ModParticles$4.class with 5 transformer(s) on dev.architectury.transformer.handler.TinyRemapperPreparedTransformerHandler
[Architectury Transformer DEBUG] Found class transformer
[Architectury Transformer DEBUG] Writing com/imeetake/effectual/ModParticles$4 with maxs=true frames=true
[Architectury Transformer DEBUG] Transformed com/imeetake/effectual/ModParticles$4 in 103.0 μs
[Architectury Transformer DEBUG] Transforming from com/imeetake/effectual/ModParticles$3.class to com/imeetake/effectual/ModParticles$3.class with 5 transformer(s) on dev.architectury.transformer.handler.TinyRemapperPreparedTransformerHandler
[Architectury Transformer DEBUG] Found class transformer
[Architectury Transformer DEBUG] Writing com/imeetake/effectual/ModParticles$3 with maxs=true frames=true
[Architectury Transformer DEBUG] Transformed com/imeetake/effectual/ModParticles$3 in 95.58 μs
[Architectury Transformer DEBUG] Transforming from com/imeetake/effectual/ModParticles$1.class to com/imeetake/effectual/ModParticles$1.class with 5 transformer(s) on dev.architectury.transformer.handler.TinyRemapperPreparedTransformerHandler
[Architectury Transformer DEBUG] Found class transformer
[Architectury Transformer DEBUG] Writing com/imeetake/effectual/ModParticles$1 with maxs=true frames=true
[Architectury Transformer DEBUG] Transformed com/imeetake/effectual/ModParticles$1 in 102.3 μs
[Architectury Transformer DEBUG] Transforming from com/imeetake/effectual/ModParticles$2.class to com/imeetake/effectual/ModParticles$2.class with 5 transformer(s) on dev.architectury.transformer.handler.TinyRemapperPreparedTransformerHandler
[Architectury Transformer DEBUG] Found class transformer
[Architectury Transformer DEBUG] Writing com/imeetake/effectual/ModParticles$2 with maxs=true frames=true
[Architectury Transformer DEBUG] Transformed com/imeetake/effectual/ModParticles$2 in 106.6 μs
[Architectury Transformer DEBUG] Transforming from com/imeetake/effectual/effects/SparksSoul/SoulSparkParticle.class to com/imeetake/effectual/effects/SparksSoul/SoulSparkParticle.class with 5 transformer(s) on dev.architectury.transformer.handler.TinyRemapperPreparedTransformerHandler
[Architectury Transformer DEBUG] Found class transformer
[Architectury Transformer DEBUG] Writing com/imeetake/effectual/effects/SparksSoul/SoulSparkParticle with maxs=true frames=true
[Architectury Transformer DEBUG] Transformed com/imeetake/effectual/effects/SparksSoul/SoulSparkParticle in 745.8 μs
[Architectury Transformer DEBUG] Transforming from com/imeetake/effectual/effects/Sparks/SparkParticle.class to com/imeetake/effectual/effects/Sparks/SparkParticle.class with 5 transformer(s) on dev.architectury.transformer.handler.TinyRemapperPreparedTransformerHandler
[Architectury Transformer DEBUG] Found class transformer
[Architectury Transformer DEBUG] Writing com/imeetake/effectual/effects/Sparks/SparkParticle with maxs=true frames=true
[Architectury Transformer DEBUG] Transformed com/imeetake/effectual/effects/Sparks/SparkParticle in 446.9 μs
[Architectury Transformer DEBUG] Transforming from com/imeetake/effectual/effects/SoulGlow/SoulGlowParticle.class to com/imeetake/effectual/effects/SoulGlow/SoulGlowParticle.class with 5 transformer(s) on dev.architectury.transformer.handler.TinyRemapperPreparedTransformerHandler
[Architectury Transformer DEBUG] Found class transformer
[Architectury Transformer DEBUG] Writing com/imeetake/effectual/effects/SoulGlow/SoulGlowParticle with maxs=true frames=true
[Architectury Transformer DEBUG] Transformed com/imeetake/effectual/effects/SoulGlow/SoulGlowParticle in 497.9 μs
[Architectury Transformer DEBUG] Transforming from com/imeetake/effectual/effects/GoldGlow/GoldGlowParticle.class to com/imeetake/effectual/effects/GoldGlow/GoldGlowParticle.class with 5 transformer(s) on dev.architectury.transformer.handler.TinyRemapperPreparedTransformerHandler
[Architectury Transformer DEBUG] Found class transformer
[Architectury Transformer DEBUG] Writing com/imeetake/effectual/effects/GoldGlow/GoldGlowParticle with maxs=true frames=true
[Architectury Transformer DEBUG] Transformed com/imeetake/effectual/effects/GoldGlow/GoldGlowParticle in 651.3 μs
[Architectury Transformer DEBUG] Transforming from com/imeetake/effectual/effects/AirTrail/AirTrailParticle.class to com/imeetake/effectual/effects/AirTrail/AirTrailParticle.class with 5 transformer(s) on dev.architectury.transformer.handler.TinyRemapperPreparedTransformerHandler
[Architectury Transformer DEBUG] Found class transformer
[Architectury Transformer DEBUG] Writing com/imeetake/effectual/effects/AirTrail/AirTrailParticle with maxs=true frames=true
[Architectury Transformer DEBUG] Transformed com/imeetake/effectual/effects/AirTrail/AirTrailParticle in 312.2 μs
[Architectury Transformer DEBUG] Transforming from com/imeetake/effectual/effects/PlayerRunEffect/DustParticles/SandDustParticle$Factory.class to com/imeetake/effectual/effects/PlayerRunEffect/DustParticles/SandDustParticle$Factory.class with 5 transformer(s) on dev.architectury.transformer.handler.TinyRemapperPreparedTransformerHandler
[Architectury Transformer DEBUG] Found class transformer
[Architectury Transformer DEBUG] Writing com/imeetake/effectual/effects/PlayerRunEffect/DustParticles/SandDustParticle$Factory with maxs=true frames=true
[Architectury Transformer DEBUG] Transformed com/imeetake/effectual/effects/PlayerRunEffect/DustParticles/SandDustParticle$Factory in 370.8 μs
[Architectury Transformer DEBUG] Transforming from com/imeetake/effectual/effects/PlayerRunEffect/DustParticles/SandDustParticle.class to com/imeetake/effectual/effects/PlayerRunEffect/DustParticles/SandDustParticle.class with 5 transformer(s) on dev.architectury.transformer.handler.TinyRemapperPreparedTransformerHandler
[Architectury Transformer DEBUG] Found class transformer
[Architectury Transformer DEBUG] Writing com/imeetake/effectual/effects/PlayerRunEffect/DustParticles/SandDustParticle with maxs=true frames=true
[Architectury Transformer DEBUG] Transformed com/imeetake/effectual/effects/PlayerRunEffect/DustParticles/SandDustParticle in 113.8 μs
[Architectury Transformer DEBUG] Transforming from com/imeetake/effectual/effects/PlayerRunEffect/RunDustParticle.class to com/imeetake/effectual/effects/PlayerRunEffect/RunDustParticle.class with 5 transformer(s) on dev.architectury.transformer.handler.TinyRemapperPreparedTransformerHandler
[Architectury Transformer DEBUG] Found class transformer
[Architectury Transformer DEBUG] Writing com/imeetake/effectual/effects/PlayerRunEffect/RunDustParticle with maxs=true frames=true
[Architectury Transformer DEBUG] Transformed com/imeetake/effectual/effects/PlayerRunEffect/RunDustParticle in 240.9 μs
[Architectury Transformer DEBUG] Transforming from com/imeetake/effectual/effects/PlayerRunEffect/DustParticles/RedSandDustParticle$Factory.class to com/imeetake/effectual/effects/PlayerRunEffect/DustParticles/RedSandDustParticle$Factory.class with 5 transformer(s) on dev.architectury.transformer.handler.TinyRemapperPreparedTransformerHandler
[Architectury Transformer DEBUG] Found class transformer
[Architectury Transformer DEBUG] Writing com/imeetake/effectual/effects/PlayerRunEffect/DustParticles/RedSandDustParticle$Factory with maxs=true frames=true
[Architectury Transformer DEBUG] Transformed com/imeetake/effectual/effects/PlayerRunEffect/DustParticles/RedSandDustParticle$Factory in 164.3 μs
[Architectury Transformer DEBUG] Transforming from com/imeetake/effectual/effects/PlayerRunEffect/DustParticles/RedSandDustParticle.class to com/imeetake/effectual/effects/PlayerRunEffect/DustParticles/RedSandDustParticle.class with 5 transformer(s) on dev.architectury.transformer.handler.TinyRemapperPreparedTransformerHandler
[Architectury Transformer DEBUG] Found class transformer
[Architectury Transformer DEBUG] Writing com/imeetake/effectual/effects/PlayerRunEffect/DustParticles/RedSandDustParticle with maxs=true frames=true
[Architectury Transformer DEBUG] Transformed com/imeetake/effectual/effects/PlayerRunEffect/DustParticles/RedSandDustParticle in 102.0 μs
[Architectury Transformer DEBUG] Transforming from com/imeetake/effectual/effects/PlayerRunEffect/DustParticles/SnowDustParticle$Factory.class to com/imeetake/effectual/effects/PlayerRunEffect/DustParticles/SnowDustParticle$Factory.class with 5 transformer(s) on dev.architectury.transformer.handler.TinyRemapperPreparedTransformerHandler
[Architectury Transformer DEBUG] Found class transformer
[Architectury Transformer DEBUG] Writing com/imeetake/effectual/effects/PlayerRunEffect/DustParticles/SnowDustParticle$Factory with maxs=true frames=true
[Architectury Transformer DEBUG] Transformed com/imeetake/effectual/effects/PlayerRunEffect/DustParticles/SnowDustParticle$Factory in 169.5 μs
[Architectury Transformer DEBUG] Transforming from com/imeetake/effectual/effects/PlayerRunEffect/DustParticles/SnowDustParticle.class to com/imeetake/effectual/effects/PlayerRunEffect/DustParticles/SnowDustParticle.class with 5 transformer(s) on dev.architectury.transformer.handler.TinyRemapperPreparedTransformerHandler
[Architectury Transformer DEBUG] Found class transformer
[Architectury Transformer DEBUG] Writing com/imeetake/effectual/effects/PlayerRunEffect/DustParticles/SnowDustParticle with maxs=true frames=true
[Architectury Transformer DEBUG] Transformed com/imeetake/effectual/effects/PlayerRunEffect/DustParticles/SnowDustParticle in 92.25 μs
[Architectury Transformer DEBUG] Transforming from com/imeetake/effectual/effects/PlayerRunEffect/DustParticles/GravelDustParticle$Factory.class to com/imeetake/effectual/effects/PlayerRunEffect/DustParticles/GravelDustParticle$Factory.class with 5 transformer(s) on dev.architectury.transformer.handler.TinyRemapperPreparedTransformerHandler
[Architectury Transformer DEBUG] Found class transformer
[Architectury Transformer DEBUG] Writing com/imeetake/effectual/effects/PlayerRunEffect/DustParticles/GravelDustParticle$Factory with maxs=true frames=true
[Architectury Transformer DEBUG] Transformed com/imeetake/effectual/effects/PlayerRunEffect/DustParticles/GravelDustParticle$Factory in 172.3 μs
[Architectury Transformer DEBUG] Transforming from com/imeetake/effectual/effects/PlayerRunEffect/DustParticles/GravelDustParticle.class to com/imeetake/effectual/effects/PlayerRunEffect/DustParticles/GravelDustParticle.class with 5 transformer(s) on dev.architectury.transformer.handler.TinyRemapperPreparedTransformerHandler
[Architectury Transformer DEBUG] Found class transformer
[Architectury Transformer DEBUG] Writing com/imeetake/effectual/effects/PlayerRunEffect/DustParticles/GravelDustParticle with maxs=true frames=true
[Architectury Transformer DEBUG] Transformed com/imeetake/effectual/effects/PlayerRunEffect/DustParticles/GravelDustParticle in 88.63 μs
[Architectury Transformer DEBUG] Transforming from com/imeetake/effectual/effects/PlayerRunEffect/DustParticles/MudDustParticle$Factory.class to com/imeetake/effectual/effects/PlayerRunEffect/DustParticles/MudDustParticle$Factory.class with 5 transformer(s) on dev.architectury.transformer.handler.TinyRemapperPreparedTransformerHandler
[Architectury Transformer DEBUG] Found class transformer
[Architectury Transformer DEBUG] Writing com/imeetake/effectual/effects/PlayerRunEffect/DustParticles/MudDustParticle$Factory with maxs=true frames=true
[Architectury Transformer DEBUG] Transformed com/imeetake/effectual/effects/PlayerRunEffect/DustParticles/MudDustParticle$Factory in 136.8 μs
[Architectury Transformer DEBUG] Transforming from com/imeetake/effectual/effects/PlayerRunEffect/DustParticles/MudDustParticle.class to com/imeetake/effectual/effects/PlayerRunEffect/DustParticles/MudDustParticle.class with 5 transformer(s) on dev.architectury.transformer.handler.TinyRemapperPreparedTransformerHandler
[Architectury Transformer DEBUG] Found class transformer
[Architectury Transformer DEBUG] Writing com/imeetake/effectual/effects/PlayerRunEffect/DustParticles/MudDustParticle with maxs=true frames=true
[Architectury Transformer DEBUG] Transformed com/imeetake/effectual/effects/PlayerRunEffect/DustParticles/MudDustParticle in 113.8 μs
[Architectury Transformer DEBUG] Transforming from com/imeetake/effectual/effects/MouthSteam/MouthSteamParticleFactory.class to com/imeetake/effectual/effects/MouthSteam/MouthSteamParticleFactory.class with 5 transformer(s) on dev.architectury.transformer.handler.TinyRemapperPreparedTransformerHandler
[Architectury Transformer DEBUG] Found class transformer
[Architectury Transformer DEBUG] Writing com/imeetake/effectual/effects/MouthSteam/MouthSteamParticleFactory with maxs=true frames=true
[Architectury Transformer DEBUG] Transformed com/imeetake/effectual/effects/MouthSteam/MouthSteamParticleFactory in 161.7 μs
[Architectury Transformer DEBUG] Transforming from com/imeetake/effectual/effects/MouthSteam/MouthSteamParticle.class to com/imeetake/effectual/effects/MouthSteam/MouthSteamParticle.class with 5 transformer(s) on dev.architectury.transformer.handler.TinyRemapperPreparedTransformerHandler
[Architectury Transformer DEBUG] Found class transformer
[Architectury Transformer DEBUG] Writing com/imeetake/effectual/effects/MouthSteam/MouthSteamParticle with maxs=true frames=true
[Architectury Transformer DEBUG] Transformed com/imeetake/effectual/effects/MouthSteam/MouthSteamParticle in 195.3 μs
[Architectury Transformer DEBUG] Transforming from com/imeetake/effectual/effects/WaterDrip/WaterDripParticleFactory.class to com/imeetake/effectual/effects/WaterDrip/WaterDripParticleFactory.class with 5 transformer(s) on dev.architectury.transformer.handler.TinyRemapperPreparedTransformerHandler
[Architectury Transformer DEBUG] Found class transformer
[Architectury Transformer DEBUG] Writing com/imeetake/effectual/effects/WaterDrip/WaterDripParticleFactory with maxs=true frames=true
[Architectury Transformer DEBUG] Transformed com/imeetake/effectual/effects/WaterDrip/WaterDripParticleFactory in 168.6 μs
[Architectury Transformer DEBUG] Transforming from com/imeetake/effectual/effects/WaterDrip/WaterDripParticle.class to com/imeetake/effectual/effects/WaterDrip/WaterDripParticle.class with 5 transformer(s) on dev.architectury.transformer.handler.TinyRemapperPreparedTransformerHandler
[Architectury Transformer DEBUG] Found class transformer
[Architectury Transformer DEBUG] Writing com/imeetake/effectual/effects/WaterDrip/WaterDripParticle with maxs=true frames=true
[Architectury Transformer DEBUG] Transformed com/imeetake/effectual/effects/WaterDrip/WaterDripParticle in 211.8 μs
[Architectury Transformer DEBUG] Transforming from com/imeetake/effectual/effects/MetalSparks/MetalSparkParticle$Factory.class to com/imeetake/effectual/effects/MetalSparks/MetalSparkParticle$Factory.class with 5 transformer(s) on dev.architectury.transformer.handler.TinyRemapperPreparedTransformerHandler
[Architectury Transformer DEBUG] Found class transformer
[Architectury Transformer DEBUG] Writing com/imeetake/effectual/effects/MetalSparks/MetalSparkParticle$Factory with maxs=true frames=true
[Architectury Transformer DEBUG] Transformed com/imeetake/effectual/effects/MetalSparks/MetalSparkParticle$Factory in 147.9 μs
[Architectury Transformer DEBUG] Transforming from com/imeetake/effectual/effects/MetalSparks/MetalSparkParticle.class to com/imeetake/effectual/effects/MetalSparks/MetalSparkParticle.class with 5 transformer(s) on dev.architectury.transformer.handler.TinyRemapperPreparedTransformerHandler
[Architectury Transformer DEBUG] Found class transformer
[Architectury Transformer DEBUG] Writing com/imeetake/effectual/effects/MetalSparks/MetalSparkParticle with maxs=true frames=true
[Architectury Transformer DEBUG] Transformed com/imeetake/effectual/effects/MetalSparks/MetalSparkParticle in 175.1 μs
[Architectury Transformer DEBUG] Transforming from com/imeetake/effectual/effects/FireEntitySparks/EntitySparkParticle$Factory.class to com/imeetake/effectual/effects/FireEntitySparks/EntitySparkParticle$Factory.class with 5 transformer(s) on dev.architectury.transformer.handler.TinyRemapperPreparedTransformerHandler
[Architectury Transformer DEBUG] Found class transformer
[Architectury Transformer DEBUG] Writing com/imeetake/effectual/effects/FireEntitySparks/EntitySparkParticle$Factory with maxs=true frames=true
[Architectury Transformer DEBUG] Transformed com/imeetake/effectual/effects/FireEntitySparks/EntitySparkParticle$Factory in 148.6 μs
[Architectury Transformer DEBUG] Transforming from com/imeetake/effectual/effects/FireEntitySparks/EntitySparkParticle.class to com/imeetake/effectual/effects/FireEntitySparks/EntitySparkParticle.class with 5 transformer(s) on dev.architectury.transformer.handler.TinyRemapperPreparedTransformerHandler
[Architectury Transformer DEBUG] Found class transformer
[Architectury Transformer DEBUG] Writing com/imeetake/effectual/effects/FireEntitySparks/EntitySparkParticle with maxs=true frames=true
[Architectury Transformer DEBUG] Transformed com/imeetake/effectual/effects/FireEntitySparks/EntitySparkParticle in 239.7 μs
[Architectury Transformer DEBUG] Transforming from com/imeetake/effectual/effects/CauldronFill/CauldronFillEffect$Kind.class to com/imeetake/effectual/effects/CauldronFill/CauldronFillEffect$Kind.class with 5 transformer(s) on dev.architectury.transformer.handler.TinyRemapperPreparedTransformerHandler
[Architectury Transformer DEBUG] Found class transformer
[Architectury Transformer DEBUG] Writing com/imeetake/effectual/effects/CauldronFill/CauldronFillEffect$Kind with maxs=true frames=true
[Architectury Transformer DEBUG] Transformed com/imeetake/effectual/effects/CauldronFill/CauldronFillEffect$Kind in 767.6 μs
[Architectury Transformer DEBUG] Transforming from com/imeetake/effectual/effects/Sparks/CampfireImprovements.class to com/imeetake/effectual/effects/Sparks/CampfireImprovements.class with 5 transformer(s) on dev.architectury.transformer.handler.TinyRemapperPreparedTransformerHandler
[Architectury Transformer DEBUG] Found class transformer
[Architectury Transformer DEBUG] Writing com/imeetake/effectual/effects/Sparks/CampfireImprovements with maxs=true frames=true
[Architectury Transformer DEBUG] Transformed com/imeetake/effectual/effects/Sparks/CampfireImprovements in 639.5 μs
