[Architectury Transformer] Architectury Runtime 5.2.87
[Architectury Transformer DEBUG] Closed File Systems for /Users/arseniyradaev/Documents/IdeaProjects/Effectual/Effectual 1.21.1/common/build/devlibs/effectual-common-1.3.0-1.21.1-dev.jar
[Architectury Transformer DEBUG] Preparing tiny remapper prepared transformer: dev.architectury.transformer.handler.TinyRemapperPreparedTransformerHandler
[Architectury Transformer DEBUG] Provided 96 classpath jar(s):
[Architectury Transformer DEBUG]  - /Users/arseniyradaev/.gradle/caches/fabric-loom/1.21.1/neoforge/21.1.215/client-extra.jar
[Architectury Transformer DEBUG]  - /Users/arseniyradaev/.gradle/caches/modules-2/files-2.1/dev.architectury/architectury-injectables/1.0.10/62db2a366d662606d1b23ad02ccc3212ed37ec3/architectury-injectables-1.0.10.jar
[Architectury Transformer DEBUG]  - /Users/arseniyradaev/.gradle/caches/modules-2/files-2.1/net.fabricmc/fabric-loader/0.18.3/234f25229c51fdd8c0f3a72af0dbcf1ecf2f45d1/fabric-loader-0.18.3.jar
[Architectury Transformer DEBUG]  - /Users/arseniyradaev/.gradle/caches/modules-2/files-2.1/org.jetbrains/annotations/26.0.2/c7ce3cdeda3d18909368dfe5977332dfad326c6d/annotations-26.0.2.jar
[Architectury Transformer DEBUG]  - /Users/arseniyradaev/.gradle/caches/modules-2/files-2.1/com.google.code.findbugs/jsr305/3.0.2/25ea2e8b0c338a877313bd4672d3fe056ea78f0d/jsr305-3.0.2.jar
[Architectury Transformer DEBUG]  - /Users/arseniyradaev/.gradle/caches/modules-2/files-2.1/net.neoforged.fancymodloader/earlydisplay/4.0.42/46555dbfff14e9e052f1f693aed14d542a74e111/earlydisplay-4.0.42.jar
[Architectury Transformer DEBUG]  - /Users/arseniyradaev/.gradle/caches/fabric-loom/forge/transformed-dependencies-v1/net/neoforged/fancymodloader/6cbb9cd9c530e9af67296fb0ed0977505971251c4adf3f7f9e5414bc02a2226f/loader/4.0.42/loader-4.0.42.jar
[Architectury Transformer DEBUG]  - /Users/arseniyradaev/.gradle/caches/modules-2/files-2.1/net.neoforged.accesstransformers/at-modlauncher/10.0.1/5aba50202aceead086bc09fbc2751c9f05cb4890/at-modlauncher-10.0.1.jar
[Architectury Transformer DEBUG]  - /Users/arseniyradaev/.gradle/caches/modules-2/files-2.1/net.neoforged/accesstransformers/10.0.1/fd83b5725f76eae9115e9355fa1c456a6a441400/accesstransformers-10.0.1.jar
[Architectury Transformer DEBUG]  - /Users/arseniyradaev/.gradle/caches/modules-2/files-2.1/net.neoforged/bus/8.0.5/5b2d33285ab5d1554e9798ad98c40d6ea3868bd5/bus-8.0.5.jar
[Architectury Transformer DEBUG]  - /Users/arseniyradaev/.gradle/caches/modules-2/files-2.1/net.neoforged/coremods/7.0.3/9147e6f638b4272b3bd5fc8f92ad37802512c6c/coremods-7.0.3.jar
[Architectury Transformer DEBUG]  - /Users/arseniyradaev/.gradle/caches/modules-2/files-2.1/cpw.mods/modlauncher/11.0.5/b8f0d49294f733fdb6173931b263553e943dc950/modlauncher-11.0.5.jar
[Architectury Transformer DEBUG]  - /Users/arseniyradaev/.gradle/caches/modules-2/files-2.1/net.neoforged/mergetool/2.0.0/52fe1949be64e3303aabaaa21e315f551db9c9f4/mergetool-2.0.0-api.jar
[Architectury Transformer DEBUG]  - /Users/arseniyradaev/.gradle/caches/modules-2/files-2.1/com.electronwill.night-config/toml/3.8.3/90b2fd6efcb4a7d5b9810cf78f9d824994d717f2/toml-3.8.3.jar
[Architectury Transformer DEBUG]  - /Users/arseniyradaev/.gradle/caches/modules-2/files-2.1/com.electronwill.night-config/core/3.8.3/b442a95f09e349927f5a945ecb594455870fcf4f/core-3.8.3.jar
[Architectury Transformer DEBUG]  - /Users/arseniyradaev/.gradle/caches/modules-2/files-2.1/net.neoforged/JarJarSelector/0.4.1/fb3cc7a58af22ad2880adb98af6d518128c47dae/JarJarSelector-0.4.1.jar
[Architectury Transformer DEBUG]  - /Users/arseniyradaev/.gradle/caches/modules-2/files-2.1/net.neoforged/JarJarMetadata/0.4.1/f8da03683dc81694556dc3e177c5e3bb77ae6fcb/JarJarMetadata-0.4.1.jar
[Architectury Transformer DEBUG]  - /Users/arseniyradaev/.gradle/caches/modules-2/files-2.1/org.apache.maven/maven-artifact/3.8.5/4433f50c07debefaed0553bd0068f4f48d449313/maven-artifact-3.8.5.jar
[Architectury Transformer DEBUG]  - /Users/arseniyradaev/.gradle/caches/modules-2/files-2.1/net.jodah/typetools/0.6.3/a01aaa6ddaea9ec07ec4f209487b7a46a526283a/typetools-0.6.3.jar
[Architectury Transformer DEBUG]  - /Users/arseniyradaev/.gradle/caches/modules-2/files-2.1/net.minecrell/terminalconsoleappender/1.3.0/b562e9bb61235c9520e26282cdee71f8f802d1fc/terminalconsoleappender-1.3.0.jar
[Architectury Transformer DEBUG]  - /Users/arseniyradaev/.gradle/caches/modules-2/files-2.1/net.fabricmc/sponge-mixin/0.15.2+mixin.0.8.7/2af2f021d8e02a0220dc27a7a72b4666d66d44ca/sponge-mixin-0.15.2+mixin.0.8.7.jar
[Architectury Transformer DEBUG]  - /Users/arseniyradaev/.gradle/caches/modules-2/files-2.1/org.openjdk.nashorn/nashorn-core/15.4/f67f5ffaa5f5130cf6fb9b133da00c7df3b532a5/nashorn-core-15.4.jar
[Architectury Transformer DEBUG]  - /Users/arseniyradaev/.gradle/caches/modules-2/files-2.1/org.apache.commons/commons-lang3/3.14.0/1ed471194b02f2c6cb734a0cd6f6f107c673afae/commons-lang3-3.14.0.jar
[Architectury Transformer DEBUG]  - /Users/arseniyradaev/.gradle/caches/modules-2/files-2.1/cpw.mods/bootstraplauncher/2.0.2/1a2d076cbc33b0520cbacd591224427b2a20047d/bootstraplauncher-2.0.2.jar
[Architectury Transformer DEBUG]  - /Users/arseniyradaev/.gradle/caches/modules-2/files-2.1/cpw.mods/securejarhandler/3.0.8/c0ef95cecd8699a0449053ac7d9c160748d902cd/securejarhandler-3.0.8.jar
[Architectury Transformer DEBUG]  - /Users/arseniyradaev/.gradle/caches/modules-2/files-2.1/org.ow2.asm/asm-commons/9.8/36e4d212970388e5bd2c5180292012502df461bb/asm-commons-9.8.jar
[Architectury Transformer DEBUG]  - /Users/arseniyradaev/.gradle/caches/modules-2/files-2.1/org.ow2.asm/asm-util/9.8/395f1c1f035258511f27bc9b2583d76e4b143f59/asm-util-9.8.jar
[Architectury Transformer DEBUG]  - /Users/arseniyradaev/.gradle/caches/modules-2/files-2.1/org.ow2.asm/asm-analysis/9.8/b9747a320844b6cb1eacd90d8ecfd260a16c01d3/asm-analysis-9.8.jar
[Architectury Transformer DEBUG]  - /Users/arseniyradaev/.gradle/caches/modules-2/files-2.1/io.github.juuxel/unprotect-modlauncher/2.0.2/20d36922d7bb84c3185c213e935150584d6c7166/unprotect-modlauncher-2.0.2.jar
[Architectury Transformer DEBUG]  - /Users/arseniyradaev/.gradle/caches/modules-2/files-2.1/io.github.juuxel/unprotect/2.0.2/d79e894ec170237a02281b45e3203df6306675d6/unprotect-2.0.2.jar
[Architectury Transformer DEBUG]  - /Users/arseniyradaev/.gradle/caches/modules-2/files-2.1/org.ow2.asm/asm-tree/9.8/18419ca5b77a2f81097c741e7872e6ab8d2f40d/asm-tree-9.8.jar
[Architectury Transformer DEBUG]  - /Users/arseniyradaev/.gradle/caches/modules-2/files-2.1/org.ow2.asm/asm/9.8/dc19ecb3f7889b7860697215cae99c0f9b6f6b4b/asm-9.8.jar
[Architectury Transformer DEBUG]  - /Users/arseniyradaev/.gradle/caches/modules-2/files-2.1/net.neoforged/JarJarFileSystems/0.4.1/78f59f89defcd032ed788b151ca6a0d40ace796a/JarJarFileSystems-0.4.1.jar
[Architectury Transformer DEBUG]  - /Users/arseniyradaev/.gradle/caches/modules-2/files-2.1/io.github.llamalad7/mixinextras-neoforge/0.5.0/d734b83ce6542bb70ea31755c1595b88992dbe65/mixinextras-neoforge-0.5.0.jar
[Architectury Transformer DEBUG]  - /Users/arseniyradaev/.gradle/caches/modules-2/files-2.1/net.sf.jopt-simple/jopt-simple/5.0.4/4fdac2fbe92dfad86aa6e9301736f6b4342a3f5c/jopt-simple-5.0.4.jar
[Architectury Transformer DEBUG]  - /Users/arseniyradaev/.gradle/caches/modules-2/files-2.1/com.mojang/logging/1.2.7/24cb95ffb0e3433fd6e844c04e68009e504ca1c0/logging-1.2.7.jar
[Architectury Transformer DEBUG]  - /Users/arseniyradaev/.gradle/caches/modules-2/files-2.1/org.apache.logging.log4j/log4j-slf4j2-impl/2.22.1/d7e6693c2606cb7e7335047d7bb96dec52db5665/log4j-slf4j2-impl-2.22.1.jar
[Architectury Transformer DEBUG]  - /Users/arseniyradaev/.gradle/caches/modules-2/files-2.1/com.machinezoo.noexception/noexception/1.7.1/b65330c98e38a1f915fa54a6e5eca496505e3f0a/noexception-1.7.1.jar
[Architectury Transformer DEBUG]  - /Users/arseniyradaev/.gradle/caches/modules-2/files-2.1/org.slf4j/slf4j-api/2.0.9/7cf2726fdcfbc8610f9a71fb3ed639871f315340/slf4j-api-2.0.9.jar
[Architectury Transformer DEBUG]  - /Users/arseniyradaev/.gradle/caches/modules-2/files-2.1/org.antlr/antlr4-runtime/4.13.1/17125bae1d965624e265ef49552f6465a2bfa307/antlr4-runtime-4.13.1.jar
[Architectury Transformer DEBUG]  - /Users/arseniyradaev/.gradle/caches/modules-2/files-2.1/org.apache.logging.log4j/log4j-core/2.22.1/7183a25510a02ad00cc6a95d3b3d2a7d3c5a8dc4/log4j-core-2.22.1.jar
[Architectury Transformer DEBUG]  - /Users/arseniyradaev/.gradle/caches/modules-2/files-2.1/org.apache.logging.log4j/log4j-api/2.22.1/bea6fede6328fabafd7e68363161a7ea6605abd1/log4j-api-2.22.1.jar
[Architectury Transformer DEBUG]  - /Users/arseniyradaev/.gradle/caches/modules-2/files-2.1/org.jline/jline-reader/3.20.0/8f15415b022a25b473e8e16c28ae913186ffb9c4/jline-reader-3.20.0.jar
[Architectury Transformer DEBUG]  - /Users/arseniyradaev/.gradle/caches/modules-2/files-2.1/org.jline/jline-terminal/3.20.0/d0ddcc708ddf527a3454c941b7b9225cc83a15ff/jline-terminal-3.20.0.jar
[Architectury Transformer DEBUG]  - /Users/arseniyradaev/.gradle/caches/modules-2/files-2.1/commons-io/commons-io/2.15.1/f11560da189ab563a5c8e351941415430e9304ea/commons-io-2.15.1.jar
[Architectury Transformer DEBUG]  - /Users/arseniyradaev/.gradle/caches/modules-2/files-2.1/net.minecraftforge/srgutils/0.4.15/ca408b131759478f164e010fae0d73997e125fb5/srgutils-0.4.15.jar
[Architectury Transformer DEBUG]  - /Users/arseniyradaev/.gradle/caches/modules-2/files-2.1/com.google.guava/guava/32.1.2-jre/5e64ec7e056456bef3a4bc4c6fdaef71e8ab6318/guava-32.1.2-jre.jar
[Architectury Transformer DEBUG]  - /Users/arseniyradaev/.gradle/caches/modules-2/files-2.1/com.google.guava/failureaccess/1.0.1/1dcf1de382a0bf95a3d8b0849546c88bac1292c9/failureaccess-1.0.1.jar
[Architectury Transformer DEBUG]  - /Users/arseniyradaev/.gradle/caches/modules-2/files-2.1/com.google.guava/listenablefuture/9999.0-empty-to-avoid-conflict-with-guava/b421526c5f297295adef1c886e5246c39d4ac629/listenablefuture-9999.0-empty-to-avoid-conflict-with-guava.jar
[Architectury Transformer DEBUG]  - /Users/arseniyradaev/.gradle/caches/modules-2/files-2.1/org.checkerframework/checker-qual/3.33.0/de2b60b62da487644fc11f734e73c8b0b431238f/checker-qual-3.33.0.jar
[Architectury Transformer DEBUG]  - /Users/arseniyradaev/.gradle/caches/modules-2/files-2.1/com.google.errorprone/error_prone_annotations/2.18.0/89b684257096f548fa39a7df9fdaa409d4d4df91/error_prone_annotations-2.18.0.jar
[Architectury Transformer DEBUG]  - /Users/arseniyradaev/.gradle/caches/modules-2/files-2.1/com.google.j2objc/j2objc-annotations/2.8/c85270e307e7b822f1086b93689124b89768e273/j2objc-annotations-2.8.jar
[Architectury Transformer DEBUG]  - /Users/arseniyradaev/.gradle/caches/modules-2/files-2.1/com.google.code.gson/gson/2.10.1/b3add478d4382b78ea20b1671390a858002feb6c/gson-2.10.1.jar
[Architectury Transformer DEBUG]  - /Users/arseniyradaev/.gradle/caches/modules-2/files-2.1/org.codehaus.plexus/plexus-utils/3.3.0/cf43b5391de623b36fe066a21127baef82c64022/plexus-utils-3.3.0.jar
[Architectury Transformer DEBUG]  - /Users/arseniyradaev/.gradle/caches/modules-2/files-2.1/org.lwjgl/lwjgl-glfw/3.3.3/efa1eb78c5ccd840e9f329717109b5e892d72f8e/lwjgl-glfw-3.3.3.jar
[Architectury Transformer DEBUG]  - /Users/arseniyradaev/.gradle/caches/modules-2/files-2.1/org.lwjgl/lwjgl-opengl/3.3.3/2f6b0147078396a58979125a4c947664e98293a/lwjgl-opengl-3.3.3.jar
[Architectury Transformer DEBUG]  - /Users/arseniyradaev/.gradle/caches/modules-2/files-2.1/org.lwjgl/lwjgl-stb/3.3.3/25dd6161988d7e65f71d5065c99902402ee32746/lwjgl-stb-3.3.3.jar
[Architectury Transformer DEBUG]  - /Users/arseniyradaev/.gradle/caches/modules-2/files-2.1/org.lwjgl/lwjgl-tinyfd/3.3.3/82d755ca94b102e9ca77283b9e2dc46d1b15fbe5/lwjgl-tinyfd-3.3.3.jar
[Architectury Transformer DEBUG]  - /Users/arseniyradaev/.gradle/caches/modules-2/files-2.1/org.lwjgl/lwjgl/3.3.3/29589b5f87ed335a6c7e7ee6a5775f81f97ecb84/lwjgl-3.3.3.jar
[Architectury Transformer DEBUG]  - /Users/arseniyradaev/.gradle/caches/modules-2/files-2.1/ca.weblite/java-objc-bridge/1.1/1227f9e0666314f9de41477e3ec277e542ed7f7b/java-objc-bridge-1.1.jar
[Architectury Transformer DEBUG]  - /Users/arseniyradaev/.gradle/caches/modules-2/files-2.1/com.github.oshi/oshi-core/6.4.10/b1d8ab82d11d92fd639b56d639f8f46f739dd5fa/oshi-core-6.4.10.jar
[Architectury Transformer DEBUG]  - /Users/arseniyradaev/.gradle/caches/modules-2/files-2.1/com.ibm.icu/icu4j/73.2/61ad4ef7f9131fcf6d25c34b817f90d6da06c9e9/icu4j-73.2.jar
[Architectury Transformer DEBUG]  - /Users/arseniyradaev/.gradle/caches/modules-2/files-2.1/com.mojang/authlib/6.0.54/de8bc95660e1b2fe8793fd427a7a10dcec5b3ea7/authlib-6.0.54.jar
[Architectury Transformer DEBUG]  - /Users/arseniyradaev/.gradle/caches/modules-2/files-2.1/com.mojang/blocklist/1.0.10/5c685c5ffa94c4cd39496c7184c1d122e515ecef/blocklist-1.0.10.jar
[Architectury Transformer DEBUG]  - /Users/arseniyradaev/.gradle/caches/modules-2/files-2.1/com.mojang/brigadier/1.3.10/d15b53a14cf20fdcaa98f731af5dda654452c010/brigadier-1.3.10.jar
[Architectury Transformer DEBUG]  - /Users/arseniyradaev/.gradle/caches/modules-2/files-2.1/com.mojang/datafixerupper/8.0.16/67d4de6d7f95d89bcf5862995fb854ebaec02a34/datafixerupper-8.0.16.jar
[Architectury Transformer DEBUG]  - /Users/arseniyradaev/.gradle/caches/modules-2/files-2.1/com.mojang/patchy/2.2.10/da05971b07cbb379d002cf7eaec6a2048211fefc/patchy-2.2.10.jar
[Architectury Transformer DEBUG]  - /Users/arseniyradaev/.gradle/caches/modules-2/files-2.1/com.mojang/text2speech/1.17.9/3cad216e3a7f0c19b4b394388bc9ffc446f13b14/text2speech-1.17.9.jar
[Architectury Transformer DEBUG]  - /Users/arseniyradaev/.gradle/caches/modules-2/files-2.1/commons-codec/commons-codec/1.16.0/4e3eb3d79888d76b54e28b350915b5dc3919c9de/commons-codec-1.16.0.jar
[Architectury Transformer DEBUG]  - /Users/arseniyradaev/.gradle/caches/modules-2/files-2.1/commons-logging/commons-logging/1.2/4bfc12adfe4842bf07b657f0369c4cb522955686/commons-logging-1.2.jar
[Architectury Transformer DEBUG]  - /Users/arseniyradaev/.gradle/caches/modules-2/files-2.1/io.netty/netty-buffer/4.1.97.Final/f8f3d8644afa5e6e1a40a3a6aeb9d9aa970ecb4f/netty-buffer-4.1.97.Final.jar
[Architectury Transformer DEBUG]  - /Users/arseniyradaev/.gradle/caches/modules-2/files-2.1/io.netty/netty-codec/4.1.97.Final/384ba4d75670befbedb45c4d3b497a93639c206d/netty-codec-4.1.97.Final.jar
[Architectury Transformer DEBUG]  - /Users/arseniyradaev/.gradle/caches/modules-2/files-2.1/io.netty/netty-common/4.1.97.Final/7cceacaf11df8dc63f23d0fb58e9d4640fc88404/netty-common-4.1.97.Final.jar
[Architectury Transformer DEBUG]  - /Users/arseniyradaev/.gradle/caches/modules-2/files-2.1/io.netty/netty-handler/4.1.97.Final/abb86c6906bf512bf2b797a41cd7d2e8d3cd7c36/netty-handler-4.1.97.Final.jar
[Architectury Transformer DEBUG]  - /Users/arseniyradaev/.gradle/caches/modules-2/files-2.1/io.netty/netty-resolver/4.1.97.Final/cec8348108dc76c47cf87c669d514be52c922144/netty-resolver-4.1.97.Final.jar
[Architectury Transformer DEBUG]  - /Users/arseniyradaev/.gradle/caches/modules-2/files-2.1/io.netty/netty-transport-classes-epoll/4.1.97.Final/795da37ded759e862457a82d9d92c4d39ce8ecee/netty-transport-classes-epoll-4.1.97.Final.jar
[Architectury Transformer DEBUG]  - /Users/arseniyradaev/.gradle/caches/modules-2/files-2.1/io.netty/netty-transport-native-unix-common/4.1.97.Final/d469d84265ab70095b01b40886cabdd433b6e664/netty-transport-native-unix-common-4.1.97.Final.jar
[Architectury Transformer DEBUG]  - /Users/arseniyradaev/.gradle/caches/modules-2/files-2.1/io.netty/netty-transport/4.1.97.Final/f37380d23c9bb079bc702910833b2fd532c9abd0/netty-transport-4.1.97.Final.jar
[Architectury Transformer DEBUG]  - /Users/arseniyradaev/.gradle/caches/modules-2/files-2.1/it.unimi.dsi/fastutil/8.5.12/c24946d46824bd528054bface3231d2ecb7e95e8/fastutil-8.5.12.jar
[Architectury Transformer DEBUG]  - /Users/arseniyradaev/.gradle/caches/modules-2/files-2.1/net.java.dev.jna/jna-platform/5.14.0/28934d48aed814f11e4c584da55c49fa7032b31b/jna-platform-5.14.0.jar
[Architectury Transformer DEBUG]  - /Users/arseniyradaev/.gradle/caches/modules-2/files-2.1/net.java.dev.jna/jna/5.14.0/67bf3eaea4f0718cb376a181a629e5f88fa1c9dd/jna-5.14.0.jar
[Architectury Transformer DEBUG]  - /Users/arseniyradaev/.gradle/caches/modules-2/files-2.1/org.apache.commons/commons-compress/1.26.0/659feffdd12280201c8aacb8f7be94f9a883c824/commons-compress-1.26.0.jar
[Architectury Transformer DEBUG]  - /Users/arseniyradaev/.gradle/caches/modules-2/files-2.1/org.apache.httpcomponents/httpclient/4.5.13/e5f6cae5ca7ecaac1ec2827a9e2d65ae2869cada/httpclient-4.5.13.jar
[Architectury Transformer DEBUG]  - /Users/arseniyradaev/.gradle/caches/modules-2/files-2.1/org.apache.httpcomponents/httpcore/4.4.16/51cf043c87253c9f58b539c9f7e44c8894223850/httpcore-4.4.16.jar
[Architectury Transformer DEBUG]  - /Users/arseniyradaev/.gradle/caches/modules-2/files-2.1/org.jcraft/jorbis/0.0.17/8872d22b293e8f5d7d56ff92be966e6dc28ebdc6/jorbis-0.0.17.jar
[Architectury Transformer DEBUG]  - /Users/arseniyradaev/.gradle/caches/modules-2/files-2.1/org.joml/joml/1.10.5/22566d58af70ad3d72308bab63b8339906deb649/joml-1.10.5.jar
[Architectury Transformer DEBUG]  - /Users/arseniyradaev/.gradle/caches/modules-2/files-2.1/org.lwjgl/lwjgl-freetype/3.3.3/a0db6c84a8becc8ca05f9dbfa985edc348a824c7/lwjgl-freetype-3.3.3.jar
[Architectury Transformer DEBUG]  - /Users/arseniyradaev/.gradle/caches/modules-2/files-2.1/org.lwjgl/lwjgl-jemalloc/3.3.3/b543467b7ff3c6920539a88ee602d34098628be5/lwjgl-jemalloc-3.3.3.jar
[Architectury Transformer DEBUG]  - /Users/arseniyradaev/.gradle/caches/modules-2/files-2.1/org.lwjgl/lwjgl-openal/3.3.3/daada81ceb5fc0c291fbfdd4433cb8d9423577f2/lwjgl-openal-3.3.3.jar
[Architectury Transformer DEBUG]  - /Users/arseniyradaev/.gradle/caches/modules-2/files-2.1/org.lz4/lz4-java/1.8.0/4b986a99445e49ea5fbf5d149c4b63f6ed6c6780/lz4-java-1.8.0.jar
[Architectury Transformer DEBUG]  - /Users/arseniyradaev/.gradle/caches/fabric-loom/minecraftMaven/net/minecraft/neoforge-21.1.215-minecraft-merged/1.21.1-loom.mappings.1_21_1.layered+hash.40359-v2-neoforge-21.1.215/neoforge-21.1.215-minecraft-merged-1.21.1-loom.mappings.1_21_1.layered+hash.40359-v2-neoforge-21.1.215.jar
[Architectury Transformer DEBUG]  - /Users/arseniyradaev/.gradle/caches/modules-2/files-2.1/io.netty/netty-transport-native-epoll/4.1.97.Final/54188f271e388e7f313aea995e82f58ce2cdb809/netty-transport-native-epoll-4.1.97.Final-linux-x86_64.jar
[Architectury Transformer DEBUG]  - /Users/arseniyradaev/.gradle/caches/modules-2/files-2.1/io.netty/netty-transport-native-epoll/4.1.97.Final/5514744c588190ffda076b35a9b8c9f24946a960/netty-transport-native-epoll-4.1.97.Final-linux-aarch_64.jar
[Architectury Transformer DEBUG]  - /Users/arseniyradaev/Documents/IdeaProjects/Effectual/Effectual 1.21.1/.gradle/loom-cache/remapped_mods/remapped/dev/architectury/architectury-neoforge-0311eecf/13.0.8/architectury-neoforge-0311eecf-13.0.8.jar
[Architectury Transformer DEBUG]  - /Users/arseniyradaev/Documents/IdeaProjects/Effectual/Effectual 1.21.1/.gradle/loom-cache/remapped_mods/remapped/com/imeetake/tlib-neoforge-0311eecf/1.4.1-1.21.1/tlib-neoforge-0311eecf-1.4.1-1.21.1.jar
[Architectury Transformer DEBUG]  - /Users/arseniyradaev/Documents/IdeaProjects/Effectual/Effectual 1.21.1/.gradle/loom-cache/remapped_mods/remapped/me/shedaniel/cloth/cloth-config-neoforge-0311eecf/15.0.140/cloth-config-neoforge-0311eecf-15.0.140-neoforge.jar
[Architectury Transformer] Read classpath in 1.217 s
[Architectury Transformer DEBUG] Closed File Systems for /Users/arseniyradaev/Documents/IdeaProjects/Effectual/Effectual 1.21.1/common/build/devlibs/effectual-common-1.3.0-1.21.1-dev.jar
[Architectury Transformer DEBUG] Transforming 6 transformer(s) from /Users/arseniyradaev/Documents/IdeaProjects/Effectual/Effectual 1.21.1/common/build/devlibs/effectual-common-1.3.0-1.21.1-dev.jar to /var/folders/b_/cxn8yk8s5pl079xlzj6txdjm0000gn/T/14012657878327069492.jar: 
[Architectury Transformer DEBUG]  - dev.architectury.transformer.transformers.TransformExpectPlatform@b62fe6d
[Architectury Transformer DEBUG]  - dev.architectury.transformer.transformers.RemapInjectables@13acb0d1
[Architectury Transformer DEBUG]  - dev.architectury.transformer.transformers.TransformPlatformOnly@3e3047e6
[Architectury Transformer DEBUG]  - dev.architectury.transformer.transformers.TransformNeoForgeAnnotations@37e547da
[Architectury Transformer DEBUG]  - dev.architectury.transformer.transformers.TransformNeoForgeEnvironment@2b6856dd
[Architectury Transformer DEBUG]  - dev.architectury.transformer.transformers.GenerateFakeNeoForgeMod@5db45159
[Architectury Transformer DEBUG] Transforming from /Users/arseniyradaev/Documents/IdeaProjects/Effectual/Effectual 1.21.1/common/build/devlibs/effectual-common-1.3.0-1.21.1-dev.jar to /var/folders/b_/cxn8yk8s5pl079xlzj6txdjm0000gn/T/14012657878327069492.jar with 6 transformer(s) on dev.architectury.transformer.handler.SimpleTransformerHandler
[Architectury Transformer DEBUG] Remapping with 1 mapping provider(s):
[Architectury Transformer DEBUG]  - dev.architectury.transformer.transformers.TransformNeoForgeEnvironment$$Lambda/0x0000000f0102dc00@3bd40a57
[Architectury Transformer DEBUG] Remapping Classes:
[Architectury Transformer DEBUG] net/fabricmc/api/EnvType -> net/neoforged/api/distmarker/Dist
[Architectury Transformer DEBUG] net/fabricmc/api/Environment -> net/neoforged/api/distmarker/OnlyIn
[Architectury Transformer DEBUG] Found class transformer
[Architectury Transformer DEBUG] Writing com/imeetake/effectual/ModParticles with maxs=true frames=true
[Architectury Transformer DEBUG] Writing com/imeetake/effectual/ModParticles$9 with maxs=true frames=true
[Architectury Transformer DEBUG] Writing com/imeetake/effectual/ModParticles$8 with maxs=true frames=true
[Architectury Transformer DEBUG] Writing com/imeetake/effectual/ModParticles$7 with maxs=true frames=true
[Architectury Transformer DEBUG] Writing com/imeetake/effectual/ModParticles$2 with maxs=true frames=true
[Architectury Transformer DEBUG] Writing com/imeetake/effectual/ModParticles$1 with maxs=true frames=true
[Architectury Transformer DEBUG] Writing com/imeetake/effectual/ModParticles$6 with maxs=true frames=true
[Architectury Transformer DEBUG] Writing com/imeetake/effectual/ModParticles$5 with maxs=true frames=true
[Architectury Transformer DEBUG] Writing com/imeetake/effectual/ModParticles$4 with maxs=true frames=true
[Architectury Transformer DEBUG] Writing com/imeetake/effectual/ModParticles$3 with maxs=true frames=true
[Architectury Transformer DEBUG] Writing com/imeetake/effectual/EffectualConfig with maxs=true frames=true
[Architectury Transformer DEBUG] Writing com/imeetake/effectual/Effectual with maxs=true frames=true
[Architectury Transformer DEBUG] Writing com/imeetake/effectual/EffectRegistry with maxs=true frames=true
[Architectury Transformer DEBUG] Writing com/imeetake/effectual/EffectualClient with maxs=true frames=true
[Architectury Transformer DEBUG] Writing com/imeetake/effectual/mixin/EntityMixin with maxs=true frames=true
[Architectury Transformer DEBUG] Writing com/imeetake/effectual/mixin/MetalHitMixin with maxs=true frames=true
[Architectury Transformer DEBUG] Writing com/imeetake/effectual/mixin/BlockPlaceMixin with maxs=true frames=true
[Architectury Transformer DEBUG] Writing com/imeetake/effectual/mixin/CampfireBlockMixin with maxs=true frames=true
[Architectury Transformer DEBUG] Writing com/imeetake/effectual/effects/AirTrail/AirTrailEffect with maxs=true frames=true
[Architectury Transformer DEBUG] Writing com/imeetake/effectual/effects/AirTrail/AirTrailParticle with maxs=true frames=true
[Architectury Transformer DEBUG] Writing com/imeetake/effectual/effects/MouthSteam/MouthSteamEffect with maxs=true frames=true
[Architectury Transformer DEBUG] Writing com/imeetake/effectual/effects/MouthSteam/MouthSteamParticleFactory with maxs=true frames=true
[Architectury Transformer DEBUG] Writing com/imeetake/effectual/effects/MouthSteam/MouthSteamParticle with maxs=true frames=true
[Architectury Transformer DEBUG] Writing com/imeetake/effectual/effects/MouthSteam/MouthSteamEffect$MovementState with maxs=true frames=true
[Architectury Transformer DEBUG] Writing com/imeetake/effectual/effects/GoldGlow/LanternGlowEffect with maxs=true frames=true
[Architectury Transformer DEBUG] Writing com/imeetake/effectual/effects/GoldGlow/TorchGlowEffect with maxs=true frames=true
[Architectury Transformer DEBUG] Writing com/imeetake/effectual/effects/GoldGlow/GoldGlowParticle with maxs=true frames=true
[Architectury Transformer DEBUG] Writing com/imeetake/effectual/effects/PlayerRunEffect/RunDustParticle with maxs=true frames=true
[Architectury Transformer DEBUG] Writing com/imeetake/effectual/effects/PlayerRunEffect/RunDustParticle$Weight with maxs=true frames=true
[Architectury Transformer DEBUG] Writing com/imeetake/effectual/effects/PlayerRunEffect/PlayerRunEffect with maxs=true frames=true
[Architectury Transformer DEBUG] Writing com/imeetake/effectual/effects/PlayerRunEffect/DustParticles/GravelDustParticle$Factory with maxs=true frames=true
[Architectury Transformer DEBUG] Writing com/imeetake/effectual/effects/PlayerRunEffect/DustParticles/GravelDustParticle with maxs=true frames=true
[Architectury Transformer DEBUG] Writing com/imeetake/effectual/effects/PlayerRunEffect/DustParticles/SandDustParticle$Factory with maxs=true frames=true
[Architectury Transformer DEBUG] Writing com/imeetake/effectual/effects/PlayerRunEffect/DustParticles/MudDustParticle with maxs=true frames=true
[Architectury Transformer DEBUG] Writing com/imeetake/effectual/effects/PlayerRunEffect/DustParticles/RedSandDustParticle$Factory with maxs=true frames=true
[Architectury Transformer DEBUG] Writing com/imeetake/effectual/effects/PlayerRunEffect/DustParticles/SnowDustParticle with maxs=true frames=true
[Architectury Transformer DEBUG] Writing com/imeetake/effectual/effects/PlayerRunEffect/DustParticles/RedSandDustParticle with maxs=true frames=true
[Architectury Transformer DEBUG] Writing com/imeetake/effectual/effects/PlayerRunEffect/DustParticles/SandDustParticle with maxs=true frames=true
[Architectury Transformer DEBUG] Writing com/imeetake/effectual/effects/PlayerRunEffect/DustParticles/SnowDustParticle$Factory with maxs=true frames=true
[Architectury Transformer DEBUG] Writing com/imeetake/effectual/effects/PlayerRunEffect/DustParticles/MudDustParticle$Factory with maxs=true frames=true
[Architectury Transformer DEBUG] Writing com/imeetake/effectual/effects/CauldronFill/CauldronFillEffect$Snapshot with maxs=true frames=true
[Architectury Transformer DEBUG] Writing com/imeetake/effectual/effects/CauldronFill/CauldronFillEffect with maxs=true frames=true
[Architectury Transformer DEBUG] Writing com/imeetake/effectual/effects/CauldronFill/CauldronFillEffect$Kind with maxs=true frames=true
[Architectury Transformer DEBUG] Writing com/imeetake/effectual/effects/Sparks/CampfireImprovements with maxs=true frames=true
[Architectury Transformer DEBUG] Writing com/imeetake/effectual/effects/Sparks/FurnaceSparksEffect with maxs=true frames=true
[Architectury Transformer DEBUG] Writing com/imeetake/effectual/effects/Sparks/FireImprovements with maxs=true frames=true
[Architectury Transformer DEBUG] Writing com/imeetake/effectual/effects/Sparks/SparkParticle with maxs=true frames=true
[Architectury Transformer DEBUG] Writing com/imeetake/effectual/effects/SparksSoul/SoulSparkParticle with maxs=true frames=true
[Architectury Transformer DEBUG] Writing com/imeetake/effectual/effects/SparksSoul/SoulFireImprovements with maxs=true frames=true
[Architectury Transformer DEBUG] Writing com/imeetake/effectual/effects/SparksSoul/SoulCampfireImprovements with maxs=true frames=true
[Architectury Transformer DEBUG] Writing com/imeetake/effectual/effects/SoulGlow/SoulTorchGlowEffect with maxs=true frames=true
[Architectury Transformer DEBUG] Writing com/imeetake/effectual/effects/SoulGlow/SoulGlowParticle with maxs=true frames=true
[Architectury Transformer DEBUG] Writing com/imeetake/effectual/effects/SoulGlow/SoulLanternGlowEffect with maxs=true frames=true
[Architectury Transformer DEBUG] Writing com/imeetake/effectual/effects/MetalSparks/MetalSparkParticle with maxs=true frames=true
[Architectury Transformer DEBUG] Writing com/imeetake/effectual/effects/MetalSparks/SparksCartEffect with maxs=true frames=true
[Architectury Transformer DEBUG] Writing com/imeetake/effectual/effects/MetalSparks/MetalSparkParticle$Factory with maxs=true frames=true
[Architectury Transformer DEBUG] Writing com/imeetake/effectual/effects/CaveDust/CaveDustEffect with maxs=true frames=true
[Architectury Transformer DEBUG] Writing com/imeetake/effectual/effects/Bubbles/BubbleBreathEffect with maxs=true frames=true
[Architectury Transformer DEBUG] Writing com/imeetake/effectual/effects/Bubbles/BubblePotsEffect with maxs=true frames=true
[Architectury Transformer DEBUG] Writing com/imeetake/effectual/effects/Bubbles/BubbleChestEffect with maxs=true frames=true
[Architectury Transformer DEBUG] Writing com/imeetake/effectual/effects/StripEffect/StripEffect$Pending with maxs=true frames=true
[Architectury Transformer DEBUG] Writing com/imeetake/effectual/effects/StripEffect/StripEffect with maxs=true frames=true
[Architectury Transformer DEBUG] Writing com/imeetake/effectual/effects/WitherDecay/WitherDecayEffect with maxs=true frames=true
[Architectury Transformer DEBUG] Writing com/imeetake/effectual/effects/FireEntitySparks/EntitySparkParticle$Factory with maxs=true frames=true
[Architectury Transformer DEBUG] Writing com/imeetake/effectual/effects/FireEntitySparks/EntitySparkParticle with maxs=true frames=true
[Architectury Transformer DEBUG] Writing com/imeetake/effectual/effects/FireEntitySparks/FireEntitySparksEffect with maxs=true frames=true
[Architectury Transformer DEBUG] Writing com/imeetake/effectual/effects/WaterDrip/WaterDripEffect with maxs=true frames=true
[Architectury Transformer DEBUG] Writing com/imeetake/effectual/effects/WaterDrip/WaterDripParticle with maxs=true frames=true
[Architectury Transformer DEBUG] Writing com/imeetake/effectual/effects/WaterDrip/WaterDripParticleFactory with maxs=true frames=true
[Architectury Transformer DEBUG] Writing com/imeetake/effectual/effects/SteamEffect/SteamEffect with maxs=true frames=true
[Architectury Transformer DEBUG] Closed File Systems for /var/folders/b_/cxn8yk8s5pl079xlzj6txdjm0000gn/T/14012657878327069492.jar
[Architectury Transformer] Listening at /Users/arseniyradaev/Documents/IdeaProjects/Effectual/Effectual 1.21.1/common/build/devlibs/effectual-common-1.3.0-1.21.1-dev.jar
[Architectury Transformer DEBUG] Temporary jar [/var/folders/b_/cxn8yk8s5pl079xlzj6txdjm0000gn/T/14012657878327069492.jar] contains packages: com.imeetake.effectual.effects.CauldronFill, com.imeetake.effectual, com.imeetake.effectual.mixin, com.imeetake.effectual.effects.AirTrail, com.imeetake.effectual.effects.PlayerRunEffect, com.imeetake.effectual.effects.StripEffect, com.imeetake.effectual.effects.SoulGlow, com.imeetake.effectual.effects.SteamEffect, com.imeetake.effectual.effects.FireEntitySparks, com.imeetake.effectual.effects.WaterDrip, com.imeetake.effectual.effects.CaveDust, com.imeetake.effectual.effects.MetalSparks, com.imeetake.effectual.effects.SparksSoul, com.imeetake.effectual.effects.Bubbles, com.imeetake.effectual.effects.Sparks, com.imeetake.effectual.effects.MouthSteam, com.imeetake.effectual.effects.WitherDecay, com.imeetake.effectual.effects.GoldGlow, com.imeetake.effectual.effects.PlayerRunEffect.DustParticles
[Architectury Transformer DEBUG] Closed File Systems for /Users/arseniyradaev/Documents/IdeaProjects/Effectual/Effectual 1.21.1/common/build/devlibs/effectual-common-1.3.0-1.21.1-dev.jar
[Architectury Transformer DEBUG] Classpath entry [/Users/arseniyradaev/Documents/IdeaProjects/Effectual/Effectual 1.21.1/neoforge/build/classes/java/main] contains packages: com.imeetake.effectual.neoforge.client, com.imeetake.effectual.neoforge
[Architectury Transformer DEBUG] Classpath entry [/Users/arseniyradaev/Documents/IdeaProjects/Effectual/Effectual 1.21.1/neoforge/build/resources/main] contains packages: 
[Architectury Transformer DEBUG] Transforming from com/imeetake/effectual/Effectual.class to com/imeetake/effectual/Effectual.class with 6 transformer(s) on dev.architectury.transformer.handler.TinyRemapperPreparedTransformerHandler
[Architectury Transformer DEBUG] Remapping with 1 mapping provider(s):
[Architectury Transformer DEBUG]  - dev.architectury.transformer.transformers.TransformNeoForgeEnvironment$$Lambda/0x0000000f0102dc00@3bd40a57
[Architectury Transformer DEBUG] Remapping with Dirty Mappings...
[Architectury Transformer DEBUG] Remapping Classes:
[Architectury Transformer DEBUG] net/fabricmc/api/EnvType -> net/neoforged/api/distmarker/Dist
[Architectury Transformer DEBUG] net/fabricmc/api/Environment -> net/neoforged/api/distmarker/OnlyIn
[Architectury Transformer DEBUG] Found class transformer
[Architectury Transformer DEBUG] Writing com/imeetake/effectual/Effectual with maxs=true frames=true
[Architectury Transformer DEBUG] Transformed com/imeetake/effectual/Effectual in 50.44 ms
[Architectury Transformer DEBUG] Transforming from com/imeetake/effectual/EffectualConfig.class to com/imeetake/effectual/EffectualConfig.class with 6 transformer(s) on dev.architectury.transformer.handler.TinyRemapperPreparedTransformerHandler
[Architectury Transformer DEBUG] Remapping with 1 mapping provider(s):
[Architectury Transformer DEBUG]  - dev.architectury.transformer.transformers.TransformNeoForgeEnvironment$$Lambda/0x0000000f0102dc00@3bd40a57
[Architectury Transformer DEBUG] Remapping Classes:
[Architectury Transformer DEBUG] net/fabricmc/api/EnvType -> net/neoforged/api/distmarker/Dist
[Architectury Transformer DEBUG] net/fabricmc/api/Environment -> net/neoforged/api/distmarker/OnlyIn
[Architectury Transformer DEBUG] Found class transformer
[Architectury Transformer DEBUG] Writing com/imeetake/effectual/EffectualConfig with maxs=true frames=true
[Architectury Transformer DEBUG] Transformed com/imeetake/effectual/EffectualConfig in 11.44 ms
[Architectury Transformer DEBUG] Transforming from com/imeetake/effectual/EffectualClient.class to com/imeetake/effectual/EffectualClient.class with 6 transformer(s) on dev.architectury.transformer.handler.TinyRemapperPreparedTransformerHandler
[Architectury Transformer DEBUG] Remapping with 1 mapping provider(s):
[Architectury Transformer DEBUG]  - dev.architectury.transformer.transformers.TransformNeoForgeEnvironment$$Lambda/0x0000000f0102dc00@3bd40a57
[Architectury Transformer DEBUG] Remapping Classes:
[Architectury Transformer DEBUG] net/fabricmc/api/EnvType -> net/neoforged/api/distmarker/Dist
[Architectury Transformer DEBUG] net/fabricmc/api/Environment -> net/neoforged/api/distmarker/OnlyIn
[Architectury Transformer DEBUG] Found class transformer
[Architectury Transformer DEBUG] Writing com/imeetake/effectual/EffectualClient with maxs=true frames=true
[Architectury Transformer DEBUG] Transformed com/imeetake/effectual/EffectualClient in 10.25 ms
[Architectury Transformer DEBUG] Transforming from com/imeetake/effectual/EffectRegistry.class to com/imeetake/effectual/EffectRegistry.class with 6 transformer(s) on dev.architectury.transformer.handler.TinyRemapperPreparedTransformerHandler
[Architectury Transformer DEBUG] Remapping with 1 mapping provider(s):
[Architectury Transformer DEBUG]  - dev.architectury.transformer.transformers.TransformNeoForgeEnvironment$$Lambda/0x0000000f0102dc00@3bd40a57
[Architectury Transformer DEBUG] Remapping Classes:
[Architectury Transformer DEBUG] net/fabricmc/api/EnvType -> net/neoforged/api/distmarker/Dist
[Architectury Transformer DEBUG] net/fabricmc/api/Environment -> net/neoforged/api/distmarker/OnlyIn
[Architectury Transformer DEBUG] Found class transformer
[Architectury Transformer DEBUG] Writing com/imeetake/effectual/EffectRegistry with maxs=true frames=true
[Architectury Transformer DEBUG] Transformed com/imeetake/effectual/EffectRegistry in 9.017 ms
[Architectury Transformer DEBUG] Transforming from com/imeetake/effectual/effects/Bubbles/BubbleBreathEffect.class to com/imeetake/effectual/effects/Bubbles/BubbleBreathEffect.class with 6 transformer(s) on dev.architectury.transformer.handler.TinyRemapperPreparedTransformerHandler
[Architectury Transformer DEBUG] Remapping with 1 mapping provider(s):
[Architectury Transformer DEBUG]  - dev.architectury.transformer.transformers.TransformNeoForgeEnvironment$$Lambda/0x0000000f0102dc00@3bd40a57
[Architectury Transformer DEBUG] Remapping Classes:
[Architectury Transformer DEBUG] net/fabricmc/api/EnvType -> net/neoforged/api/distmarker/Dist
[Architectury Transformer DEBUG] net/fabricmc/api/Environment -> net/neoforged/api/distmarker/OnlyIn
[Architectury Transformer DEBUG] Found class transformer
[Architectury Transformer DEBUG] Writing com/imeetake/effectual/effects/Bubbles/BubbleBreathEffect with maxs=true frames=true
[Architectury Transformer DEBUG] Transformed com/imeetake/effectual/effects/Bubbles/BubbleBreathEffect in 12.50 ms
[Architectury Transformer DEBUG] Transforming from com/imeetake/effectual/effects/Bubbles/BubbleChestEffect.class to com/imeetake/effectual/effects/Bubbles/BubbleChestEffect.class with 6 transformer(s) on dev.architectury.transformer.handler.TinyRemapperPreparedTransformerHandler
[Architectury Transformer DEBUG] Remapping with 1 mapping provider(s):
[Architectury Transformer DEBUG]  - dev.architectury.transformer.transformers.TransformNeoForgeEnvironment$$Lambda/0x0000000f0102dc00@3bd40a57
[Architectury Transformer DEBUG] Remapping Classes:
[Architectury Transformer DEBUG] net/fabricmc/api/EnvType -> net/neoforged/api/distmarker/Dist
[Architectury Transformer DEBUG] net/fabricmc/api/Environment -> net/neoforged/api/distmarker/OnlyIn
[Architectury Transformer DEBUG] Found class transformer
[Architectury Transformer DEBUG] Writing com/imeetake/effectual/effects/Bubbles/BubbleChestEffect with maxs=true frames=true
[Architectury Transformer DEBUG] Transformed com/imeetake/effectual/effects/Bubbles/BubbleChestEffect in 10.67 ms
[Architectury Transformer DEBUG] Transforming from com/imeetake/effectual/effects/Bubbles/BubblePotsEffect.class to com/imeetake/effectual/effects/Bubbles/BubblePotsEffect.class with 6 transformer(s) on dev.architectury.transformer.handler.TinyRemapperPreparedTransformerHandler
[Architectury Transformer DEBUG] Remapping with 1 mapping provider(s):
[Architectury Transformer DEBUG]  - dev.architectury.transformer.transformers.TransformNeoForgeEnvironment$$Lambda/0x0000000f0102dc00@3bd40a57
[Architectury Transformer DEBUG] Remapping Classes:
[Architectury Transformer DEBUG] net/fabricmc/api/EnvType -> net/neoforged/api/distmarker/Dist
[Architectury Transformer DEBUG] net/fabricmc/api/Environment -> net/neoforged/api/distmarker/OnlyIn
[Architectury Transformer DEBUG] Found class transformer
[Architectury Transformer DEBUG] Writing com/imeetake/effectual/effects/Bubbles/BubblePotsEffect with maxs=true frames=true
[Architectury Transformer DEBUG] Transformed com/imeetake/effectual/effects/Bubbles/BubblePotsEffect in 10.74 ms
[Architectury Transformer DEBUG] Transforming from com/imeetake/effectual/effects/CauldronFill/CauldronFillEffect.class to com/imeetake/effectual/effects/CauldronFill/CauldronFillEffect.class with 6 transformer(s) on dev.architectury.transformer.handler.TinyRemapperPreparedTransformerHandler
[Architectury Transformer DEBUG] Remapping with 1 mapping provider(s):
[Architectury Transformer DEBUG]  - dev.architectury.transformer.transformers.TransformNeoForgeEnvironment$$Lambda/0x0000000f0102dc00@3bd40a57
[Architectury Transformer DEBUG] Remapping Classes:
[Architectury Transformer DEBUG] net/fabricmc/api/EnvType -> net/neoforged/api/distmarker/Dist
[Architectury Transformer DEBUG] net/fabricmc/api/Environment -> net/neoforged/api/distmarker/OnlyIn
[Architectury Transformer DEBUG] Found class transformer
[Architectury Transformer DEBUG] Writing com/imeetake/effectual/effects/CauldronFill/CauldronFillEffect with maxs=true frames=true
[Architectury Transformer DEBUG] Transformed com/imeetake/effectual/effects/CauldronFill/CauldronFillEffect in 5.286 ms
[Architectury Transformer DEBUG] Transforming from com/imeetake/effectual/effects/CaveDust/CaveDustEffect.class to com/imeetake/effectual/effects/CaveDust/CaveDustEffect.class with 6 transformer(s) on dev.architectury.transformer.handler.TinyRemapperPreparedTransformerHandler
[Architectury Transformer DEBUG] Remapping with 1 mapping provider(s):
[Architectury Transformer DEBUG]  - dev.architectury.transformer.transformers.TransformNeoForgeEnvironment$$Lambda/0x0000000f0102dc00@3bd40a57
[Architectury Transformer DEBUG] Remapping Classes:
[Architectury Transformer DEBUG] net/fabricmc/api/EnvType -> net/neoforged/api/distmarker/Dist
[Architectury Transformer DEBUG] net/fabricmc/api/Environment -> net/neoforged/api/distmarker/OnlyIn
[Architectury Transformer DEBUG] Found class transformer
[Architectury Transformer DEBUG] Writing com/imeetake/effectual/effects/CaveDust/CaveDustEffect with maxs=true frames=true
[Architectury Transformer DEBUG] Transformed com/imeetake/effectual/effects/CaveDust/CaveDustEffect in 5.032 ms
[Architectury Transformer DEBUG] Transforming from com/imeetake/effectual/effects/PlayerRunEffect/PlayerRunEffect.class to com/imeetake/effectual/effects/PlayerRunEffect/PlayerRunEffect.class with 6 transformer(s) on dev.architectury.transformer.handler.TinyRemapperPreparedTransformerHandler
[Architectury Transformer DEBUG] Remapping with 1 mapping provider(s):
[Architectury Transformer DEBUG]  - dev.architectury.transformer.transformers.TransformNeoForgeEnvironment$$Lambda/0x0000000f0102dc00@3bd40a57
[Architectury Transformer DEBUG] Remapping Classes:
[Architectury Transformer DEBUG] net/fabricmc/api/EnvType -> net/neoforged/api/distmarker/Dist
[Architectury Transformer DEBUG] net/fabricmc/api/Environment -> net/neoforged/api/distmarker/OnlyIn
[Architectury Transformer DEBUG] Found class transformer
[Architectury Transformer DEBUG] Writing com/imeetake/effectual/effects/PlayerRunEffect/PlayerRunEffect with maxs=true frames=true
[Architectury Transformer DEBUG] Transformed com/imeetake/effectual/effects/PlayerRunEffect/PlayerRunEffect in 4.339 ms
[Architectury Transformer DEBUG] Transforming from com/imeetake/effectual/effects/SteamEffect/SteamEffect.class to com/imeetake/effectual/effects/SteamEffect/SteamEffect.class with 6 transformer(s) on dev.architectury.transformer.handler.TinyRemapperPreparedTransformerHandler
[Architectury Transformer DEBUG] Remapping with 1 mapping provider(s):
[Architectury Transformer DEBUG]  - dev.architectury.transformer.transformers.TransformNeoForgeEnvironment$$Lambda/0x0000000f0102dc00@3bd40a57
[Architectury Transformer DEBUG] Remapping Classes:
[Architectury Transformer DEBUG] net/fabricmc/api/EnvType -> net/neoforged/api/distmarker/Dist
[Architectury Transformer DEBUG] net/fabricmc/api/Environment -> net/neoforged/api/distmarker/OnlyIn
[Architectury Transformer DEBUG] Found class transformer
[Architectury Transformer DEBUG] Writing com/imeetake/effectual/effects/SteamEffect/SteamEffect with maxs=true frames=true
[Architectury Transformer DEBUG] Transformed com/imeetake/effectual/effects/SteamEffect/SteamEffect in 5.071 ms
[Architectury Transformer DEBUG] Transforming from com/imeetake/effectual/effects/StripEffect/StripEffect.class to com/imeetake/effectual/effects/StripEffect/StripEffect.class with 6 transformer(s) on dev.architectury.transformer.handler.TinyRemapperPreparedTransformerHandler
[Architectury Transformer DEBUG] Remapping with 1 mapping provider(s):
[Architectury Transformer DEBUG]  - dev.architectury.transformer.transformers.TransformNeoForgeEnvironment$$Lambda/0x0000000f0102dc00@3bd40a57
[Architectury Transformer DEBUG] Remapping Classes:
[Architectury Transformer DEBUG] net/fabricmc/api/EnvType -> net/neoforged/api/distmarker/Dist
[Architectury Transformer DEBUG] net/fabricmc/api/Environment -> net/neoforged/api/distmarker/OnlyIn
[Architectury Transformer DEBUG] Found class transformer
[Architectury Transformer DEBUG] Writing com/imeetake/effectual/effects/StripEffect/StripEffect with maxs=true frames=true
[Architectury Transformer DEBUG] Transformed com/imeetake/effectual/effects/StripEffect/StripEffect in 4.524 ms
[Architectury Transformer DEBUG] Transforming from com/imeetake/effectual/effects/WitherDecay/WitherDecayEffect.class to com/imeetake/effectual/effects/WitherDecay/WitherDecayEffect.class with 6 transformer(s) on dev.architectury.transformer.handler.TinyRemapperPreparedTransformerHandler
[Architectury Transformer DEBUG] Remapping with 1 mapping provider(s):
[Architectury Transformer DEBUG]  - dev.architectury.transformer.transformers.TransformNeoForgeEnvironment$$Lambda/0x0000000f0102dc00@3bd40a57
[Architectury Transformer DEBUG] Remapping Classes:
[Architectury Transformer DEBUG] net/fabricmc/api/EnvType -> net/neoforged/api/distmarker/Dist
[Architectury Transformer DEBUG] net/fabricmc/api/Environment -> net/neoforged/api/distmarker/OnlyIn
[Architectury Transformer DEBUG] Found class transformer
[Architectury Transformer DEBUG] Writing com/imeetake/effectual/effects/WitherDecay/WitherDecayEffect with maxs=true frames=true
[Architectury Transformer DEBUG] Transformed com/imeetake/effectual/effects/WitherDecay/WitherDecayEffect in 4.358 ms
[Architectury Transformer DEBUG] Transforming from com/imeetake/effectual/effects/MouthSteam/MouthSteamEffect.class to com/imeetake/effectual/effects/MouthSteam/MouthSteamEffect.class with 6 transformer(s) on dev.architectury.transformer.handler.TinyRemapperPreparedTransformerHandler
[Architectury Transformer DEBUG] Remapping with 1 mapping provider(s):
[Architectury Transformer DEBUG]  - dev.architectury.transformer.transformers.TransformNeoForgeEnvironment$$Lambda/0x0000000f0102dc00@3bd40a57
[Architectury Transformer DEBUG] Remapping Classes:
[Architectury Transformer DEBUG] net/fabricmc/api/EnvType -> net/neoforged/api/distmarker/Dist
[Architectury Transformer DEBUG] net/fabricmc/api/Environment -> net/neoforged/api/distmarker/OnlyIn
[Architectury Transformer DEBUG] Found class transformer
[Architectury Transformer DEBUG] Writing com/imeetake/effectual/effects/MouthSteam/MouthSteamEffect with maxs=true frames=true
[Architectury Transformer DEBUG] Transformed com/imeetake/effectual/effects/MouthSteam/MouthSteamEffect in 4.759 ms
[Architectury Transformer DEBUG] Transforming from com/imeetake/effectual/effects/WaterDrip/WaterDripEffect.class to com/imeetake/effectual/effects/WaterDrip/WaterDripEffect.class with 6 transformer(s) on dev.architectury.transformer.handler.TinyRemapperPreparedTransformerHandler
[Architectury Transformer DEBUG] Remapping with 1 mapping provider(s):
[Architectury Transformer DEBUG]  - dev.architectury.transformer.transformers.TransformNeoForgeEnvironment$$Lambda/0x0000000f0102dc00@3bd40a57
[Architectury Transformer DEBUG] Remapping Classes:
[Architectury Transformer DEBUG] net/fabricmc/api/EnvType -> net/neoforged/api/distmarker/Dist
[Architectury Transformer DEBUG] net/fabricmc/api/Environment -> net/neoforged/api/distmarker/OnlyIn
[Architectury Transformer DEBUG] Found class transformer
[Architectury Transformer DEBUG] Writing com/imeetake/effectual/effects/WaterDrip/WaterDripEffect with maxs=true frames=true
[Architectury Transformer DEBUG] Transformed com/imeetake/effectual/effects/WaterDrip/WaterDripEffect in 3.516 ms
[Architectury Transformer DEBUG] Transforming from com/imeetake/effectual/effects/AirTrail/AirTrailEffect.class to com/imeetake/effectual/effects/AirTrail/AirTrailEffect.class with 6 transformer(s) on dev.architectury.transformer.handler.TinyRemapperPreparedTransformerHandler
[Architectury Transformer DEBUG] Remapping with 1 mapping provider(s):
[Architectury Transformer DEBUG]  - dev.architectury.transformer.transformers.TransformNeoForgeEnvironment$$Lambda/0x0000000f0102dc00@3bd40a57
[Architectury Transformer DEBUG] Remapping Classes:
[Architectury Transformer DEBUG] net/fabricmc/api/EnvType -> net/neoforged/api/distmarker/Dist
[Architectury Transformer DEBUG] net/fabricmc/api/Environment -> net/neoforged/api/distmarker/OnlyIn
[Architectury Transformer DEBUG] Found class transformer
[Architectury Transformer DEBUG] Writing com/imeetake/effectual/effects/AirTrail/AirTrailEffect with maxs=true frames=true
[Architectury Transformer DEBUG] Transformed com/imeetake/effectual/effects/AirTrail/AirTrailEffect in 3.391 ms
[Architectury Transformer DEBUG] Transforming from com/imeetake/effectual/effects/GoldGlow/TorchGlowEffect.class to com/imeetake/effectual/effects/GoldGlow/TorchGlowEffect.class with 6 transformer(s) on dev.architectury.transformer.handler.TinyRemapperPreparedTransformerHandler
[Architectury Transformer DEBUG] Remapping with 1 mapping provider(s):
[Architectury Transformer DEBUG]  - dev.architectury.transformer.transformers.TransformNeoForgeEnvironment$$Lambda/0x0000000f0102dc00@3bd40a57
[Architectury Transformer DEBUG] Remapping Classes:
[Architectury Transformer DEBUG] net/fabricmc/api/EnvType -> net/neoforged/api/distmarker/Dist
[Architectury Transformer DEBUG] net/fabricmc/api/Environment -> net/neoforged/api/distmarker/OnlyIn
[Architectury Transformer DEBUG] Found class transformer
[Architectury Transformer DEBUG] Writing com/imeetake/effectual/effects/GoldGlow/TorchGlowEffect with maxs=true frames=true
[Architectury Transformer DEBUG] Transformed com/imeetake/effectual/effects/GoldGlow/TorchGlowEffect in 3.708 ms
[Architectury Transformer DEBUG] Transforming from com/imeetake/effectual/effects/GoldGlow/LanternGlowEffect.class to com/imeetake/effectual/effects/GoldGlow/LanternGlowEffect.class with 6 transformer(s) on dev.architectury.transformer.handler.TinyRemapperPreparedTransformerHandler
[Architectury Transformer DEBUG] Remapping with 1 mapping provider(s):
[Architectury Transformer DEBUG]  - dev.architectury.transformer.transformers.TransformNeoForgeEnvironment$$Lambda/0x0000000f0102dc00@3bd40a57
[Architectury Transformer DEBUG] Remapping Classes:
[Architectury Transformer DEBUG] net/fabricmc/api/EnvType -> net/neoforged/api/distmarker/Dist
[Architectury Transformer DEBUG] net/fabricmc/api/Environment -> net/neoforged/api/distmarker/OnlyIn
[Architectury Transformer DEBUG] Found class transformer
[Architectury Transformer DEBUG] Writing com/imeetake/effectual/effects/GoldGlow/LanternGlowEffect with maxs=true frames=true
[Architectury Transformer DEBUG] Transformed com/imeetake/effectual/effects/GoldGlow/LanternGlowEffect in 3.634 ms
[Architectury Transformer DEBUG] Transforming from com/imeetake/effectual/effects/SoulGlow/SoulTorchGlowEffect.class to com/imeetake/effectual/effects/SoulGlow/SoulTorchGlowEffect.class with 6 transformer(s) on dev.architectury.transformer.handler.TinyRemapperPreparedTransformerHandler
[Architectury Transformer DEBUG] Remapping with 1 mapping provider(s):
[Architectury Transformer DEBUG]  - dev.architectury.transformer.transformers.TransformNeoForgeEnvironment$$Lambda/0x0000000f0102dc00@3bd40a57
[Architectury Transformer DEBUG] Remapping Classes:
[Architectury Transformer DEBUG] net/fabricmc/api/EnvType -> net/neoforged/api/distmarker/Dist
[Architectury Transformer DEBUG] net/fabricmc/api/Environment -> net/neoforged/api/distmarker/OnlyIn
[Architectury Transformer DEBUG] Found class transformer
[Architectury Transformer DEBUG] Writing com/imeetake/effectual/effects/SoulGlow/SoulTorchGlowEffect with maxs=true frames=true
[Architectury Transformer DEBUG] Transformed com/imeetake/effectual/effects/SoulGlow/SoulTorchGlowEffect in 3.090 ms
[Architectury Transformer DEBUG] Transforming from com/imeetake/effectual/effects/SoulGlow/SoulLanternGlowEffect.class to com/imeetake/effectual/effects/SoulGlow/SoulLanternGlowEffect.class with 6 transformer(s) on dev.architectury.transformer.handler.TinyRemapperPreparedTransformerHandler
[Architectury Transformer DEBUG] Remapping with 1 mapping provider(s):
[Architectury Transformer DEBUG]  - dev.architectury.transformer.transformers.TransformNeoForgeEnvironment$$Lambda/0x0000000f0102dc00@3bd40a57
[Architectury Transformer DEBUG] Remapping Classes:
[Architectury Transformer DEBUG] net/fabricmc/api/EnvType -> net/neoforged/api/distmarker/Dist
[Architectury Transformer DEBUG] net/fabricmc/api/Environment -> net/neoforged/api/distmarker/OnlyIn
[Architectury Transformer DEBUG] Found class transformer
[Architectury Transformer DEBUG] Writing com/imeetake/effectual/effects/SoulGlow/SoulLanternGlowEffect with maxs=true frames=true
[Architectury Transformer DEBUG] Transformed com/imeetake/effectual/effects/SoulGlow/SoulLanternGlowEffect in 2.947 ms
[Architectury Transformer DEBUG] Transforming from com/imeetake/effectual/effects/Sparks/FurnaceSparksEffect.class to com/imeetake/effectual/effects/Sparks/FurnaceSparksEffect.class with 6 transformer(s) on dev.architectury.transformer.handler.TinyRemapperPreparedTransformerHandler
[Architectury Transformer DEBUG] Remapping with 1 mapping provider(s):
[Architectury Transformer DEBUG]  - dev.architectury.transformer.transformers.TransformNeoForgeEnvironment$$Lambda/0x0000000f0102dc00@3bd40a57
[Architectury Transformer DEBUG] Remapping Classes:
[Architectury Transformer DEBUG] net/fabricmc/api/EnvType -> net/neoforged/api/distmarker/Dist
[Architectury Transformer DEBUG] net/fabricmc/api/Environment -> net/neoforged/api/distmarker/OnlyIn
[Architectury Transformer DEBUG] Found class transformer
[Architectury Transformer DEBUG] Writing com/imeetake/effectual/effects/Sparks/FurnaceSparksEffect with maxs=true frames=true
[Architectury Transformer DEBUG] Transformed com/imeetake/effectual/effects/Sparks/FurnaceSparksEffect in 3.152 ms
[Architectury Transformer DEBUG] Transforming from com/imeetake/effectual/effects/Sparks/FireImprovements.class to com/imeetake/effectual/effects/Sparks/FireImprovements.class with 6 transformer(s) on dev.architectury.transformer.handler.TinyRemapperPreparedTransformerHandler
[Architectury Transformer DEBUG] Remapping with 1 mapping provider(s):
[Architectury Transformer DEBUG]  - dev.architectury.transformer.transformers.TransformNeoForgeEnvironment$$Lambda/0x0000000f0102dc00@3bd40a57
[Architectury Transformer DEBUG] Remapping Classes:
[Architectury Transformer DEBUG] net/fabricmc/api/EnvType -> net/neoforged/api/distmarker/Dist
[Architectury Transformer DEBUG] net/fabricmc/api/Environment -> net/neoforged/api/distmarker/OnlyIn
[Architectury Transformer DEBUG] Found class transformer
[Architectury Transformer DEBUG] Writing com/imeetake/effectual/effects/Sparks/FireImprovements with maxs=true frames=true
[Architectury Transformer DEBUG] Transformed com/imeetake/effectual/effects/Sparks/FireImprovements in 2.961 ms
[Architectury Transformer DEBUG] Transforming from com/imeetake/effectual/effects/MetalSparks/SparksCartEffect.class to com/imeetake/effectual/effects/MetalSparks/SparksCartEffect.class with 6 transformer(s) on dev.architectury.transformer.handler.TinyRemapperPreparedTransformerHandler
[Architectury Transformer DEBUG] Remapping with 1 mapping provider(s):
[Architectury Transformer DEBUG]  - dev.architectury.transformer.transformers.TransformNeoForgeEnvironment$$Lambda/0x0000000f0102dc00@3bd40a57
[Architectury Transformer DEBUG] Remapping Classes:
[Architectury Transformer DEBUG] net/fabricmc/api/EnvType -> net/neoforged/api/distmarker/Dist
[Architectury Transformer DEBUG] net/fabricmc/api/Environment -> net/neoforged/api/distmarker/OnlyIn
[Architectury Transformer DEBUG] Found class transformer
[Architectury Transformer DEBUG] Writing com/imeetake/effectual/effects/MetalSparks/SparksCartEffect with maxs=true frames=true
[Architectury Transformer DEBUG] Transformed com/imeetake/effectual/effects/MetalSparks/SparksCartEffect in 2.760 ms
[Architectury Transformer DEBUG] Transforming from com/imeetake/effectual/effects/SparksSoul/SoulFireImprovements.class to com/imeetake/effectual/effects/SparksSoul/SoulFireImprovements.class with 6 transformer(s) on dev.architectury.transformer.handler.TinyRemapperPreparedTransformerHandler
[Architectury Transformer DEBUG] Remapping with 1 mapping provider(s):
[Architectury Transformer DEBUG]  - dev.architectury.transformer.transformers.TransformNeoForgeEnvironment$$Lambda/0x0000000f0102dc00@3bd40a57
[Architectury Transformer DEBUG] Remapping Classes:
[Architectury Transformer DEBUG] net/fabricmc/api/EnvType -> net/neoforged/api/distmarker/Dist
[Architectury Transformer DEBUG] net/fabricmc/api/Environment -> net/neoforged/api/distmarker/OnlyIn
[Architectury Transformer DEBUG] Found class transformer
[Architectury Transformer DEBUG] Writing com/imeetake/effectual/effects/SparksSoul/SoulFireImprovements with maxs=true frames=true
[Architectury Transformer DEBUG] Transformed com/imeetake/effectual/effects/SparksSoul/SoulFireImprovements in 2.902 ms
[Architectury Transformer DEBUG] Transforming from com/imeetake/effectual/ModParticles.class to com/imeetake/effectual/ModParticles.class with 6 transformer(s) on dev.architectury.transformer.handler.TinyRemapperPreparedTransformerHandler
[Architectury Transformer DEBUG] Remapping with 1 mapping provider(s):
[Architectury Transformer DEBUG]  - dev.architectury.transformer.transformers.TransformNeoForgeEnvironment$$Lambda/0x0000000f0102dc00@3bd40a57
[Architectury Transformer DEBUG] Remapping Classes:
[Architectury Transformer DEBUG] net/fabricmc/api/EnvType -> net/neoforged/api/distmarker/Dist
[Architectury Transformer DEBUG] net/fabricmc/api/Environment -> net/neoforged/api/distmarker/OnlyIn
[Architectury Transformer DEBUG] Found class transformer
[Architectury Transformer DEBUG] Writing com/imeetake/effectual/ModParticles with maxs=true frames=true
[Architectury Transformer DEBUG] Transformed com/imeetake/effectual/ModParticles in 3.216 ms
[Architectury Transformer DEBUG] Transforming from com/imeetake/effectual/ModParticles$9.class to com/imeetake/effectual/ModParticles$9.class with 6 transformer(s) on dev.architectury.transformer.handler.TinyRemapperPreparedTransformerHandler
[Architectury Transformer DEBUG] Remapping with 1 mapping provider(s):
[Architectury Transformer DEBUG]  - dev.architectury.transformer.transformers.TransformNeoForgeEnvironment$$Lambda/0x0000000f0102dc00@3bd40a57
[Architectury Transformer DEBUG] Remapping Classes:
[Architectury Transformer DEBUG] net/fabricmc/api/EnvType -> net/neoforged/api/distmarker/Dist
[Architectury Transformer DEBUG] net/fabricmc/api/Environment -> net/neoforged/api/distmarker/OnlyIn
[Architectury Transformer DEBUG] Found class transformer
[Architectury Transformer DEBUG] Writing com/imeetake/effectual/ModParticles$9 with maxs=true frames=true
[Architectury Transformer DEBUG] Transformed com/imeetake/effectual/ModParticles$9 in 2.852 ms
[Architectury Transformer DEBUG] Transforming from com/imeetake/effectual/ModParticles$8.class to com/imeetake/effectual/ModParticles$8.class with 6 transformer(s) on dev.architectury.transformer.handler.TinyRemapperPreparedTransformerHandler
[Architectury Transformer DEBUG] Remapping with 1 mapping provider(s):
[Architectury Transformer DEBUG]  - dev.architectury.transformer.transformers.TransformNeoForgeEnvironment$$Lambda/0x0000000f0102dc00@3bd40a57
[Architectury Transformer DEBUG] Remapping Classes:
[Architectury Transformer DEBUG] net/fabricmc/api/EnvType -> net/neoforged/api/distmarker/Dist
[Architectury Transformer DEBUG] net/fabricmc/api/Environment -> net/neoforged/api/distmarker/OnlyIn
[Architectury Transformer DEBUG] Found class transformer
[Architectury Transformer DEBUG] Writing com/imeetake/effectual/ModParticles$8 with maxs=true frames=true
[Architectury Transformer DEBUG] Transformed com/imeetake/effectual/ModParticles$8 in 2.460 ms
[Architectury Transformer DEBUG] Transforming from com/imeetake/effectual/ModParticles$7.class to com/imeetake/effectual/ModParticles$7.class with 6 transformer(s) on dev.architectury.transformer.handler.TinyRemapperPreparedTransformerHandler
[Architectury Transformer DEBUG] Remapping with 1 mapping provider(s):
[Architectury Transformer DEBUG]  - dev.architectury.transformer.transformers.TransformNeoForgeEnvironment$$Lambda/0x0000000f0102dc00@3bd40a57
[Architectury Transformer DEBUG] Remapping Classes:
[Architectury Transformer DEBUG] net/fabricmc/api/EnvType -> net/neoforged/api/distmarker/Dist
[Architectury Transformer DEBUG] net/fabricmc/api/Environment -> net/neoforged/api/distmarker/OnlyIn
[Architectury Transformer DEBUG] Found class transformer
[Architectury Transformer DEBUG] Writing com/imeetake/effectual/ModParticles$7 with maxs=true frames=true
[Architectury Transformer DEBUG] Transformed com/imeetake/effectual/ModParticles$7 in 2.587 ms
[Architectury Transformer DEBUG] Transforming from com/imeetake/effectual/ModParticles$6.class to com/imeetake/effectual/ModParticles$6.class with 6 transformer(s) on dev.architectury.transformer.handler.TinyRemapperPreparedTransformerHandler
[Architectury Transformer DEBUG] Remapping with 1 mapping provider(s):
[Architectury Transformer DEBUG]  - dev.architectury.transformer.transformers.TransformNeoForgeEnvironment$$Lambda/0x0000000f0102dc00@3bd40a57
[Architectury Transformer DEBUG] Remapping Classes:
[Architectury Transformer DEBUG] net/fabricmc/api/EnvType -> net/neoforged/api/distmarker/Dist
[Architectury Transformer DEBUG] net/fabricmc/api/Environment -> net/neoforged/api/distmarker/OnlyIn
[Architectury Transformer DEBUG] Found class transformer
[Architectury Transformer DEBUG] Writing com/imeetake/effectual/ModParticles$6 with maxs=true frames=true
[Architectury Transformer DEBUG] Transformed com/imeetake/effectual/ModParticles$6 in 3.383 ms
[Architectury Transformer DEBUG] Transforming from com/imeetake/effectual/ModParticles$5.class to com/imeetake/effectual/ModParticles$5.class with 6 transformer(s) on dev.architectury.transformer.handler.TinyRemapperPreparedTransformerHandler
[Architectury Transformer DEBUG] Remapping with 1 mapping provider(s):
[Architectury Transformer DEBUG]  - dev.architectury.transformer.transformers.TransformNeoForgeEnvironment$$Lambda/0x0000000f0102dc00@3bd40a57
[Architectury Transformer DEBUG] Remapping Classes:
[Architectury Transformer DEBUG] net/fabricmc/api/EnvType -> net/neoforged/api/distmarker/Dist
[Architectury Transformer DEBUG] net/fabricmc/api/Environment -> net/neoforged/api/distmarker/OnlyIn
[Architectury Transformer DEBUG] Found class transformer
[Architectury Transformer DEBUG] Writing com/imeetake/effectual/ModParticles$5 with maxs=true frames=true
[Architectury Transformer DEBUG] Transformed com/imeetake/effectual/ModParticles$5 in 3.162 ms
[Architectury Transformer DEBUG] Transforming from com/imeetake/effectual/ModParticles$4.class to com/imeetake/effectual/ModParticles$4.class with 6 transformer(s) on dev.architectury.transformer.handler.TinyRemapperPreparedTransformerHandler
[Architectury Transformer DEBUG] Remapping with 1 mapping provider(s):
[Architectury Transformer DEBUG]  - dev.architectury.transformer.transformers.TransformNeoForgeEnvironment$$Lambda/0x0000000f0102dc00@3bd40a57
[Architectury Transformer DEBUG] Remapping Classes:
[Architectury Transformer DEBUG] net/fabricmc/api/EnvType -> net/neoforged/api/distmarker/Dist
[Architectury Transformer DEBUG] net/fabricmc/api/Environment -> net/neoforged/api/distmarker/OnlyIn
[Architectury Transformer DEBUG] Found class transformer
[Architectury Transformer DEBUG] Writing com/imeetake/effectual/ModParticles$4 with maxs=true frames=true
[Architectury Transformer DEBUG] Transformed com/imeetake/effectual/ModParticles$4 in 3.294 ms
[Architectury Transformer DEBUG] Transforming from com/imeetake/effectual/ModParticles$3.class to com/imeetake/effectual/ModParticles$3.class with 6 transformer(s) on dev.architectury.transformer.handler.TinyRemapperPreparedTransformerHandler
[Architectury Transformer DEBUG] Remapping with 1 mapping provider(s):
[Architectury Transformer DEBUG]  - dev.architectury.transformer.transformers.TransformNeoForgeEnvironment$$Lambda/0x0000000f0102dc00@3bd40a57
[Architectury Transformer DEBUG] Remapping Classes:
[Architectury Transformer DEBUG] net/fabricmc/api/EnvType -> net/neoforged/api/distmarker/Dist
[Architectury Transformer DEBUG] net/fabricmc/api/Environment -> net/neoforged/api/distmarker/OnlyIn
[Architectury Transformer DEBUG] Found class transformer
[Architectury Transformer DEBUG] Writing com/imeetake/effectual/ModParticles$3 with maxs=true frames=true
[Architectury Transformer DEBUG] Transformed com/imeetake/effectual/ModParticles$3 in 3.114 ms
[Architectury Transformer DEBUG] Transforming from com/imeetake/effectual/ModParticles$1.class to com/imeetake/effectual/ModParticles$1.class with 6 transformer(s) on dev.architectury.transformer.handler.TinyRemapperPreparedTransformerHandler
[Architectury Transformer DEBUG] Remapping with 1 mapping provider(s):
[Architectury Transformer DEBUG]  - dev.architectury.transformer.transformers.TransformNeoForgeEnvironment$$Lambda/0x0000000f0102dc00@3bd40a57
[Architectury Transformer DEBUG] Remapping Classes:
[Architectury Transformer DEBUG] net/fabricmc/api/EnvType -> net/neoforged/api/distmarker/Dist
[Architectury Transformer DEBUG] net/fabricmc/api/Environment -> net/neoforged/api/distmarker/OnlyIn
[Architectury Transformer DEBUG] Found class transformer
[Architectury Transformer DEBUG] Writing com/imeetake/effectual/ModParticles$1 with maxs=true frames=true
[Architectury Transformer DEBUG] Transformed com/imeetake/effectual/ModParticles$1 in 3.096 ms
[Architectury Transformer DEBUG] Transforming from com/imeetake/effectual/ModParticles$2.class to com/imeetake/effectual/ModParticles$2.class with 6 transformer(s) on dev.architectury.transformer.handler.TinyRemapperPreparedTransformerHandler
[Architectury Transformer DEBUG] Remapping with 1 mapping provider(s):
[Architectury Transformer DEBUG]  - dev.architectury.transformer.transformers.TransformNeoForgeEnvironment$$Lambda/0x0000000f0102dc00@3bd40a57
[Architectury Transformer DEBUG] Remapping Classes:
[Architectury Transformer DEBUG] net/fabricmc/api/EnvType -> net/neoforged/api/distmarker/Dist
[Architectury Transformer DEBUG] net/fabricmc/api/Environment -> net/neoforged/api/distmarker/OnlyIn
[Architectury Transformer DEBUG] Found class transformer
[Architectury Transformer DEBUG] Writing com/imeetake/effectual/ModParticles$2 with maxs=true frames=true
[Architectury Transformer DEBUG] Transformed com/imeetake/effectual/ModParticles$2 in 3.202 ms
[Architectury Transformer DEBUG] Transforming from com/imeetake/effectual/effects/SparksSoul/SoulSparkParticle.class to com/imeetake/effectual/effects/SparksSoul/SoulSparkParticle.class with 6 transformer(s) on dev.architectury.transformer.handler.TinyRemapperPreparedTransformerHandler
[Architectury Transformer DEBUG] Remapping with 1 mapping provider(s):
[Architectury Transformer DEBUG]  - dev.architectury.transformer.transformers.TransformNeoForgeEnvironment$$Lambda/0x0000000f0102dc00@3bd40a57
[Architectury Transformer DEBUG] Remapping Classes:
[Architectury Transformer DEBUG] net/fabricmc/api/EnvType -> net/neoforged/api/distmarker/Dist
[Architectury Transformer DEBUG] net/fabricmc/api/Environment -> net/neoforged/api/distmarker/OnlyIn
[Architectury Transformer DEBUG] Found class transformer
[Architectury Transformer DEBUG] Writing com/imeetake/effectual/effects/SparksSoul/SoulSparkParticle with maxs=true frames=true
[Architectury Transformer DEBUG] Transformed com/imeetake/effectual/effects/SparksSoul/SoulSparkParticle in 4.844 ms
[Architectury Transformer DEBUG] Transforming from com/imeetake/effectual/effects/Sparks/SparkParticle.class to com/imeetake/effectual/effects/Sparks/SparkParticle.class with 6 transformer(s) on dev.architectury.transformer.handler.TinyRemapperPreparedTransformerHandler
[Architectury Transformer DEBUG] Remapping with 1 mapping provider(s):
[Architectury Transformer DEBUG]  - dev.architectury.transformer.transformers.TransformNeoForgeEnvironment$$Lambda/0x0000000f0102dc00@3bd40a57
[Architectury Transformer DEBUG] Remapping Classes:
[Architectury Transformer DEBUG] net/fabricmc/api/EnvType -> net/neoforged/api/distmarker/Dist
[Architectury Transformer DEBUG] net/fabricmc/api/Environment -> net/neoforged/api/distmarker/OnlyIn
[Architectury Transformer DEBUG] Found class transformer
[Architectury Transformer DEBUG] Writing com/imeetake/effectual/effects/Sparks/SparkParticle with maxs=true frames=true
[Architectury Transformer DEBUG] Transformed com/imeetake/effectual/effects/Sparks/SparkParticle in 4.149 ms
[Architectury Transformer DEBUG] Transforming from com/imeetake/effectual/effects/SoulGlow/SoulGlowParticle.class to com/imeetake/effectual/effects/SoulGlow/SoulGlowParticle.class with 6 transformer(s) on dev.architectury.transformer.handler.TinyRemapperPreparedTransformerHandler
[Architectury Transformer DEBUG] Remapping with 1 mapping provider(s):
[Architectury Transformer DEBUG]  - dev.architectury.transformer.transformers.TransformNeoForgeEnvironment$$Lambda/0x0000000f0102dc00@3bd40a57
[Architectury Transformer DEBUG] Remapping Classes:
[Architectury Transformer DEBUG] net/fabricmc/api/EnvType -> net/neoforged/api/distmarker/Dist
[Architectury Transformer DEBUG] net/fabricmc/api/Environment -> net/neoforged/api/distmarker/OnlyIn
[Architectury Transformer DEBUG] Found class transformer
[Architectury Transformer DEBUG] Writing com/imeetake/effectual/effects/SoulGlow/SoulGlowParticle with maxs=true frames=true
[Architectury Transformer DEBUG] Transformed com/imeetake/effectual/effects/SoulGlow/SoulGlowParticle in 3.972 ms
[Architectury Transformer DEBUG] Transforming from com/imeetake/effectual/effects/GoldGlow/GoldGlowParticle.class to com/imeetake/effectual/effects/GoldGlow/GoldGlowParticle.class with 6 transformer(s) on dev.architectury.transformer.handler.TinyRemapperPreparedTransformerHandler
[Architectury Transformer DEBUG] Remapping with 1 mapping provider(s):
[Architectury Transformer DEBUG]  - dev.architectury.transformer.transformers.TransformNeoForgeEnvironment$$Lambda/0x0000000f0102dc00@3bd40a57
[Architectury Transformer DEBUG] Remapping Classes:
[Architectury Transformer DEBUG] net/fabricmc/api/EnvType -> net/neoforged/api/distmarker/Dist
[Architectury Transformer DEBUG] net/fabricmc/api/Environment -> net/neoforged/api/distmarker/OnlyIn
[Architectury Transformer DEBUG] Found class transformer
[Architectury Transformer DEBUG] Writing com/imeetake/effectual/effects/GoldGlow/GoldGlowParticle with maxs=true frames=true
[Architectury Transformer DEBUG] Transformed com/imeetake/effectual/effects/GoldGlow/GoldGlowParticle in 3.925 ms
[Architectury Transformer DEBUG] Transforming from com/imeetake/effectual/effects/AirTrail/AirTrailParticle.class to com/imeetake/effectual/effects/AirTrail/AirTrailParticle.class with 6 transformer(s) on dev.architectury.transformer.handler.TinyRemapperPreparedTransformerHandler
[Architectury Transformer DEBUG] Remapping with 1 mapping provider(s):
[Architectury Transformer DEBUG]  - dev.architectury.transformer.transformers.TransformNeoForgeEnvironment$$Lambda/0x0000000f0102dc00@3bd40a57
[Architectury Transformer DEBUG] Remapping Classes:
[Architectury Transformer DEBUG] net/fabricmc/api/EnvType -> net/neoforged/api/distmarker/Dist
[Architectury Transformer DEBUG] net/fabricmc/api/Environment -> net/neoforged/api/distmarker/OnlyIn
[Architectury Transformer DEBUG] Found class transformer
[Architectury Transformer DEBUG] Writing com/imeetake/effectual/effects/AirTrail/AirTrailParticle with maxs=true frames=true
[Architectury Transformer DEBUG] Transformed com/imeetake/effectual/effects/AirTrail/AirTrailParticle in 3.481 ms
[Architectury Transformer DEBUG] Transforming from com/imeetake/effectual/effects/PlayerRunEffect/DustParticles/SandDustParticle$Factory.class to com/imeetake/effectual/effects/PlayerRunEffect/DustParticles/SandDustParticle$Factory.class with 6 transformer(s) on dev.architectury.transformer.handler.TinyRemapperPreparedTransformerHandler
[Architectury Transformer DEBUG] Remapping with 1 mapping provider(s):
[Architectury Transformer DEBUG]  - dev.architectury.transformer.transformers.TransformNeoForgeEnvironment$$Lambda/0x0000000f0102dc00@3bd40a57
[Architectury Transformer DEBUG] Remapping Classes:
[Architectury Transformer DEBUG] net/fabricmc/api/EnvType -> net/neoforged/api/distmarker/Dist
[Architectury Transformer DEBUG] net/fabricmc/api/Environment -> net/neoforged/api/distmarker/OnlyIn
[Architectury Transformer DEBUG] Found class transformer
[Architectury Transformer DEBUG] Writing com/imeetake/effectual/effects/PlayerRunEffect/DustParticles/SandDustParticle$Factory with maxs=true frames=true
[Architectury Transformer DEBUG] Transformed com/imeetake/effectual/effects/PlayerRunEffect/DustParticles/SandDustParticle$Factory in 4.130 ms
[Architectury Transformer DEBUG] Transforming from com/imeetake/effectual/effects/PlayerRunEffect/DustParticles/SandDustParticle.class to com/imeetake/effectual/effects/PlayerRunEffect/DustParticles/SandDustParticle.class with 6 transformer(s) on dev.architectury.transformer.handler.TinyRemapperPreparedTransformerHandler
[Architectury Transformer DEBUG] Remapping with 1 mapping provider(s):
[Architectury Transformer DEBUG]  - dev.architectury.transformer.transformers.TransformNeoForgeEnvironment$$Lambda/0x0000000f0102dc00@3bd40a57
[Architectury Transformer DEBUG] Remapping Classes:
[Architectury Transformer DEBUG] net/fabricmc/api/EnvType -> net/neoforged/api/distmarker/Dist
[Architectury Transformer DEBUG] net/fabricmc/api/Environment -> net/neoforged/api/distmarker/OnlyIn
[Architectury Transformer DEBUG] Found class transformer
[Architectury Transformer DEBUG] Writing com/imeetake/effectual/effects/PlayerRunEffect/DustParticles/SandDustParticle with maxs=true frames=true
[Architectury Transformer DEBUG] Transformed com/imeetake/effectual/effects/PlayerRunEffect/DustParticles/SandDustParticle in 2.850 ms
[Architectury Transformer DEBUG] Transforming from com/imeetake/effectual/effects/PlayerRunEffect/RunDustParticle.class to com/imeetake/effectual/effects/PlayerRunEffect/RunDustParticle.class with 6 transformer(s) on dev.architectury.transformer.handler.TinyRemapperPreparedTransformerHandler
[Architectury Transformer DEBUG] Remapping with 1 mapping provider(s):
[Architectury Transformer DEBUG]  - dev.architectury.transformer.transformers.TransformNeoForgeEnvironment$$Lambda/0x0000000f0102dc00@3bd40a57
[Architectury Transformer DEBUG] Remapping Classes:
[Architectury Transformer DEBUG] net/fabricmc/api/EnvType -> net/neoforged/api/distmarker/Dist
[Architectury Transformer DEBUG] net/fabricmc/api/Environment -> net/neoforged/api/distmarker/OnlyIn
[Architectury Transformer DEBUG] Found class transformer
[Architectury Transformer DEBUG] Writing com/imeetake/effectual/effects/PlayerRunEffect/RunDustParticle with maxs=true frames=true
[Architectury Transformer DEBUG] Transformed com/imeetake/effectual/effects/PlayerRunEffect/RunDustParticle in 3.256 ms
[Architectury Transformer DEBUG] Transforming from com/imeetake/effectual/effects/PlayerRunEffect/DustParticles/RedSandDustParticle$Factory.class to com/imeetake/effectual/effects/PlayerRunEffect/DustParticles/RedSandDustParticle$Factory.class with 6 transformer(s) on dev.architectury.transformer.handler.TinyRemapperPreparedTransformerHandler
[Architectury Transformer DEBUG] Remapping with 1 mapping provider(s):
[Architectury Transformer DEBUG]  - dev.architectury.transformer.transformers.TransformNeoForgeEnvironment$$Lambda/0x0000000f0102dc00@3bd40a57
[Architectury Transformer DEBUG] Remapping Classes:
[Architectury Transformer DEBUG] net/fabricmc/api/EnvType -> net/neoforged/api/distmarker/Dist
[Architectury Transformer DEBUG] net/fabricmc/api/Environment -> net/neoforged/api/distmarker/OnlyIn
[Architectury Transformer DEBUG] Found class transformer
[Architectury Transformer DEBUG] Writing com/imeetake/effectual/effects/PlayerRunEffect/DustParticles/RedSandDustParticle$Factory with maxs=true frames=true
[Architectury Transformer DEBUG] Transformed com/imeetake/effectual/effects/PlayerRunEffect/DustParticles/RedSandDustParticle$Factory in 3.274 ms
[Architectury Transformer DEBUG] Transforming from com/imeetake/effectual/effects/PlayerRunEffect/DustParticles/RedSandDustParticle.class to com/imeetake/effectual/effects/PlayerRunEffect/DustParticles/RedSandDustParticle.class with 6 transformer(s) on dev.architectury.transformer.handler.TinyRemapperPreparedTransformerHandler
[Architectury Transformer DEBUG] Remapping with 1 mapping provider(s):
[Architectury Transformer DEBUG]  - dev.architectury.transformer.transformers.TransformNeoForgeEnvironment$$Lambda/0x0000000f0102dc00@3bd40a57
[Architectury Transformer DEBUG] Remapping Classes:
[Architectury Transformer DEBUG] net/fabricmc/api/EnvType -> net/neoforged/api/distmarker/Dist
[Architectury Transformer DEBUG] net/fabricmc/api/Environment -> net/neoforged/api/distmarker/OnlyIn
[Architectury Transformer DEBUG] Found class transformer
[Architectury Transformer DEBUG] Writing com/imeetake/effectual/effects/PlayerRunEffect/DustParticles/RedSandDustParticle with maxs=true frames=true
[Architectury Transformer DEBUG] Transformed com/imeetake/effectual/effects/PlayerRunEffect/DustParticles/RedSandDustParticle in 2.963 ms
[Architectury Transformer DEBUG] Transforming from com/imeetake/effectual/effects/PlayerRunEffect/DustParticles/SnowDustParticle$Factory.class to com/imeetake/effectual/effects/PlayerRunEffect/DustParticles/SnowDustParticle$Factory.class with 6 transformer(s) on dev.architectury.transformer.handler.TinyRemapperPreparedTransformerHandler
[Architectury Transformer DEBUG] Remapping with 1 mapping provider(s):
[Architectury Transformer DEBUG]  - dev.architectury.transformer.transformers.TransformNeoForgeEnvironment$$Lambda/0x0000000f0102dc00@3bd40a57
[Architectury Transformer DEBUG] Remapping Classes:
[Architectury Transformer DEBUG] net/fabricmc/api/EnvType -> net/neoforged/api/distmarker/Dist
[Architectury Transformer DEBUG] net/fabricmc/api/Environment -> net/neoforged/api/distmarker/OnlyIn
[Architectury Transformer DEBUG] Found class transformer
[Architectury Transformer DEBUG] Writing com/imeetake/effectual/effects/PlayerRunEffect/DustParticles/SnowDustParticle$Factory with maxs=true frames=true
[Architectury Transformer DEBUG] Transformed com/imeetake/effectual/effects/PlayerRunEffect/DustParticles/SnowDustParticle$Factory in 2.961 ms
[Architectury Transformer DEBUG] Transforming from com/imeetake/effectual/effects/PlayerRunEffect/DustParticles/SnowDustParticle.class to com/imeetake/effectual/effects/PlayerRunEffect/DustParticles/SnowDustParticle.class with 6 transformer(s) on dev.architectury.transformer.handler.TinyRemapperPreparedTransformerHandler
[Architectury Transformer DEBUG] Remapping with 1 mapping provider(s):
[Architectury Transformer DEBUG]  - dev.architectury.transformer.transformers.TransformNeoForgeEnvironment$$Lambda/0x0000000f0102dc00@3bd40a57
[Architectury Transformer DEBUG] Remapping Classes:
[Architectury Transformer DEBUG] net/fabricmc/api/EnvType -> net/neoforged/api/distmarker/Dist
[Architectury Transformer DEBUG] net/fabricmc/api/Environment -> net/neoforged/api/distmarker/OnlyIn
[Architectury Transformer DEBUG] Found class transformer
[Architectury Transformer DEBUG] Writing com/imeetake/effectual/effects/PlayerRunEffect/DustParticles/SnowDustParticle with maxs=true frames=true
[Architectury Transformer DEBUG] Transformed com/imeetake/effectual/effects/PlayerRunEffect/DustParticles/SnowDustParticle in 3.314 ms
[Architectury Transformer DEBUG] Transforming from com/imeetake/effectual/effects/PlayerRunEffect/DustParticles/GravelDustParticle$Factory.class to com/imeetake/effectual/effects/PlayerRunEffect/DustParticles/GravelDustParticle$Factory.class with 6 transformer(s) on dev.architectury.transformer.handler.TinyRemapperPreparedTransformerHandler
[Architectury Transformer DEBUG] Remapping with 1 mapping provider(s):
[Architectury Transformer DEBUG]  - dev.architectury.transformer.transformers.TransformNeoForgeEnvironment$$Lambda/0x0000000f0102dc00@3bd40a57
[Architectury Transformer DEBUG] Remapping Classes:
[Architectury Transformer DEBUG] net/fabricmc/api/EnvType -> net/neoforged/api/distmarker/Dist
[Architectury Transformer DEBUG] net/fabricmc/api/Environment -> net/neoforged/api/distmarker/OnlyIn
[Architectury Transformer DEBUG] Found class transformer
[Architectury Transformer DEBUG] Writing com/imeetake/effectual/effects/PlayerRunEffect/DustParticles/GravelDustParticle$Factory with maxs=true frames=true
[Architectury Transformer DEBUG] Transformed com/imeetake/effectual/effects/PlayerRunEffect/DustParticles/GravelDustParticle$Factory in 3.066 ms
[Architectury Transformer DEBUG] Transforming from com/imeetake/effectual/effects/PlayerRunEffect/DustParticles/GravelDustParticle.class to com/imeetake/effectual/effects/PlayerRunEffect/DustParticles/GravelDustParticle.class with 6 transformer(s) on dev.architectury.transformer.handler.TinyRemapperPreparedTransformerHandler
[Architectury Transformer DEBUG] Remapping with 1 mapping provider(s):
[Architectury Transformer DEBUG]  - dev.architectury.transformer.transformers.TransformNeoForgeEnvironment$$Lambda/0x0000000f0102dc00@3bd40a57
[Architectury Transformer DEBUG] Remapping Classes:
[Architectury Transformer DEBUG] net/fabricmc/api/EnvType -> net/neoforged/api/distmarker/Dist
[Architectury Transformer DEBUG] net/fabricmc/api/Environment -> net/neoforged/api/distmarker/OnlyIn
[Architectury Transformer DEBUG] Found class transformer
[Architectury Transformer DEBUG] Writing com/imeetake/effectual/effects/PlayerRunEffect/DustParticles/GravelDustParticle with maxs=true frames=true
[Architectury Transformer DEBUG] Transformed com/imeetake/effectual/effects/PlayerRunEffect/DustParticles/GravelDustParticle in 2.919 ms
[Architectury Transformer DEBUG] Transforming from com/imeetake/effectual/effects/PlayerRunEffect/DustParticles/MudDustParticle$Factory.class to com/imeetake/effectual/effects/PlayerRunEffect/DustParticles/MudDustParticle$Factory.class with 6 transformer(s) on dev.architectury.transformer.handler.TinyRemapperPreparedTransformerHandler
[Architectury Transformer DEBUG] Remapping with 1 mapping provider(s):
[Architectury Transformer DEBUG]  - dev.architectury.transformer.transformers.TransformNeoForgeEnvironment$$Lambda/0x0000000f0102dc00@3bd40a57
[Architectury Transformer DEBUG] Remapping Classes:
[Architectury Transformer DEBUG] net/fabricmc/api/EnvType -> net/neoforged/api/distmarker/Dist
[Architectury Transformer DEBUG] net/fabricmc/api/Environment -> net/neoforged/api/distmarker/OnlyIn
[Architectury Transformer DEBUG] Found class transformer
[Architectury Transformer DEBUG] Writing com/imeetake/effectual/effects/PlayerRunEffect/DustParticles/MudDustParticle$Factory with maxs=true frames=true
[Architectury Transformer DEBUG] Transformed com/imeetake/effectual/effects/PlayerRunEffect/DustParticles/MudDustParticle$Factory in 3.374 ms
[Architectury Transformer DEBUG] Transforming from com/imeetake/effectual/effects/PlayerRunEffect/DustParticles/MudDustParticle.class to com/imeetake/effectual/effects/PlayerRunEffect/DustParticles/MudDustParticle.class with 6 transformer(s) on dev.architectury.transformer.handler.TinyRemapperPreparedTransformerHandler
[Architectury Transformer DEBUG] Remapping with 1 mapping provider(s):
[Architectury Transformer DEBUG]  - dev.architectury.transformer.transformers.TransformNeoForgeEnvironment$$Lambda/0x0000000f0102dc00@3bd40a57
[Architectury Transformer DEBUG] Remapping Classes:
[Architectury Transformer DEBUG] net/fabricmc/api/EnvType -> net/neoforged/api/distmarker/Dist
[Architectury Transformer DEBUG] net/fabricmc/api/Environment -> net/neoforged/api/distmarker/OnlyIn
[Architectury Transformer DEBUG] Found class transformer
[Architectury Transformer DEBUG] Writing com/imeetake/effectual/effects/PlayerRunEffect/DustParticles/MudDustParticle with maxs=true frames=true
[Architectury Transformer DEBUG] Transformed com/imeetake/effectual/effects/PlayerRunEffect/DustParticles/MudDustParticle in 3.202 ms
[Architectury Transformer DEBUG] Transforming from com/imeetake/effectual/effects/MouthSteam/MouthSteamParticleFactory.class to com/imeetake/effectual/effects/MouthSteam/MouthSteamParticleFactory.class with 6 transformer(s) on dev.architectury.transformer.handler.TinyRemapperPreparedTransformerHandler
[Architectury Transformer DEBUG] Remapping with 1 mapping provider(s):
[Architectury Transformer DEBUG]  - dev.architectury.transformer.transformers.TransformNeoForgeEnvironment$$Lambda/0x0000000f0102dc00@3bd40a57
[Architectury Transformer DEBUG] Remapping Classes:
[Architectury Transformer DEBUG] net/fabricmc/api/EnvType -> net/neoforged/api/distmarker/Dist
[Architectury Transformer DEBUG] net/fabricmc/api/Environment -> net/neoforged/api/distmarker/OnlyIn
[Architectury Transformer DEBUG] Found class transformer
[Architectury Transformer DEBUG] Writing com/imeetake/effectual/effects/MouthSteam/MouthSteamParticleFactory with maxs=true frames=true
[Architectury Transformer DEBUG] Transformed com/imeetake/effectual/effects/MouthSteam/MouthSteamParticleFactory in 3.221 ms
[Architectury Transformer DEBUG] Transforming from com/imeetake/effectual/effects/MouthSteam/MouthSteamParticle.class to com/imeetake/effectual/effects/MouthSteam/MouthSteamParticle.class with 6 transformer(s) on dev.architectury.transformer.handler.TinyRemapperPreparedTransformerHandler
[Architectury Transformer DEBUG] Remapping with 1 mapping provider(s):
[Architectury Transformer DEBUG]  - dev.architectury.transformer.transformers.TransformNeoForgeEnvironment$$Lambda/0x0000000f0102dc00@3bd40a57
[Architectury Transformer DEBUG] Remapping Classes:
[Architectury Transformer DEBUG] net/fabricmc/api/EnvType -> net/neoforged/api/distmarker/Dist
[Architectury Transformer DEBUG] net/fabricmc/api/Environment -> net/neoforged/api/distmarker/OnlyIn
[Architectury Transformer DEBUG] Found class transformer
[Architectury Transformer DEBUG] Writing com/imeetake/effectual/effects/MouthSteam/MouthSteamParticle with maxs=true frames=true
[Architectury Transformer DEBUG] Transformed com/imeetake/effectual/effects/MouthSteam/MouthSteamParticle in 3.201 ms
[Architectury Transformer DEBUG] Transforming from com/imeetake/effectual/effects/WaterDrip/WaterDripParticleFactory.class to com/imeetake/effectual/effects/WaterDrip/WaterDripParticleFactory.class with 6 transformer(s) on dev.architectury.transformer.handler.TinyRemapperPreparedTransformerHandler
[Architectury Transformer DEBUG] Remapping with 1 mapping provider(s):
[Architectury Transformer DEBUG]  - dev.architectury.transformer.transformers.TransformNeoForgeEnvironment$$Lambda/0x0000000f0102dc00@3bd40a57
[Architectury Transformer DEBUG] Remapping Classes:
[Architectury Transformer DEBUG] net/fabricmc/api/EnvType -> net/neoforged/api/distmarker/Dist
[Architectury Transformer DEBUG] net/fabricmc/api/Environment -> net/neoforged/api/distmarker/OnlyIn
[Architectury Transformer DEBUG] Found class transformer
[Architectury Transformer DEBUG] Writing com/imeetake/effectual/effects/WaterDrip/WaterDripParticleFactory with maxs=true frames=true
[Architectury Transformer DEBUG] Transformed com/imeetake/effectual/effects/WaterDrip/WaterDripParticleFactory in 3.395 ms
[Architectury Transformer DEBUG] Transforming from com/imeetake/effectual/effects/WaterDrip/WaterDripParticle.class to com/imeetake/effectual/effects/WaterDrip/WaterDripParticle.class with 6 transformer(s) on dev.architectury.transformer.handler.TinyRemapperPreparedTransformerHandler
[Architectury Transformer DEBUG] Remapping with 1 mapping provider(s):
[Architectury Transformer DEBUG]  - dev.architectury.transformer.transformers.TransformNeoForgeEnvironment$$Lambda/0x0000000f0102dc00@3bd40a57
[Architectury Transformer DEBUG] Remapping Classes:
[Architectury Transformer DEBUG] net/fabricmc/api/EnvType -> net/neoforged/api/distmarker/Dist
[Architectury Transformer DEBUG] net/fabricmc/api/Environment -> net/neoforged/api/distmarker/OnlyIn
[Architectury Transformer DEBUG] Found class transformer
[Architectury Transformer DEBUG] Writing com/imeetake/effectual/effects/WaterDrip/WaterDripParticle with maxs=true frames=true
[Architectury Transformer DEBUG] Transformed com/imeetake/effectual/effects/WaterDrip/WaterDripParticle in 3.533 ms
[Architectury Transformer DEBUG] Transforming from com/imeetake/effectual/effects/MetalSparks/MetalSparkParticle$Factory.class to com/imeetake/effectual/effects/MetalSparks/MetalSparkParticle$Factory.class with 6 transformer(s) on dev.architectury.transformer.handler.TinyRemapperPreparedTransformerHandler
[Architectury Transformer DEBUG] Remapping with 1 mapping provider(s):
[Architectury Transformer DEBUG]  - dev.architectury.transformer.transformers.TransformNeoForgeEnvironment$$Lambda/0x0000000f0102dc00@3bd40a57
[Architectury Transformer DEBUG] Remapping Classes:
[Architectury Transformer DEBUG] net/fabricmc/api/EnvType -> net/neoforged/api/distmarker/Dist
[Architectury Transformer DEBUG] net/fabricmc/api/Environment -> net/neoforged/api/distmarker/OnlyIn
[Architectury Transformer DEBUG] Found class transformer
[Architectury Transformer DEBUG] Writing com/imeetake/effectual/effects/MetalSparks/MetalSparkParticle$Factory with maxs=true frames=true
[Architectury Transformer DEBUG] Transformed com/imeetake/effectual/effects/MetalSparks/MetalSparkParticle$Factory in 3.097 ms
[Architectury Transformer DEBUG] Transforming from com/imeetake/effectual/effects/MetalSparks/MetalSparkParticle.class to com/imeetake/effectual/effects/MetalSparks/MetalSparkParticle.class with 6 transformer(s) on dev.architectury.transformer.handler.TinyRemapperPreparedTransformerHandler
[Architectury Transformer DEBUG] Remapping with 1 mapping provider(s):
[Architectury Transformer DEBUG]  - dev.architectury.transformer.transformers.TransformNeoForgeEnvironment$$Lambda/0x0000000f0102dc00@3bd40a57
[Architectury Transformer DEBUG] Remapping Classes:
[Architectury Transformer DEBUG] net/fabricmc/api/EnvType -> net/neoforged/api/distmarker/Dist
[Architectury Transformer DEBUG] net/fabricmc/api/Environment -> net/neoforged/api/distmarker/OnlyIn
[Architectury Transformer DEBUG] Found class transformer
[Architectury Transformer DEBUG] Writing com/imeetake/effectual/effects/MetalSparks/MetalSparkParticle with maxs=true frames=true
[Architectury Transformer DEBUG] Transformed com/imeetake/effectual/effects/MetalSparks/MetalSparkParticle in 3.238 ms
[Architectury Transformer DEBUG] Transforming from com/imeetake/effectual/effects/FireEntitySparks/EntitySparkParticle$Factory.class to com/imeetake/effectual/effects/FireEntitySparks/EntitySparkParticle$Factory.class with 6 transformer(s) on dev.architectury.transformer.handler.TinyRemapperPreparedTransformerHandler
[Architectury Transformer DEBUG] Remapping with 1 mapping provider(s):
[Architectury Transformer DEBUG]  - dev.architectury.transformer.transformers.TransformNeoForgeEnvironment$$Lambda/0x0000000f0102dc00@3bd40a57
[Architectury Transformer DEBUG] Remapping Classes:
[Architectury Transformer DEBUG] net/fabricmc/api/EnvType -> net/neoforged/api/distmarker/Dist
[Architectury Transformer DEBUG] net/fabricmc/api/Environment -> net/neoforged/api/distmarker/OnlyIn
[Architectury Transformer DEBUG] Found class transformer
[Architectury Transformer DEBUG] Writing com/imeetake/effectual/effects/FireEntitySparks/EntitySparkParticle$Factory with maxs=true frames=true
[Architectury Transformer DEBUG] Transformed com/imeetake/effectual/effects/FireEntitySparks/EntitySparkParticle$Factory in 3.292 ms
[Architectury Transformer DEBUG] Transforming from com/imeetake/effectual/effects/FireEntitySparks/EntitySparkParticle.class to com/imeetake/effectual/effects/FireEntitySparks/EntitySparkParticle.class with 6 transformer(s) on dev.architectury.transformer.handler.TinyRemapperPreparedTransformerHandler
[Architectury Transformer DEBUG] Remapping with 1 mapping provider(s):
[Architectury Transformer DEBUG]  - dev.architectury.transformer.transformers.TransformNeoForgeEnvironment$$Lambda/0x0000000f0102dc00@3bd40a57
[Architectury Transformer DEBUG] Remapping Classes:
[Architectury Transformer DEBUG] net/fabricmc/api/EnvType -> net/neoforged/api/distmarker/Dist
[Architectury Transformer DEBUG] net/fabricmc/api/Environment -> net/neoforged/api/distmarker/OnlyIn
[Architectury Transformer DEBUG] Found class transformer
[Architectury Transformer DEBUG] Writing com/imeetake/effectual/effects/FireEntitySparks/EntitySparkParticle with maxs=true frames=true
[Architectury Transformer DEBUG] Transformed com/imeetake/effectual/effects/FireEntitySparks/EntitySparkParticle in 3.630 ms
[Architectury Transformer DEBUG] Transforming from com/imeetake/effectual/effects/CauldronFill/CauldronFillEffect$Kind.class to com/imeetake/effectual/effects/CauldronFill/CauldronFillEffect$Kind.class with 6 transformer(s) on dev.architectury.transformer.handler.TinyRemapperPreparedTransformerHandler
[Architectury Transformer DEBUG] Remapping with 1 mapping provider(s):
[Architectury Transformer DEBUG]  - dev.architectury.transformer.transformers.TransformNeoForgeEnvironment$$Lambda/0x0000000f0102dc00@3bd40a57
[Architectury Transformer DEBUG] Remapping Classes:
[Architectury Transformer DEBUG] net/fabricmc/api/EnvType -> net/neoforged/api/distmarker/Dist
[Architectury Transformer DEBUG] net/fabricmc/api/Environment -> net/neoforged/api/distmarker/OnlyIn
[Architectury Transformer DEBUG] Found class transformer
[Architectury Transformer DEBUG] Writing com/imeetake/effectual/effects/CauldronFill/CauldronFillEffect$Kind with maxs=true frames=true
[Architectury Transformer DEBUG] Transformed com/imeetake/effectual/effects/CauldronFill/CauldronFillEffect$Kind in 5.712 ms
