[Architectury Transformer] Architectury Runtime 5.2.87
[Architectury Transformer DEBUG] Closed File Systems for /Users/arseniyradaev/Documents/IdeaProjects/Effectual/Effectual 1.20.1/common/build/devlibs/effectual-common-1.3.0-1.20.1-dev.jar
[Architectury Transformer DEBUG] Preparing tiny remapper prepared transformer: dev.architectury.transformer.handler.TinyRemapperPreparedTransformerHandler
[Architectury Transformer DEBUG] Provided 116 classpath jar(s):
[Architectury Transformer DEBUG]  - /Users/arseniyradaev/.gradle/caches/modules-2/files-2.1/dev.architectury/architectury-injectables/1.0.10/62db2a366d662606d1b23ad02ccc3212ed37ec3/architectury-injectables-1.0.10.jar
[Architectury Transformer DEBUG]  - /Users/arseniyradaev/.gradle/caches/modules-2/files-2.1/net.fabricmc/fabric-loader/0.18.4/dc4682125d5db647d6ce80a98b98945835adcd4b/fabric-loader-0.18.4.jar
[Architectury Transformer DEBUG]  - /Users/arseniyradaev/.gradle/caches/modules-2/files-2.1/org.jetbrains/annotations/26.0.2/c7ce3cdeda3d18909368dfe5977332dfad326c6d/annotations-26.0.2.jar
[Architectury Transformer DEBUG]  - /Users/arseniyradaev/.gradle/caches/modules-2/files-2.1/org.ow2.asm/asm/9.9/c29635c8a7afa03d74b33c1884df8abb2b3f3dcc/asm-9.9.jar
[Architectury Transformer DEBUG]  - /Users/arseniyradaev/.gradle/caches/modules-2/files-2.1/org.ow2.asm/asm-analysis/9.9/bf4fa6e66638851c1cd22c2caea0c3ee5d5f437/asm-analysis-9.9.jar
[Architectury Transformer DEBUG]  - /Users/arseniyradaev/.gradle/caches/modules-2/files-2.1/org.ow2.asm/asm-commons/9.9/db9165a3bf908ded6b08612d583a15d1d0c7bda0/asm-commons-9.9.jar
[Architectury Transformer DEBUG]  - /Users/arseniyradaev/.gradle/caches/modules-2/files-2.1/org.ow2.asm/asm-tree/9.9/f8de6eead6d24dd0f45bd065bbe112b2cda6ea21/asm-tree-9.9.jar
[Architectury Transformer DEBUG]  - /Users/arseniyradaev/.gradle/caches/modules-2/files-2.1/org.ow2.asm/asm-util/9.9/42fdfc0508b43807c8078d6e82ecff2ce2112ae8/asm-util-9.9.jar
[Architectury Transformer DEBUG]  - /Users/arseniyradaev/.gradle/caches/modules-2/files-2.1/net.fabricmc/sponge-mixin/0.16.5+mixin.0.8.7/80fc3a9f592673cea87f4cd702f87991c6c9fe4d/sponge-mixin-0.16.5+mixin.0.8.7.jar
[Architectury Transformer DEBUG]  - /Users/arseniyradaev/.gradle/caches/modules-2/files-2.1/io.github.llamalad7/mixinextras-fabric/0.5.0/91a83dfb7abd320f6236bd1fcf5c0ff143d59a13/mixinextras-fabric-0.5.0.jar
[Architectury Transformer DEBUG]  - /Users/arseniyradaev/.gradle/caches/modules-2/files-2.1/ca.weblite/java-objc-bridge/1.1/1227f9e0666314f9de41477e3ec277e542ed7f7b/java-objc-bridge-1.1.jar
[Architectury Transformer DEBUG]  - /Users/arseniyradaev/.gradle/caches/modules-2/files-2.1/com.github.oshi/oshi-core/6.2.2/54f5efc19bca95d709d9a37d19ffcbba3d21c1a6/oshi-core-6.2.2.jar
[Architectury Transformer DEBUG]  - /Users/arseniyradaev/.gradle/caches/modules-2/files-2.1/com.google.code.gson/gson/2.10/dd9b193aef96e973d5a11ab13cd17430c2e4306b/gson-2.10.jar
[Architectury Transformer DEBUG]  - /Users/arseniyradaev/.gradle/caches/modules-2/files-2.1/com.google.guava/failureaccess/1.0.1/1dcf1de382a0bf95a3d8b0849546c88bac1292c9/failureaccess-1.0.1.jar
[Architectury Transformer DEBUG]  - /Users/arseniyradaev/.gradle/caches/modules-2/files-2.1/com.google.guava/guava/31.1-jre/60458f877d055d0c9114d9e1a2efb737b4bc282c/guava-31.1-jre.jar
[Architectury Transformer DEBUG]  - /Users/arseniyradaev/.gradle/caches/modules-2/files-2.1/com.ibm.icu/icu4j/71.1/9e7d3304c23f9ba5cb71915f7cce23231a57a445/icu4j-71.1.jar
[Architectury Transformer DEBUG]  - /Users/arseniyradaev/.gradle/caches/modules-2/files-2.1/com.mojang/authlib/4.0.43/2ff9d747a77570a07a60d32ac77eb6162ad2a2d9/authlib-4.0.43.jar
[Architectury Transformer DEBUG]  - /Users/arseniyradaev/.gradle/caches/modules-2/files-2.1/com.mojang/blocklist/1.0.10/5c685c5ffa94c4cd39496c7184c1d122e515ecef/blocklist-1.0.10.jar
[Architectury Transformer DEBUG]  - /Users/arseniyradaev/.gradle/caches/modules-2/files-2.1/com.mojang/brigadier/1.1.8/5244ce82c3337bba4a196a3ce858bfaecc74404a/brigadier-1.1.8.jar
[Architectury Transformer DEBUG]  - /Users/arseniyradaev/.gradle/caches/modules-2/files-2.1/com.mojang/datafixerupper/6.0.8/3ba4a30557a9b057760af4011f909ba619fc5125/datafixerupper-6.0.8.jar
[Architectury Transformer DEBUG]  - /Users/arseniyradaev/.gradle/caches/modules-2/files-2.1/com.mojang/logging/1.1.1/832b8e6674a9b325a5175a3a6267dfaf34c85139/logging-1.1.1.jar
[Architectury Transformer DEBUG]  - /Users/arseniyradaev/.gradle/caches/modules-2/files-2.1/com.mojang/patchy/2.2.10/da05971b07cbb379d002cf7eaec6a2048211fefc/patchy-2.2.10.jar
[Architectury Transformer DEBUG]  - /Users/arseniyradaev/.gradle/caches/modules-2/files-2.1/com.mojang/text2speech/1.17.9/3cad216e3a7f0c19b4b394388bc9ffc446f13b14/text2speech-1.17.9.jar
[Architectury Transformer DEBUG]  - /Users/arseniyradaev/.gradle/caches/modules-2/files-2.1/commons-codec/commons-codec/1.15/49d94806b6e3dc933dacbd8acb0fdbab8ebd1e5d/commons-codec-1.15.jar
[Architectury Transformer DEBUG]  - /Users/arseniyradaev/.gradle/caches/modules-2/files-2.1/commons-io/commons-io/2.11.0/a2503f302b11ebde7ebc3df41daebe0e4eea3689/commons-io-2.11.0.jar
[Architectury Transformer DEBUG]  - /Users/arseniyradaev/.gradle/caches/modules-2/files-2.1/commons-logging/commons-logging/1.2/4bfc12adfe4842bf07b657f0369c4cb522955686/commons-logging-1.2.jar
[Architectury Transformer DEBUG]  - /Users/arseniyradaev/.gradle/caches/modules-2/files-2.1/io.netty/netty-buffer/4.1.82.Final/a544270cf1ae8b8077082f5036436a9a9971ea71/netty-buffer-4.1.82.Final.jar
[Architectury Transformer DEBUG]  - /Users/arseniyradaev/.gradle/caches/modules-2/files-2.1/io.netty/netty-codec/4.1.82.Final/b77200379acb345a9ffdece1c605e591ac3e4e0a/netty-codec-4.1.82.Final.jar
[Architectury Transformer DEBUG]  - /Users/arseniyradaev/.gradle/caches/modules-2/files-2.1/io.netty/netty-common/4.1.82.Final/22d148e85c3f5ebdacc0ce1f5aabb1d420f73f3/netty-common-4.1.82.Final.jar
[Architectury Transformer DEBUG]  - /Users/arseniyradaev/.gradle/caches/modules-2/files-2.1/io.netty/netty-handler/4.1.82.Final/644041d1fa96a5d3130a29e8978630d716d76e38/netty-handler-4.1.82.Final.jar
[Architectury Transformer DEBUG]  - /Users/arseniyradaev/.gradle/caches/modules-2/files-2.1/io.netty/netty-resolver/4.1.82.Final/38f665ae8dcd29032eea31245ba7806bed2e0fa8/netty-resolver-4.1.82.Final.jar
[Architectury Transformer DEBUG]  - /Users/arseniyradaev/.gradle/caches/modules-2/files-2.1/io.netty/netty-transport-classes-epoll/4.1.82.Final/e7c7dd18deac93105797f30057c912651ea76521/netty-transport-classes-epoll-4.1.82.Final.jar
[Architectury Transformer DEBUG]  - /Users/arseniyradaev/.gradle/caches/modules-2/files-2.1/io.netty/netty-transport-native-unix-common/4.1.82.Final/3e895b35ca1b8a0eca56cacff4c2dde5d2c6abce/netty-transport-native-unix-common-4.1.82.Final.jar
[Architectury Transformer DEBUG]  - /Users/arseniyradaev/.gradle/caches/modules-2/files-2.1/io.netty/netty-transport/4.1.82.Final/e431a218d91acb6476ccad5f5aafde50aa3945ca/netty-transport-4.1.82.Final.jar
[Architectury Transformer DEBUG]  - /Users/arseniyradaev/.gradle/caches/modules-2/files-2.1/it.unimi.dsi/fastutil/8.5.9/bb7ea75ecdb216654237830b3a96d87ad91f8cc5/fastutil-8.5.9.jar
[Architectury Transformer DEBUG]  - /Users/arseniyradaev/.gradle/caches/modules-2/files-2.1/net.java.dev.jna/jna-platform/5.12.1/97406a297c852f4a41e688a176ec675f72e8329/jna-platform-5.12.1.jar
[Architectury Transformer DEBUG]  - /Users/arseniyradaev/.gradle/caches/modules-2/files-2.1/net.java.dev.jna/jna/5.12.1/b1e93a735caea94f503e95e6fe79bf9cdc1e985d/jna-5.12.1.jar
[Architectury Transformer DEBUG]  - /Users/arseniyradaev/.gradle/caches/modules-2/files-2.1/net.sf.jopt-simple/jopt-simple/5.0.4/4fdac2fbe92dfad86aa6e9301736f6b4342a3f5c/jopt-simple-5.0.4.jar
[Architectury Transformer DEBUG]  - /Users/arseniyradaev/.gradle/caches/modules-2/files-2.1/org.apache.commons/commons-compress/1.21/4ec95b60d4e86b5c95a0e919cb172a0af98011ef/commons-compress-1.21.jar
[Architectury Transformer DEBUG]  - /Users/arseniyradaev/.gradle/caches/modules-2/files-2.1/org.apache.commons/commons-lang3/3.12.0/c6842c86792ff03b9f1d1fe2aab8dc23aa6c6f0e/commons-lang3-3.12.0.jar
[Architectury Transformer DEBUG]  - /Users/arseniyradaev/.gradle/caches/modules-2/files-2.1/org.apache.httpcomponents/httpclient/4.5.13/e5f6cae5ca7ecaac1ec2827a9e2d65ae2869cada/httpclient-4.5.13.jar
[Architectury Transformer DEBUG]  - /Users/arseniyradaev/.gradle/caches/modules-2/files-2.1/org.apache.httpcomponents/httpcore/4.4.15/7f2e0c573eaa7a74bac2e89b359e1f73d92a0a1d/httpcore-4.4.15.jar
[Architectury Transformer DEBUG]  - /Users/arseniyradaev/.gradle/caches/modules-2/files-2.1/org.apache.logging.log4j/log4j-api/2.19.0/ea1b37f38c327596b216542bc636cfdc0b8036fa/log4j-api-2.19.0.jar
[Architectury Transformer DEBUG]  - /Users/arseniyradaev/.gradle/caches/modules-2/files-2.1/org.apache.logging.log4j/log4j-core/2.19.0/3b6eeb4de4c49c0fe38a4ee27188ff5fee44d0bb/log4j-core-2.19.0.jar
[Architectury Transformer DEBUG]  - /Users/arseniyradaev/.gradle/caches/modules-2/files-2.1/org.apache.logging.log4j/log4j-slf4j2-impl/2.19.0/5c04bfdd63ce9dceb2e284b81e96b6a70010ee10/log4j-slf4j2-impl-2.19.0.jar
[Architectury Transformer DEBUG]  - /Users/arseniyradaev/.gradle/caches/modules-2/files-2.1/org.joml/joml/1.10.5/22566d58af70ad3d72308bab63b8339906deb649/joml-1.10.5.jar
[Architectury Transformer DEBUG]  - /Users/arseniyradaev/.gradle/caches/modules-2/files-2.1/org.lwjgl/lwjgl-glfw/3.3.1/cbac1b8d30cb4795149c1ef540f912671a8616d0/lwjgl-glfw-3.3.1.jar
[Architectury Transformer DEBUG]  - /Users/arseniyradaev/.gradle/caches/modules-2/files-2.1/org.lwjgl/lwjgl-jemalloc/3.3.1/a817bcf213db49f710603677457567c37d53e103/lwjgl-jemalloc-3.3.1.jar
[Architectury Transformer DEBUG]  - /Users/arseniyradaev/.gradle/caches/modules-2/files-2.1/org.lwjgl/lwjgl-openal/3.3.1/2623a6b8ae1dfcd880738656a9f0243d2e6840bd/lwjgl-openal-3.3.1.jar
[Architectury Transformer DEBUG]  - /Users/arseniyradaev/.gradle/caches/modules-2/files-2.1/org.lwjgl/lwjgl-opengl/3.3.1/831a5533a21a5f4f81bbc51bb13e9899319b5411/lwjgl-opengl-3.3.1.jar
[Architectury Transformer DEBUG]  - /Users/arseniyradaev/.gradle/caches/modules-2/files-2.1/org.lwjgl/lwjgl-stb/3.3.1/b119297cf8ed01f247abe8685857f8e7fcf5980f/lwjgl-stb-3.3.1.jar
[Architectury Transformer DEBUG]  - /Users/arseniyradaev/.gradle/caches/modules-2/files-2.1/org.lwjgl/lwjgl-tinyfd/3.3.1/ff1914111ef2e3e0110ef2dabc8d8cdaad82347/lwjgl-tinyfd-3.3.1.jar
[Architectury Transformer DEBUG]  - /Users/arseniyradaev/.gradle/caches/modules-2/files-2.1/org.lwjgl/lwjgl/3.3.1/ae58664f88e18a9bb2c77b063833ca7aaec484cb/lwjgl-3.3.1.jar
[Architectury Transformer DEBUG]  - /Users/arseniyradaev/.gradle/caches/modules-2/files-2.1/org.slf4j/slf4j-api/2.0.1/f48d81adce2abf5ad3cfe463df517952749e03bc/slf4j-api-2.0.1.jar
[Architectury Transformer DEBUG]  - /Users/arseniyradaev/Documents/IdeaProjects/Effectual/Effectual 1.20.1/.gradle/loom-cache/minecraftMaven/net/minecraft/minecraft-merged-2e230885b8/1.20.1-loom.mappings.1_20_1.layered+hash.40359-v2/minecraft-merged-2e230885b8-1.20.1-loom.mappings.1_20_1.layered+hash.40359-v2.jar
[Architectury Transformer DEBUG]  - /Users/arseniyradaev/.gradle/caches/modules-2/files-2.1/io.netty/netty-transport-native-epoll/4.1.82.Final/c7350a71920f3ae9142945e25fed4846cce53374/netty-transport-native-epoll-4.1.82.Final-linux-x86_64.jar
[Architectury Transformer DEBUG]  - /Users/arseniyradaev/.gradle/caches/modules-2/files-2.1/io.netty/netty-transport-native-epoll/4.1.82.Final/476409d6255001ca53a55f65b01c13822f8dc93a/netty-transport-native-epoll-4.1.82.Final-linux-aarch_64.jar
[Architectury Transformer DEBUG]  - /Users/arseniyradaev/Documents/IdeaProjects/Effectual/Effectual 1.20.1/.gradle/loom-cache/remapped_mods/remapped/net/fabricmc/fabric-api/fabric-api-525a49f8/0.92.6+1.20.1/fabric-api-525a49f8-0.92.6+1.20.1.jar
[Architectury Transformer DEBUG]  - /Users/arseniyradaev/Documents/IdeaProjects/Effectual/Effectual 1.20.1/.gradle/loom-cache/remapped_mods/remapped/dev/architectury/architectury-fabric-525a49f8/9.2.14/architectury-fabric-525a49f8-9.2.14.jar
[Architectury Transformer DEBUG]  - /Users/arseniyradaev/Documents/IdeaProjects/Effectual/Effectual 1.20.1/.gradle/loom-cache/remapped_mods/remapped/com/imeetake/tlib-fabric-525a49f8/1.4.1-1.20.1/tlib-fabric-525a49f8-1.4.1-1.20.1.jar
[Architectury Transformer DEBUG]  - /Users/arseniyradaev/Documents/IdeaProjects/Effectual/Effectual 1.20.1/.gradle/loom-cache/remapped_mods/remapped/net/fabricmc/fabric-api/fabric-transfer-api-v1-525a49f8/3.3.6+8dd72ea377/fabric-transfer-api-v1-525a49f8-3.3.6+8dd72ea377.jar
[Architectury Transformer DEBUG]  - /Users/arseniyradaev/Documents/IdeaProjects/Effectual/Effectual 1.20.1/.gradle/loom-cache/remapped_mods/remapped/net/fabricmc/fabric-api/fabric-api-lookup-api-v1-525a49f8/1.6.37+1802ada577/fabric-api-lookup-api-v1-525a49f8-1.6.37+1802ada577.jar
[Architectury Transformer DEBUG]  - /Users/arseniyradaev/Documents/IdeaProjects/Effectual/Effectual 1.20.1/.gradle/loom-cache/remapped_mods/remapped/net/fabricmc/fabric-api/fabric-blockrenderlayer-v1-525a49f8/1.1.42+1802ada577/fabric-blockrenderlayer-v1-525a49f8-1.1.42+1802ada577.jar
[Architectury Transformer DEBUG]  - /Users/arseniyradaev/Documents/IdeaProjects/Effectual/Effectual 1.20.1/.gradle/loom-cache/remapped_mods/remapped/net/fabricmc/fabric-api/fabric-client-tags-api-v1-525a49f8/1.1.3+1802ada577/fabric-client-tags-api-v1-525a49f8-1.1.3+1802ada577.jar
[Architectury Transformer DEBUG]  - /Users/arseniyradaev/Documents/IdeaProjects/Effectual/Effectual 1.20.1/.gradle/loom-cache/remapped_mods/remapped/net/fabricmc/fabric-api/fabric-command-api-v1-525a49f8/1.2.35+f71b366f77/fabric-command-api-v1-525a49f8-1.2.35+f71b366f77.jar
[Architectury Transformer DEBUG]  - /Users/arseniyradaev/Documents/IdeaProjects/Effectual/Effectual 1.20.1/.gradle/loom-cache/remapped_mods/remapped/net/fabricmc/fabric-api/fabric-commands-v0-525a49f8/0.2.52+df3654b377/fabric-commands-v0-525a49f8-0.2.52+df3654b377.jar
[Architectury Transformer DEBUG]  - /Users/arseniyradaev/Documents/IdeaProjects/Effectual/Effectual 1.20.1/.gradle/loom-cache/remapped_mods/remapped/net/fabricmc/fabric-api/fabric-command-api-v2-525a49f8/2.2.14+1802ada577/fabric-command-api-v2-525a49f8-2.2.14+1802ada577.jar
[Architectury Transformer DEBUG]  - /Users/arseniyradaev/Documents/IdeaProjects/Effectual/Effectual 1.20.1/.gradle/loom-cache/remapped_mods/remapped/net/fabricmc/fabric-api/fabric-content-registries-v0-525a49f8/4.0.13+1802ada577/fabric-content-registries-v0-525a49f8-4.0.13+1802ada577.jar
[Architectury Transformer DEBUG]  - /Users/arseniyradaev/Documents/IdeaProjects/Effectual/Effectual 1.20.1/.gradle/loom-cache/remapped_mods/remapped/net/fabricmc/fabric-api/fabric-convention-tags-v1-525a49f8/1.5.6+1802ada577/fabric-convention-tags-v1-525a49f8-1.5.6+1802ada577.jar
[Architectury Transformer DEBUG]  - /Users/arseniyradaev/Documents/IdeaProjects/Effectual/Effectual 1.20.1/.gradle/loom-cache/remapped_mods/remapped/net/fabricmc/fabric-api/fabric-data-attachment-api-v1-525a49f8/1.0.2+de0fd6d177/fabric-data-attachment-api-v1-525a49f8-1.0.2+de0fd6d177.jar
[Architectury Transformer DEBUG]  - /Users/arseniyradaev/Documents/IdeaProjects/Effectual/Effectual 1.20.1/.gradle/loom-cache/remapped_mods/remapped/net/fabricmc/fabric-api/fabric-data-generation-api-v1-525a49f8/12.3.7+1802ada577/fabric-data-generation-api-v1-525a49f8-12.3.7+1802ada577.jar
[Architectury Transformer DEBUG]  - /Users/arseniyradaev/Documents/IdeaProjects/Effectual/Effectual 1.20.1/.gradle/loom-cache/remapped_mods/remapped/net/fabricmc/fabric-api/fabric-dimensions-v1-525a49f8/2.1.55+1802ada577/fabric-dimensions-v1-525a49f8-2.1.55+1802ada577.jar
[Architectury Transformer DEBUG]  - /Users/arseniyradaev/Documents/IdeaProjects/Effectual/Effectual 1.20.1/.gradle/loom-cache/remapped_mods/remapped/net/fabricmc/fabric-api/fabric-entity-events-v1-525a49f8/1.6.1+1c78457f77/fabric-entity-events-v1-525a49f8-1.6.1+1c78457f77.jar
[Architectury Transformer DEBUG]  - /Users/arseniyradaev/Documents/IdeaProjects/Effectual/Effectual 1.20.1/.gradle/loom-cache/remapped_mods/remapped/net/fabricmc/fabric-api/fabric-events-interaction-v0-525a49f8/0.6.5+13a40c6677/fabric-events-interaction-v0-525a49f8-0.6.5+13a40c6677.jar
[Architectury Transformer DEBUG]  - /Users/arseniyradaev/Documents/IdeaProjects/Effectual/Effectual 1.20.1/.gradle/loom-cache/remapped_mods/remapped/net/fabricmc/fabric-api/fabric-gametest-api-v1-525a49f8/1.2.15+1802ada577/fabric-gametest-api-v1-525a49f8-1.2.15+1802ada577.jar
[Architectury Transformer DEBUG]  - /Users/arseniyradaev/Documents/IdeaProjects/Effectual/Effectual 1.20.1/.gradle/loom-cache/remapped_mods/remapped/net/fabricmc/fabric-api/fabric-events-lifecycle-v0-525a49f8/0.2.64+df3654b377/fabric-events-lifecycle-v0-525a49f8-0.2.64+df3654b377.jar
[Architectury Transformer DEBUG]  - /Users/arseniyradaev/Documents/IdeaProjects/Effectual/Effectual 1.20.1/.gradle/loom-cache/remapped_mods/remapped/net/fabricmc/fabric-api/fabric-item-api-v1-525a49f8/2.1.29+1802ada577/fabric-item-api-v1-525a49f8-2.1.29+1802ada577.jar
[Architectury Transformer DEBUG]  - /Users/arseniyradaev/Documents/IdeaProjects/Effectual/Effectual 1.20.1/.gradle/loom-cache/remapped_mods/remapped/net/fabricmc/fabric-api/fabric-item-group-api-v1-525a49f8/4.0.14+1802ada577/fabric-item-group-api-v1-525a49f8-4.0.14+1802ada577.jar
[Architectury Transformer DEBUG]  - /Users/arseniyradaev/Documents/IdeaProjects/Effectual/Effectual 1.20.1/.gradle/loom-cache/remapped_mods/remapped/net/fabricmc/fabric-api/fabric-mining-level-api-v1-525a49f8/2.1.52+1802ada577/fabric-mining-level-api-v1-525a49f8-2.1.52+1802ada577.jar
[Architectury Transformer DEBUG]  - /Users/arseniyradaev/Documents/IdeaProjects/Effectual/Effectual 1.20.1/.gradle/loom-cache/remapped_mods/remapped/net/fabricmc/fabric-api/fabric-lifecycle-events-v1-525a49f8/2.2.23+1802ada577/fabric-lifecycle-events-v1-525a49f8-2.2.23+1802ada577.jar
[Architectury Transformer DEBUG]  - /Users/arseniyradaev/Documents/IdeaProjects/Effectual/Effectual 1.20.1/.gradle/loom-cache/remapped_mods/remapped/net/fabricmc/fabric-api/fabric-loot-tables-v1-525a49f8/1.1.47+9e7660c677/fabric-loot-tables-v1-525a49f8-1.1.47+9e7660c677.jar
[Architectury Transformer DEBUG]  - /Users/arseniyradaev/Documents/IdeaProjects/Effectual/Effectual 1.20.1/.gradle/loom-cache/remapped_mods/remapped/net/fabricmc/fabric-api/fabric-loot-api-v2-525a49f8/1.2.3+1802ada577/fabric-loot-api-v2-525a49f8-1.2.3+1802ada577.jar
[Architectury Transformer DEBUG]  - /Users/arseniyradaev/Documents/IdeaProjects/Effectual/Effectual 1.20.1/.gradle/loom-cache/remapped_mods/remapped/net/fabricmc/fabric-api/fabric-message-api-v1-525a49f8/5.1.10+1802ada577/fabric-message-api-v1-525a49f8-5.1.10+1802ada577.jar
[Architectury Transformer DEBUG]  - /Users/arseniyradaev/Documents/IdeaProjects/Effectual/Effectual 1.20.1/.gradle/loom-cache/remapped_mods/remapped/net/fabricmc/fabric-api/fabric-models-v0-525a49f8/0.4.3+9386d8a777/fabric-models-v0-525a49f8-0.4.3+9386d8a777.jar
[Architectury Transformer DEBUG]  - /Users/arseniyradaev/Documents/IdeaProjects/Effectual/Effectual 1.20.1/.gradle/loom-cache/remapped_mods/remapped/net/fabricmc/fabric-api/fabric-model-loading-api-v1-525a49f8/1.0.4+1802ada577/fabric-model-loading-api-v1-525a49f8-1.0.4+1802ada577.jar
[Architectury Transformer DEBUG]  - /Users/arseniyradaev/Documents/IdeaProjects/Effectual/Effectual 1.20.1/.gradle/loom-cache/remapped_mods/remapped/net/fabricmc/fabric-api/fabric-recipe-api-v1-525a49f8/1.0.24+1802ada577/fabric-recipe-api-v1-525a49f8-1.0.24+1802ada577.jar
[Architectury Transformer DEBUG]  - /Users/arseniyradaev/Documents/IdeaProjects/Effectual/Effectual 1.20.1/.gradle/loom-cache/remapped_mods/remapped/net/fabricmc/fabric-api/fabric-registry-sync-v0-525a49f8/2.3.6+1802ada577/fabric-registry-sync-v0-525a49f8-2.3.6+1802ada577.jar
[Architectury Transformer DEBUG]  - /Users/arseniyradaev/Documents/IdeaProjects/Effectual/Effectual 1.20.1/.gradle/loom-cache/remapped_mods/remapped/net/fabricmc/fabric-api/fabric-screen-handler-api-v1-525a49f8/1.3.33+1802ada577/fabric-screen-handler-api-v1-525a49f8-1.3.33+1802ada577.jar
[Architectury Transformer DEBUG]  - /Users/arseniyradaev/Documents/IdeaProjects/Effectual/Effectual 1.20.1/.gradle/loom-cache/remapped_mods/remapped/net/fabricmc/fabric-api/fabric-containers-v0-525a49f8/0.1.67+df3654b377/fabric-containers-v0-525a49f8-0.1.67+df3654b377.jar
[Architectury Transformer DEBUG]  - /Users/arseniyradaev/Documents/IdeaProjects/Effectual/Effectual 1.20.1/.gradle/loom-cache/remapped_mods/remapped/net/fabricmc/fabric-api/fabric-networking-v0-525a49f8/0.3.54+df3654b377/fabric-networking-v0-525a49f8-0.3.54+df3654b377.jar
[Architectury Transformer DEBUG]  - /Users/arseniyradaev/Documents/IdeaProjects/Effectual/Effectual 1.20.1/.gradle/loom-cache/remapped_mods/remapped/net/fabricmc/fabric-api/fabric-networking-api-v1-525a49f8/1.3.14+a158aa0477/fabric-networking-api-v1-525a49f8-1.3.14+a158aa0477.jar
[Architectury Transformer DEBUG]  - /Users/arseniyradaev/Documents/IdeaProjects/Effectual/Effectual 1.20.1/.gradle/loom-cache/remapped_mods/remapped/net/fabricmc/fabric-api/fabric-object-builder-api-v1-525a49f8/11.1.5+e35120df77/fabric-object-builder-api-v1-525a49f8-11.1.5+e35120df77.jar
[Architectury Transformer DEBUG]  - /Users/arseniyradaev/Documents/IdeaProjects/Effectual/Effectual 1.20.1/.gradle/loom-cache/remapped_mods/remapped/net/fabricmc/fabric-api/fabric-particles-v1-525a49f8/1.1.3+1802ada577/fabric-particles-v1-525a49f8-1.1.3+1802ada577.jar
[Architectury Transformer DEBUG]  - /Users/arseniyradaev/Documents/IdeaProjects/Effectual/Effectual 1.20.1/.gradle/loom-cache/remapped_mods/remapped/net/fabricmc/fabric-api/fabric-renderer-indigo-525a49f8/1.5.3+85287f9f77/fabric-renderer-indigo-525a49f8-1.5.3+85287f9f77.jar
[Architectury Transformer DEBUG]  - /Users/arseniyradaev/Documents/IdeaProjects/Effectual/Effectual 1.20.1/.gradle/loom-cache/remapped_mods/remapped/net/fabricmc/fabric-api/fabric-renderer-api-v1-525a49f8/3.2.2+1802ada577/fabric-renderer-api-v1-525a49f8-3.2.2+1802ada577.jar
[Architectury Transformer DEBUG]  - /Users/arseniyradaev/Documents/IdeaProjects/Effectual/Effectual 1.20.1/.gradle/loom-cache/remapped_mods/remapped/net/fabricmc/fabric-api/fabric-rendering-fluids-v1-525a49f8/3.0.29+1802ada577/fabric-rendering-fluids-v1-525a49f8-3.0.29+1802ada577.jar
[Architectury Transformer DEBUG]  - /Users/arseniyradaev/Documents/IdeaProjects/Effectual/Effectual 1.20.1/.gradle/loom-cache/remapped_mods/remapped/net/fabricmc/fabric-api/fabric-renderer-registries-v1-525a49f8/3.2.47+df3654b377/fabric-renderer-registries-v1-525a49f8-3.2.47+df3654b377.jar
[Architectury Transformer DEBUG]  - /Users/arseniyradaev/Documents/IdeaProjects/Effectual/Effectual 1.20.1/.gradle/loom-cache/remapped_mods/remapped/net/fabricmc/fabric-api/fabric-rendering-v0-525a49f8/1.1.50+df3654b377/fabric-rendering-v0-525a49f8-1.1.50+df3654b377.jar
[Architectury Transformer DEBUG]  - /Users/arseniyradaev/Documents/IdeaProjects/Effectual/Effectual 1.20.1/.gradle/loom-cache/remapped_mods/remapped/net/fabricmc/fabric-api/fabric-rendering-v1-525a49f8/3.0.9+1802ada577/fabric-rendering-v1-525a49f8-3.0.9+1802ada577.jar
[Architectury Transformer DEBUG]  - /Users/arseniyradaev/Documents/IdeaProjects/Effectual/Effectual 1.20.1/.gradle/loom-cache/remapped_mods/remapped/net/fabricmc/fabric-api/fabric-screen-api-v1-525a49f8/2.0.9+1802ada577/fabric-screen-api-v1-525a49f8-2.0.9+1802ada577.jar
[Architectury Transformer DEBUG]  - /Users/arseniyradaev/Documents/IdeaProjects/Effectual/Effectual 1.20.1/.gradle/loom-cache/remapped_mods/remapped/net/fabricmc/fabric-api/fabric-api-base-525a49f8/0.4.32+1802ada577/fabric-api-base-525a49f8-0.4.32+1802ada577.jar
[Architectury Transformer DEBUG]  - /Users/arseniyradaev/Documents/IdeaProjects/Effectual/Effectual 1.20.1/.gradle/loom-cache/remapped_mods/remapped/net/fabricmc/fabric-api/fabric-biome-api-v1-525a49f8/13.0.14+1802ada577/fabric-biome-api-v1-525a49f8-13.0.14+1802ada577.jar
[Architectury Transformer DEBUG]  - /Users/arseniyradaev/Documents/IdeaProjects/Effectual/Effectual 1.20.1/.gradle/loom-cache/remapped_mods/remapped/net/fabricmc/fabric-api/fabric-block-api-v1-525a49f8/1.0.12+1802ada577/fabric-block-api-v1-525a49f8-1.0.12+1802ada577.jar
[Architectury Transformer DEBUG]  - /Users/arseniyradaev/Documents/IdeaProjects/Effectual/Effectual 1.20.1/.gradle/loom-cache/remapped_mods/remapped/net/fabricmc/fabric-api/fabric-rendering-data-attachment-v1-525a49f8/0.3.39+92a0d36777/fabric-rendering-data-attachment-v1-525a49f8-0.3.39+92a0d36777.jar
[Architectury Transformer DEBUG]  - /Users/arseniyradaev/Documents/IdeaProjects/Effectual/Effectual 1.20.1/.gradle/loom-cache/remapped_mods/remapped/net/fabricmc/fabric-api/fabric-block-view-api-v2-525a49f8/1.0.3+924f046a77/fabric-block-view-api-v2-525a49f8-1.0.3+924f046a77.jar
[Architectury Transformer DEBUG]  - /Users/arseniyradaev/Documents/IdeaProjects/Effectual/Effectual 1.20.1/.gradle/loom-cache/remapped_mods/remapped/net/fabricmc/fabric-api/fabric-crash-report-info-v1-525a49f8/0.2.20+1802ada577/fabric-crash-report-info-v1-525a49f8-0.2.20+1802ada577.jar
[Architectury Transformer DEBUG]  - /Users/arseniyradaev/Documents/IdeaProjects/Effectual/Effectual 1.20.1/.gradle/loom-cache/remapped_mods/remapped/net/fabricmc/fabric-api/fabric-game-rule-api-v1-525a49f8/1.0.41+1802ada577/fabric-game-rule-api-v1-525a49f8-1.0.41+1802ada577.jar
[Architectury Transformer DEBUG]  - /Users/arseniyradaev/Documents/IdeaProjects/Effectual/Effectual 1.20.1/.gradle/loom-cache/remapped_mods/remapped/net/fabricmc/fabric-api/fabric-keybindings-v0-525a49f8/0.2.36+df3654b377/fabric-keybindings-v0-525a49f8-0.2.36+df3654b377.jar
[Architectury Transformer DEBUG]  - /Users/arseniyradaev/Documents/IdeaProjects/Effectual/Effectual 1.20.1/.gradle/loom-cache/remapped_mods/remapped/net/fabricmc/fabric-api/fabric-key-binding-api-v1-525a49f8/1.0.38+1802ada577/fabric-key-binding-api-v1-525a49f8-1.0.38+1802ada577.jar
[Architectury Transformer DEBUG]  - /Users/arseniyradaev/Documents/IdeaProjects/Effectual/Effectual 1.20.1/.gradle/loom-cache/remapped_mods/remapped/net/fabricmc/fabric-api/fabric-resource-conditions-api-v1-525a49f8/2.3.9+1802ada577/fabric-resource-conditions-api-v1-525a49f8-2.3.9+1802ada577.jar
[Architectury Transformer DEBUG]  - /Users/arseniyradaev/Documents/IdeaProjects/Effectual/Effectual 1.20.1/.gradle/loom-cache/remapped_mods/remapped/net/fabricmc/fabric-api/fabric-resource-loader-v0-525a49f8/0.11.12+fb82e9d777/fabric-resource-loader-v0-525a49f8-0.11.12+fb82e9d777.jar
[Architectury Transformer DEBUG]  - /Users/arseniyradaev/Documents/IdeaProjects/Effectual/Effectual 1.20.1/.gradle/loom-cache/remapped_mods/remapped/net/fabricmc/fabric-api/fabric-sound-api-v1-525a49f8/1.0.14+1802ada577/fabric-sound-api-v1-525a49f8-1.0.14+1802ada577.jar
[Architectury Transformer DEBUG]  - /Users/arseniyradaev/Documents/IdeaProjects/Effectual/Effectual 1.20.1/.gradle/loom-cache/remapped_mods/remapped/net/fabricmc/fabric-api/fabric-transitive-access-wideners-v1-525a49f8/4.3.2+1802ada577/fabric-transitive-access-wideners-v1-525a49f8-4.3.2+1802ada577.jar
[Architectury Transformer DEBUG]  - /Users/arseniyradaev/Documents/IdeaProjects/Effectual/Effectual 1.20.1/.gradle/loom-cache/remapped_mods/remapped/me/shedaniel/cloth/cloth-config-fabric-525a49f8/11.1.118/cloth-config-fabric-525a49f8-11.1.118.jar
[Architectury Transformer DEBUG]  - /Users/arseniyradaev/Documents/IdeaProjects/Effectual/Effectual 1.20.1/.gradle/loom-cache/remapped_mods/remapped/com/terraformersmc/modmenu-525a49f8/7.2.2/modmenu-525a49f8-7.2.2.jar
[Architectury Transformer DEBUG]  - /Users/arseniyradaev/Documents/IdeaProjects/Effectual/Effectual 1.20.1/.gradle/loom-cache/remapped_mods/remapped/me/shedaniel/cloth/basic-math-525a49f8/0.6.1/basic-math-525a49f8-0.6.1.jar
[Architectury Transformer] Read classpath in 1.197 s
[Architectury Transformer DEBUG] Closed File Systems for /Users/arseniyradaev/Documents/IdeaProjects/Effectual/Effectual 1.20.1/common/build/devlibs/effectual-common-1.3.0-1.20.1-dev.jar
[Architectury Transformer DEBUG] Transforming 5 transformer(s) from /Users/arseniyradaev/Documents/IdeaProjects/Effectual/Effectual 1.20.1/common/build/devlibs/effectual-common-1.3.0-1.20.1-dev.jar to /var/folders/b_/cxn8yk8s5pl079xlzj6txdjm0000gn/T/3326289702749677450.jar: 
[Architectury Transformer DEBUG]  - dev.architectury.transformer.transformers.RuntimeMixinRefmapDetector@4461c7e3
[Architectury Transformer DEBUG]  - dev.architectury.transformer.transformers.GenerateFakeFabricMod@351d0846
[Architectury Transformer DEBUG]  - dev.architectury.transformer.transformers.TransformExpectPlatform@77e4c80f
[Architectury Transformer DEBUG]  - dev.architectury.transformer.transformers.RemapInjectables@35fc6dc4
[Architectury Transformer DEBUG]  - dev.architectury.transformer.transformers.TransformPlatformOnly@7fe8ea47
[Architectury Transformer DEBUG] Transforming from /Users/arseniyradaev/Documents/IdeaProjects/Effectual/Effectual 1.20.1/common/build/devlibs/effectual-common-1.3.0-1.20.1-dev.jar to /var/folders/b_/cxn8yk8s5pl079xlzj6txdjm0000gn/T/3326289702749677450.jar with 5 transformer(s) on dev.architectury.transformer.handler.SimpleTransformerHandler
[Architectury Transformer DEBUG] Found class transformer
[Architectury Transformer DEBUG] Writing com/imeetake/effectual/ModParticles$9 with maxs=true frames=true
[Architectury Transformer DEBUG] Writing com/imeetake/effectual/ModParticles$8 with maxs=true frames=true
[Architectury Transformer DEBUG] Writing com/imeetake/effectual/EffectualClient with maxs=true frames=true
[Architectury Transformer DEBUG] Writing com/imeetake/effectual/mixin/BlockPlaceMixin with maxs=true frames=true
[Architectury Transformer DEBUG] Writing com/imeetake/effectual/mixin/EntityMixin with maxs=true frames=true
[Architectury Transformer DEBUG] Writing com/imeetake/effectual/mixin/MetalHitMixin with maxs=true frames=true
[Architectury Transformer DEBUG] Writing com/imeetake/effectual/mixin/CampfireBlockMixin with maxs=true frames=true
[Architectury Transformer DEBUG] Writing com/imeetake/effectual/Effectual with maxs=true frames=true
[Architectury Transformer DEBUG] Writing com/imeetake/effectual/ModParticles with maxs=true frames=true
[Architectury Transformer DEBUG] Writing com/imeetake/effectual/ModParticles$2 with maxs=true frames=true
[Architectury Transformer DEBUG] Writing com/imeetake/effectual/EffectRegistry with maxs=true frames=true
[Architectury Transformer DEBUG] Writing com/imeetake/effectual/EffectualConfig with maxs=true frames=true
[Architectury Transformer DEBUG] Writing com/imeetake/effectual/ModParticles$6 with maxs=true frames=true
[Architectury Transformer DEBUG] Writing com/imeetake/effectual/ModParticles$4 with maxs=true frames=true
[Architectury Transformer DEBUG] Writing com/imeetake/effectual/ModParticles$3 with maxs=true frames=true
[Architectury Transformer DEBUG] Writing com/imeetake/effectual/ModParticles$1 with maxs=true frames=true
[Architectury Transformer DEBUG] Writing com/imeetake/effectual/effects/AirTrail/AirTrailEffect with maxs=true frames=true
[Architectury Transformer DEBUG] Writing com/imeetake/effectual/effects/AirTrail/AirTrailParticle with maxs=true frames=true
[Architectury Transformer DEBUG] Writing com/imeetake/effectual/effects/MouthSteam/MouthSteamEffect$MovementState with maxs=true frames=true
[Architectury Transformer DEBUG] Writing com/imeetake/effectual/effects/MouthSteam/MouthSteamParticleFactory with maxs=true frames=true
[Architectury Transformer DEBUG] Writing com/imeetake/effectual/effects/MouthSteam/MouthSteamParticle with maxs=true frames=true
[Architectury Transformer DEBUG] Writing com/imeetake/effectual/effects/MouthSteam/MouthSteamEffect with maxs=true frames=true
[Architectury Transformer DEBUG] Writing com/imeetake/effectual/effects/GoldGlow/GoldGlowParticle with maxs=true frames=true
[Architectury Transformer DEBUG] Writing com/imeetake/effectual/effects/GoldGlow/LanternGlowEffect with maxs=true frames=true
[Architectury Transformer DEBUG] Writing com/imeetake/effectual/effects/GoldGlow/TorchGlowEffect with maxs=true frames=true
[Architectury Transformer DEBUG] Writing com/imeetake/effectual/effects/PlayerRunEffect/RunDustParticle with maxs=true frames=true
[Architectury Transformer DEBUG] Writing com/imeetake/effectual/effects/PlayerRunEffect/DustParticles/RedSandDustParticle$Factory with maxs=true frames=true
[Architectury Transformer DEBUG] Writing com/imeetake/effectual/effects/PlayerRunEffect/DustParticles/MudDustParticle$Factory with maxs=true frames=true
[Architectury Transformer DEBUG] Writing com/imeetake/effectual/effects/PlayerRunEffect/DustParticles/GravelDustParticle with maxs=true frames=true
[Architectury Transformer DEBUG] Writing com/imeetake/effectual/effects/PlayerRunEffect/DustParticles/GravelDustParticle$Factory with maxs=true frames=true
[Architectury Transformer DEBUG] Writing com/imeetake/effectual/effects/PlayerRunEffect/DustParticles/SandDustParticle$Factory with maxs=true frames=true
[Architectury Transformer DEBUG] Writing com/imeetake/effectual/effects/PlayerRunEffect/DustParticles/SandDustParticle with maxs=true frames=true
[Architectury Transformer DEBUG] Writing com/imeetake/effectual/effects/PlayerRunEffect/DustParticles/RedSandDustParticle with maxs=true frames=true
[Architectury Transformer DEBUG] Writing com/imeetake/effectual/effects/PlayerRunEffect/DustParticles/MudDustParticle with maxs=true frames=true
[Architectury Transformer DEBUG] Writing com/imeetake/effectual/effects/PlayerRunEffect/DustParticles/SnowDustParticle$Factory with maxs=true frames=true
[Architectury Transformer DEBUG] Writing com/imeetake/effectual/effects/PlayerRunEffect/DustParticles/SnowDustParticle with maxs=true frames=true
[Architectury Transformer DEBUG] Writing com/imeetake/effectual/effects/PlayerRunEffect/RunDustParticle$Weight with maxs=true frames=true
[Architectury Transformer DEBUG] Writing com/imeetake/effectual/effects/PlayerRunEffect/PlayerRunEffect with maxs=true frames=true
[Architectury Transformer DEBUG] Writing com/imeetake/effectual/effects/CauldronFill/CauldronFillEffect$Kind with maxs=true frames=true
[Architectury Transformer DEBUG] Writing com/imeetake/effectual/effects/CauldronFill/CauldronFillEffect$Snapshot with maxs=true frames=true
[Architectury Transformer DEBUG] Writing com/imeetake/effectual/effects/CauldronFill/CauldronFillEffect with maxs=true frames=true
[Architectury Transformer DEBUG] Writing com/imeetake/effectual/effects/Sparks/CampfireImprovements with maxs=true frames=true
[Architectury Transformer DEBUG] Writing com/imeetake/effectual/effects/Sparks/FurnaceSparksEffect with maxs=true frames=true
[Architectury Transformer DEBUG] Writing com/imeetake/effectual/effects/Sparks/FireImprovements with maxs=true frames=true
[Architectury Transformer DEBUG] Writing com/imeetake/effectual/effects/Sparks/SparkParticle with maxs=true frames=true
[Architectury Transformer DEBUG] Writing com/imeetake/effectual/effects/SparksSoul/SoulSparkParticle with maxs=true frames=true
[Architectury Transformer DEBUG] Writing com/imeetake/effectual/effects/SparksSoul/SoulFireImprovements with maxs=true frames=true
[Architectury Transformer DEBUG] Writing com/imeetake/effectual/effects/SparksSoul/SoulCampfireImprovements with maxs=true frames=true
[Architectury Transformer DEBUG] Writing com/imeetake/effectual/effects/SoulGlow/SoulLanternGlowEffect with maxs=true frames=true
[Architectury Transformer DEBUG] Writing com/imeetake/effectual/effects/SoulGlow/SoulGlowParticle with maxs=true frames=true
[Architectury Transformer DEBUG] Writing com/imeetake/effectual/effects/SoulGlow/SoulTorchGlowEffect with maxs=true frames=true
[Architectury Transformer DEBUG] Writing com/imeetake/effectual/effects/MetalSparks/SparksCartEffect with maxs=true frames=true
[Architectury Transformer DEBUG] Writing com/imeetake/effectual/effects/MetalSparks/MetalSparkParticle with maxs=true frames=true
[Architectury Transformer DEBUG] Writing com/imeetake/effectual/effects/CaveDust/CaveDustEffect with maxs=true frames=true
[Architectury Transformer DEBUG] Writing com/imeetake/effectual/effects/Bubbles/BubbleChestEffect with maxs=true frames=true
[Architectury Transformer DEBUG] Writing com/imeetake/effectual/effects/Bubbles/BubbleBreathEffect with maxs=true frames=true
[Architectury Transformer DEBUG] Writing com/imeetake/effectual/effects/Bubbles/BubblePotsEffect with maxs=true frames=true
[Architectury Transformer DEBUG] Writing com/imeetake/effectual/effects/StripEffect/StripEffect with maxs=true frames=true
[Architectury Transformer DEBUG] Writing com/imeetake/effectual/effects/StripEffect/StripEffect$Pending with maxs=true frames=true
[Architectury Transformer DEBUG] Writing com/imeetake/effectual/effects/WitherDecay/WitherDecayEffect with maxs=true frames=true
[Architectury Transformer DEBUG] Writing com/imeetake/effectual/effects/FireEntitySparks/EntitySparkParticle with maxs=true frames=true
[Architectury Transformer DEBUG] Writing com/imeetake/effectual/effects/FireEntitySparks/FireEntitySparksEffect with maxs=true frames=true
[Architectury Transformer DEBUG] Writing com/imeetake/effectual/effects/WaterDrip/WaterDripParticle with maxs=true frames=true
[Architectury Transformer DEBUG] Writing com/imeetake/effectual/effects/WaterDrip/WaterDripEffect with maxs=true frames=true
[Architectury Transformer DEBUG] Writing com/imeetake/effectual/effects/WaterDrip/WaterDripParticleFactory with maxs=true frames=true
[Architectury Transformer DEBUG] Writing com/imeetake/effectual/effects/SteamEffect/SteamEffect with maxs=true frames=true
[Architectury Transformer DEBUG] Writing com/imeetake/effectual/ModParticles$5 with maxs=true frames=true
[Architectury Transformer DEBUG] Writing com/imeetake/effectual/ModParticles$7 with maxs=true frames=true
[Architectury Transformer DEBUG] Checking whether /effectual-common-common-refmap.json is a mixin config.
[Architectury Transformer DEBUG] Checking whether /effectual.mixins.json is a mixin config.
[Architectury Transformer DEBUG] Closed File Systems for /var/folders/b_/cxn8yk8s5pl079xlzj6txdjm0000gn/T/3326289702749677450.jar
[Architectury Transformer] Listening at /Users/arseniyradaev/Documents/IdeaProjects/Effectual/Effectual 1.20.1/common/build/devlibs/effectual-common-1.3.0-1.20.1-dev.jar
[Architectury Transformer DEBUG] Temporary jar [/var/folders/b_/cxn8yk8s5pl079xlzj6txdjm0000gn/T/3326289702749677450.jar] contains packages: com.imeetake.effectual.effects.CauldronFill, com.imeetake.effectual, com.imeetake.effectual.mixin, com.imeetake.effectual.effects.AirTrail, com.imeetake.effectual.effects.PlayerRunEffect, com.imeetake.effectual.effects.StripEffect, com.imeetake.effectual.effects.SoulGlow, com.imeetake.effectual.effects.SteamEffect, com.imeetake.effectual.effects.FireEntitySparks, com.imeetake.effectual.effects.WaterDrip, com.imeetake.effectual.effects.CaveDust, com.imeetake.effectual.effects.MetalSparks, com.imeetake.effectual.effects.SparksSoul, com.imeetake.effectual.effects.Bubbles, com.imeetake.effectual.effects.Sparks, com.imeetake.effectual.effects.MouthSteam, com.imeetake.effectual.effects.WitherDecay, com.imeetake.effectual.effects.GoldGlow, com.imeetake.effectual.effects.PlayerRunEffect.DustParticles
[Architectury Transformer DEBUG] Closed File Systems for /Users/arseniyradaev/Documents/IdeaProjects/Effectual/Effectual 1.20.1/common/build/devlibs/effectual-common-1.3.0-1.20.1-dev.jar
[Architectury Transformer DEBUG] Classpath entry [/Users/arseniyradaev/Documents/IdeaProjects/Effectual/Effectual 1.20.1/fabric/build/classes/java/main] contains packages: com.imeetake.effectual.fabric, com.imeetake.effectual.fabric.client
[Architectury Transformer DEBUG] Classpath entry [/Users/arseniyradaev/Documents/IdeaProjects/Effectual/Effectual 1.20.1/fabric/build/resources/main] contains packages: 
[Architectury Transformer DEBUG] Transforming from com/imeetake/effectual/Effectual.class to com/imeetake/effectual/Effectual.class with 5 transformer(s) on dev.architectury.transformer.handler.TinyRemapperPreparedTransformerHandler
[Architectury Transformer DEBUG] Found class transformer
[Architectury Transformer DEBUG] Writing com/imeetake/effectual/Effectual with maxs=true frames=true
[Architectury Transformer DEBUG] Transformed com/imeetake/effectual/Effectual in 996.1 μs
[Architectury Transformer DEBUG] Transforming from com/imeetake/effectual/EffectualConfig.class to com/imeetake/effectual/EffectualConfig.class with 5 transformer(s) on dev.architectury.transformer.handler.TinyRemapperPreparedTransformerHandler
[Architectury Transformer DEBUG] Found class transformer
[Architectury Transformer DEBUG] Writing com/imeetake/effectual/EffectualConfig with maxs=true frames=true
[Architectury Transformer DEBUG] Transformed com/imeetake/effectual/EffectualConfig in 587.4 μs
[Architectury Transformer DEBUG] Transforming from com/imeetake/effectual/EffectualClient.class to com/imeetake/effectual/EffectualClient.class with 5 transformer(s) on dev.architectury.transformer.handler.TinyRemapperPreparedTransformerHandler
[Architectury Transformer DEBUG] Found class transformer
[Architectury Transformer DEBUG] Writing com/imeetake/effectual/EffectualClient with maxs=true frames=true
[Architectury Transformer DEBUG] Transformed com/imeetake/effectual/EffectualClient in 538.1 μs
[Architectury Transformer DEBUG] Transforming from com/imeetake/effectual/EffectRegistry.class to com/imeetake/effectual/EffectRegistry.class with 5 transformer(s) on dev.architectury.transformer.handler.TinyRemapperPreparedTransformerHandler
[Architectury Transformer DEBUG] Found class transformer
[Architectury Transformer DEBUG] Writing com/imeetake/effectual/EffectRegistry with maxs=true frames=true
[Architectury Transformer DEBUG] Transformed com/imeetake/effectual/EffectRegistry in 164.0 μs
[Architectury Transformer DEBUG] Transforming from com/imeetake/effectual/effects/Bubbles/BubbleBreathEffect.class to com/imeetake/effectual/effects/Bubbles/BubbleBreathEffect.class with 5 transformer(s) on dev.architectury.transformer.handler.TinyRemapperPreparedTransformerHandler
[Architectury Transformer DEBUG] Found class transformer
[Architectury Transformer DEBUG] Writing com/imeetake/effectual/effects/Bubbles/BubbleBreathEffect with maxs=true frames=true
[Architectury Transformer DEBUG] Transformed com/imeetake/effectual/effects/Bubbles/BubbleBreathEffect in 742.4 μs
[Architectury Transformer DEBUG] Transforming from com/imeetake/effectual/effects/Bubbles/BubbleChestEffect.class to com/imeetake/effectual/effects/Bubbles/BubbleChestEffect.class with 5 transformer(s) on dev.architectury.transformer.handler.TinyRemapperPreparedTransformerHandler
[Architectury Transformer DEBUG] Found class transformer
[Architectury Transformer DEBUG] Writing com/imeetake/effectual/effects/Bubbles/BubbleChestEffect with maxs=true frames=true
[Architectury Transformer DEBUG] Transformed com/imeetake/effectual/effects/Bubbles/BubbleChestEffect in 419.1 μs
[Architectury Transformer DEBUG] Transforming from com/imeetake/effectual/effects/Bubbles/BubblePotsEffect.class to com/imeetake/effectual/effects/Bubbles/BubblePotsEffect.class with 5 transformer(s) on dev.architectury.transformer.handler.TinyRemapperPreparedTransformerHandler
[Architectury Transformer DEBUG] Found class transformer
[Architectury Transformer DEBUG] Writing com/imeetake/effectual/effects/Bubbles/BubblePotsEffect with maxs=true frames=true
[Architectury Transformer DEBUG] Transformed com/imeetake/effectual/effects/Bubbles/BubblePotsEffect in 273.4 μs
[Architectury Transformer DEBUG] Transforming from com/imeetake/effectual/effects/CauldronFill/CauldronFillEffect.class to com/imeetake/effectual/effects/CauldronFill/CauldronFillEffect.class with 5 transformer(s) on dev.architectury.transformer.handler.TinyRemapperPreparedTransformerHandler
[Architectury Transformer DEBUG] Found class transformer
[Architectury Transformer DEBUG] Writing com/imeetake/effectual/effects/CauldronFill/CauldronFillEffect with maxs=true frames=true
[Architectury Transformer DEBUG] Transformed com/imeetake/effectual/effects/CauldronFill/CauldronFillEffect in 1.146 ms
[Architectury Transformer DEBUG] Transforming from com/imeetake/effectual/effects/CaveDust/CaveDustEffect.class to com/imeetake/effectual/effects/CaveDust/CaveDustEffect.class with 5 transformer(s) on dev.architectury.transformer.handler.TinyRemapperPreparedTransformerHandler
[Architectury Transformer DEBUG] Found class transformer
[Architectury Transformer DEBUG] Writing com/imeetake/effectual/effects/CaveDust/CaveDustEffect with maxs=true frames=true
[Architectury Transformer DEBUG] Transformed com/imeetake/effectual/effects/CaveDust/CaveDustEffect in 762.3 μs
[Architectury Transformer DEBUG] Transforming from com/imeetake/effectual/effects/PlayerRunEffect/PlayerRunEffect.class to com/imeetake/effectual/effects/PlayerRunEffect/PlayerRunEffect.class with 5 transformer(s) on dev.architectury.transformer.handler.TinyRemapperPreparedTransformerHandler
[Architectury Transformer DEBUG] Found class transformer
[Architectury Transformer DEBUG] Writing com/imeetake/effectual/effects/PlayerRunEffect/PlayerRunEffect with maxs=true frames=true
[Architectury Transformer DEBUG] Transformed com/imeetake/effectual/effects/PlayerRunEffect/PlayerRunEffect in 473.9 μs
[Architectury Transformer DEBUG] Transforming from com/imeetake/effectual/effects/SteamEffect/SteamEffect.class to com/imeetake/effectual/effects/SteamEffect/SteamEffect.class with 5 transformer(s) on dev.architectury.transformer.handler.TinyRemapperPreparedTransformerHandler
[Architectury Transformer DEBUG] Found class transformer
[Architectury Transformer DEBUG] Writing com/imeetake/effectual/effects/SteamEffect/SteamEffect with maxs=true frames=true
[Architectury Transformer DEBUG] Transformed com/imeetake/effectual/effects/SteamEffect/SteamEffect in 495.2 μs
[Architectury Transformer DEBUG] Transforming from com/imeetake/effectual/effects/StripEffect/StripEffect.class to com/imeetake/effectual/effects/StripEffect/StripEffect.class with 5 transformer(s) on dev.architectury.transformer.handler.TinyRemapperPreparedTransformerHandler
[Architectury Transformer DEBUG] Found class transformer
[Architectury Transformer DEBUG] Writing com/imeetake/effectual/effects/StripEffect/StripEffect with maxs=true frames=true
[Architectury Transformer DEBUG] Transformed com/imeetake/effectual/effects/StripEffect/StripEffect in 589.7 μs
[Architectury Transformer DEBUG] Transforming from com/imeetake/effectual/effects/WitherDecay/WitherDecayEffect.class to com/imeetake/effectual/effects/WitherDecay/WitherDecayEffect.class with 5 transformer(s) on dev.architectury.transformer.handler.TinyRemapperPreparedTransformerHandler
[Architectury Transformer DEBUG] Found class transformer
[Architectury Transformer DEBUG] Writing com/imeetake/effectual/effects/WitherDecay/WitherDecayEffect with maxs=true frames=true
[Architectury Transformer DEBUG] Transformed com/imeetake/effectual/effects/WitherDecay/WitherDecayEffect in 497.8 μs
[Architectury Transformer DEBUG] Transforming from com/imeetake/effectual/effects/MouthSteam/MouthSteamEffect.class to com/imeetake/effectual/effects/MouthSteam/MouthSteamEffect.class with 5 transformer(s) on dev.architectury.transformer.handler.TinyRemapperPreparedTransformerHandler
[Architectury Transformer DEBUG] Found class transformer
[Architectury Transformer DEBUG] Writing com/imeetake/effectual/effects/MouthSteam/MouthSteamEffect with maxs=true frames=true
[Architectury Transformer DEBUG] Transformed com/imeetake/effectual/effects/MouthSteam/MouthSteamEffect in 474.7 μs
[Architectury Transformer DEBUG] Transforming from com/imeetake/effectual/effects/WaterDrip/WaterDripEffect.class to com/imeetake/effectual/effects/WaterDrip/WaterDripEffect.class with 5 transformer(s) on dev.architectury.transformer.handler.TinyRemapperPreparedTransformerHandler
[Architectury Transformer DEBUG] Found class transformer
[Architectury Transformer DEBUG] Writing com/imeetake/effectual/effects/WaterDrip/WaterDripEffect with maxs=true frames=true
[Architectury Transformer DEBUG] Transformed com/imeetake/effectual/effects/WaterDrip/WaterDripEffect in 350.3 μs
[Architectury Transformer DEBUG] Transforming from com/imeetake/effectual/effects/AirTrail/AirTrailEffect.class to com/imeetake/effectual/effects/AirTrail/AirTrailEffect.class with 5 transformer(s) on dev.architectury.transformer.handler.TinyRemapperPreparedTransformerHandler
[Architectury Transformer DEBUG] Found class transformer
[Architectury Transformer DEBUG] Writing com/imeetake/effectual/effects/AirTrail/AirTrailEffect with maxs=true frames=true
[Architectury Transformer DEBUG] Transformed com/imeetake/effectual/effects/AirTrail/AirTrailEffect in 326.4 μs
[Architectury Transformer DEBUG] Transforming from com/imeetake/effectual/effects/GoldGlow/TorchGlowEffect.class to com/imeetake/effectual/effects/GoldGlow/TorchGlowEffect.class with 5 transformer(s) on dev.architectury.transformer.handler.TinyRemapperPreparedTransformerHandler
[Architectury Transformer DEBUG] Found class transformer
[Architectury Transformer DEBUG] Writing com/imeetake/effectual/effects/GoldGlow/TorchGlowEffect with maxs=true frames=true
[Architectury Transformer DEBUG] Transformed com/imeetake/effectual/effects/GoldGlow/TorchGlowEffect in 359.9 μs
[Architectury Transformer DEBUG] Transforming from com/imeetake/effectual/effects/GoldGlow/LanternGlowEffect.class to com/imeetake/effectual/effects/GoldGlow/LanternGlowEffect.class with 5 transformer(s) on dev.architectury.transformer.handler.TinyRemapperPreparedTransformerHandler
[Architectury Transformer DEBUG] Found class transformer
[Architectury Transformer DEBUG] Writing com/imeetake/effectual/effects/GoldGlow/LanternGlowEffect with maxs=true frames=true
[Architectury Transformer DEBUG] Transformed com/imeetake/effectual/effects/GoldGlow/LanternGlowEffect in 254.1 μs
[Architectury Transformer DEBUG] Transforming from com/imeetake/effectual/effects/SoulGlow/SoulTorchGlowEffect.class to com/imeetake/effectual/effects/SoulGlow/SoulTorchGlowEffect.class with 5 transformer(s) on dev.architectury.transformer.handler.TinyRemapperPreparedTransformerHandler
[Architectury Transformer DEBUG] Found class transformer
[Architectury Transformer DEBUG] Writing com/imeetake/effectual/effects/SoulGlow/SoulTorchGlowEffect with maxs=true frames=true
[Architectury Transformer DEBUG] Transformed com/imeetake/effectual/effects/SoulGlow/SoulTorchGlowEffect in 508.7 μs
[Architectury Transformer DEBUG] Transforming from com/imeetake/effectual/effects/SoulGlow/SoulLanternGlowEffect.class to com/imeetake/effectual/effects/SoulGlow/SoulLanternGlowEffect.class with 5 transformer(s) on dev.architectury.transformer.handler.TinyRemapperPreparedTransformerHandler
[Architectury Transformer DEBUG] Found class transformer
[Architectury Transformer DEBUG] Writing com/imeetake/effectual/effects/SoulGlow/SoulLanternGlowEffect with maxs=true frames=true
[Architectury Transformer DEBUG] Transformed com/imeetake/effectual/effects/SoulGlow/SoulLanternGlowEffect in 356.5 μs
[Architectury Transformer DEBUG] Transforming from com/imeetake/effectual/effects/Sparks/FurnaceSparksEffect.class to com/imeetake/effectual/effects/Sparks/FurnaceSparksEffect.class with 5 transformer(s) on dev.architectury.transformer.handler.TinyRemapperPreparedTransformerHandler
[Architectury Transformer DEBUG] Found class transformer
[Architectury Transformer DEBUG] Writing com/imeetake/effectual/effects/Sparks/FurnaceSparksEffect with maxs=true frames=true
[Architectury Transformer DEBUG] Transformed com/imeetake/effectual/effects/Sparks/FurnaceSparksEffect in 438.8 μs
[Architectury Transformer DEBUG] Transforming from com/imeetake/effectual/effects/Sparks/FireImprovements.class to com/imeetake/effectual/effects/Sparks/FireImprovements.class with 5 transformer(s) on dev.architectury.transformer.handler.TinyRemapperPreparedTransformerHandler
[Architectury Transformer DEBUG] Found class transformer
[Architectury Transformer DEBUG] Writing com/imeetake/effectual/effects/Sparks/FireImprovements with maxs=true frames=true
[Architectury Transformer DEBUG] Transformed com/imeetake/effectual/effects/Sparks/FireImprovements in 553.4 μs
[Architectury Transformer DEBUG] Transforming from com/imeetake/effectual/effects/MetalSparks/SparksCartEffect.class to com/imeetake/effectual/effects/MetalSparks/SparksCartEffect.class with 5 transformer(s) on dev.architectury.transformer.handler.TinyRemapperPreparedTransformerHandler
[Architectury Transformer DEBUG] Found class transformer
[Architectury Transformer DEBUG] Writing com/imeetake/effectual/effects/MetalSparks/SparksCartEffect with maxs=true frames=true
[Architectury Transformer DEBUG] Transformed com/imeetake/effectual/effects/MetalSparks/SparksCartEffect in 595.4 μs
[Architectury Transformer DEBUG] Transforming from com/imeetake/effectual/effects/SparksSoul/SoulFireImprovements.class to com/imeetake/effectual/effects/SparksSoul/SoulFireImprovements.class with 5 transformer(s) on dev.architectury.transformer.handler.TinyRemapperPreparedTransformerHandler
[Architectury Transformer DEBUG] Found class transformer
[Architectury Transformer DEBUG] Writing com/imeetake/effectual/effects/SparksSoul/SoulFireImprovements with maxs=true frames=true
[Architectury Transformer DEBUG] Transformed com/imeetake/effectual/effects/SparksSoul/SoulFireImprovements in 463.8 μs
[Architectury Transformer DEBUG] Transforming from com/imeetake/effectual/ModParticles.class to com/imeetake/effectual/ModParticles.class with 5 transformer(s) on dev.architectury.transformer.handler.TinyRemapperPreparedTransformerHandler
[Architectury Transformer DEBUG] Found class transformer
[Architectury Transformer DEBUG] Writing com/imeetake/effectual/ModParticles with maxs=true frames=true
[Architectury Transformer DEBUG] Transformed com/imeetake/effectual/ModParticles in 448.6 μs
[Architectury Transformer DEBUG] Transforming from com/imeetake/effectual/ModParticles$8.class to com/imeetake/effectual/ModParticles$8.class with 5 transformer(s) on dev.architectury.transformer.handler.TinyRemapperPreparedTransformerHandler
[Architectury Transformer DEBUG] Found class transformer
[Architectury Transformer DEBUG] Writing com/imeetake/effectual/ModParticles$8 with maxs=true frames=true
[Architectury Transformer DEBUG] Transformed com/imeetake/effectual/ModParticles$8 in 112.3 μs
[Architectury Transformer DEBUG] Transforming from com/imeetake/effectual/ModParticles$9.class to com/imeetake/effectual/ModParticles$9.class with 5 transformer(s) on dev.architectury.transformer.handler.TinyRemapperPreparedTransformerHandler
[Architectury Transformer DEBUG] Found class transformer
[Architectury Transformer DEBUG] Writing com/imeetake/effectual/ModParticles$9 with maxs=true frames=true
[Architectury Transformer DEBUG] Transformed com/imeetake/effectual/ModParticles$9 in 342.1 μs
[Architectury Transformer DEBUG] Transforming from com/imeetake/effectual/ModParticles$7.class to com/imeetake/effectual/ModParticles$7.class with 5 transformer(s) on dev.architectury.transformer.handler.TinyRemapperPreparedTransformerHandler
[Architectury Transformer DEBUG] Found class transformer
[Architectury Transformer DEBUG] Writing com/imeetake/effectual/ModParticles$7 with maxs=true frames=true
[Architectury Transformer DEBUG] Transformed com/imeetake/effectual/ModParticles$7 in 104.5 μs
[Architectury Transformer DEBUG] Transforming from com/imeetake/effectual/ModParticles$6.class to com/imeetake/effectual/ModParticles$6.class with 5 transformer(s) on dev.architectury.transformer.handler.TinyRemapperPreparedTransformerHandler
[Architectury Transformer DEBUG] Found class transformer
[Architectury Transformer DEBUG] Writing com/imeetake/effectual/ModParticles$6 with maxs=true frames=true
[Architectury Transformer DEBUG] Transformed com/imeetake/effectual/ModParticles$6 in 153.1 μs
[Architectury Transformer DEBUG] Transforming from com/imeetake/effectual/ModParticles$5.class to com/imeetake/effectual/ModParticles$5.class with 5 transformer(s) on dev.architectury.transformer.handler.TinyRemapperPreparedTransformerHandler
[Architectury Transformer DEBUG] Found class transformer
[Architectury Transformer DEBUG] Writing com/imeetake/effectual/ModParticles$5 with maxs=true frames=true
[Architectury Transformer DEBUG] Transformed com/imeetake/effectual/ModParticles$5 in 104.5 μs
[Architectury Transformer DEBUG] Transforming from com/imeetake/effectual/ModParticles$4.class to com/imeetake/effectual/ModParticles$4.class with 5 transformer(s) on dev.architectury.transformer.handler.TinyRemapperPreparedTransformerHandler
[Architectury Transformer DEBUG] Found class transformer
[Architectury Transformer DEBUG] Writing com/imeetake/effectual/ModParticles$4 with maxs=true frames=true
[Architectury Transformer DEBUG] Transformed com/imeetake/effectual/ModParticles$4 in 87.88 μs
[Architectury Transformer DEBUG] Transforming from com/imeetake/effectual/ModParticles$3.class to com/imeetake/effectual/ModParticles$3.class with 5 transformer(s) on dev.architectury.transformer.handler.TinyRemapperPreparedTransformerHandler
[Architectury Transformer DEBUG] Found class transformer
[Architectury Transformer DEBUG] Writing com/imeetake/effectual/ModParticles$3 with maxs=true frames=true
[Architectury Transformer DEBUG] Transformed com/imeetake/effectual/ModParticles$3 in 97.50 μs
[Architectury Transformer DEBUG] Transforming from com/imeetake/effectual/ModParticles$1.class to com/imeetake/effectual/ModParticles$1.class with 5 transformer(s) on dev.architectury.transformer.handler.TinyRemapperPreparedTransformerHandler
[Architectury Transformer DEBUG] Found class transformer
[Architectury Transformer DEBUG] Writing com/imeetake/effectual/ModParticles$1 with maxs=true frames=true
[Architectury Transformer DEBUG] Transformed com/imeetake/effectual/ModParticles$1 in 94.00 μs
[Architectury Transformer DEBUG] Transforming from com/imeetake/effectual/ModParticles$2.class to com/imeetake/effectual/ModParticles$2.class with 5 transformer(s) on dev.architectury.transformer.handler.TinyRemapperPreparedTransformerHandler
[Architectury Transformer DEBUG] Found class transformer
[Architectury Transformer DEBUG] Writing com/imeetake/effectual/ModParticles$2 with maxs=true frames=true
[Architectury Transformer DEBUG] Transformed com/imeetake/effectual/ModParticles$2 in 82.50 μs
[Architectury Transformer DEBUG] Transforming from com/imeetake/effectual/effects/PlayerRunEffect/DustParticles/SandDustParticle$Factory.class to com/imeetake/effectual/effects/PlayerRunEffect/DustParticles/SandDustParticle$Factory.class with 5 transformer(s) on dev.architectury.transformer.handler.TinyRemapperPreparedTransformerHandler
[Architectury Transformer DEBUG] Found class transformer
[Architectury Transformer DEBUG] Writing com/imeetake/effectual/effects/PlayerRunEffect/DustParticles/SandDustParticle$Factory with maxs=true frames=true
[Architectury Transformer DEBUG] Transformed com/imeetake/effectual/effects/PlayerRunEffect/DustParticles/SandDustParticle$Factory in 621.3 μs
[Architectury Transformer DEBUG] Transforming from com/imeetake/effectual/effects/PlayerRunEffect/DustParticles/SandDustParticle.class to com/imeetake/effectual/effects/PlayerRunEffect/DustParticles/SandDustParticle.class with 5 transformer(s) on dev.architectury.transformer.handler.TinyRemapperPreparedTransformerHandler
[Architectury Transformer DEBUG] Found class transformer
[Architectury Transformer DEBUG] Writing com/imeetake/effectual/effects/PlayerRunEffect/DustParticles/SandDustParticle with maxs=true frames=true
[Architectury Transformer DEBUG] Transformed com/imeetake/effectual/effects/PlayerRunEffect/DustParticles/SandDustParticle in 152.7 μs
[Architectury Transformer DEBUG] Transforming from com/imeetake/effectual/effects/PlayerRunEffect/RunDustParticle.class to com/imeetake/effectual/effects/PlayerRunEffect/RunDustParticle.class with 5 transformer(s) on dev.architectury.transformer.handler.TinyRemapperPreparedTransformerHandler
[Architectury Transformer DEBUG] Found class transformer
[Architectury Transformer DEBUG] Writing com/imeetake/effectual/effects/PlayerRunEffect/RunDustParticle with maxs=true frames=true
[Architectury Transformer DEBUG] Transformed com/imeetake/effectual/effects/PlayerRunEffect/RunDustParticle in 333.0 μs
[Architectury Transformer DEBUG] Transforming from com/imeetake/effectual/effects/PlayerRunEffect/DustParticles/RedSandDustParticle$Factory.class to com/imeetake/effectual/effects/PlayerRunEffect/DustParticles/RedSandDustParticle$Factory.class with 5 transformer(s) on dev.architectury.transformer.handler.TinyRemapperPreparedTransformerHandler
[Architectury Transformer DEBUG] Found class transformer
[Architectury Transformer DEBUG] Writing com/imeetake/effectual/effects/PlayerRunEffect/DustParticles/RedSandDustParticle$Factory with maxs=true frames=true
[Architectury Transformer DEBUG] Transformed com/imeetake/effectual/effects/PlayerRunEffect/DustParticles/RedSandDustParticle$Factory in 439.1 μs
[Architectury Transformer DEBUG] Transforming from com/imeetake/effectual/effects/PlayerRunEffect/DustParticles/RedSandDustParticle.class to com/imeetake/effectual/effects/PlayerRunEffect/DustParticles/RedSandDustParticle.class with 5 transformer(s) on dev.architectury.transformer.handler.TinyRemapperPreparedTransformerHandler
[Architectury Transformer DEBUG] Found class transformer
[Architectury Transformer DEBUG] Writing com/imeetake/effectual/effects/PlayerRunEffect/DustParticles/RedSandDustParticle with maxs=true frames=true
[Architectury Transformer DEBUG] Transformed com/imeetake/effectual/effects/PlayerRunEffect/DustParticles/RedSandDustParticle in 367.8 μs
[Architectury Transformer DEBUG] Transforming from com/imeetake/effectual/effects/PlayerRunEffect/DustParticles/SnowDustParticle$Factory.class to com/imeetake/effectual/effects/PlayerRunEffect/DustParticles/SnowDustParticle$Factory.class with 5 transformer(s) on dev.architectury.transformer.handler.TinyRemapperPreparedTransformerHandler
[Architectury Transformer DEBUG] Found class transformer
[Architectury Transformer DEBUG] Writing com/imeetake/effectual/effects/PlayerRunEffect/DustParticles/SnowDustParticle$Factory with maxs=true frames=true
[Architectury Transformer DEBUG] Transformed com/imeetake/effectual/effects/PlayerRunEffect/DustParticles/SnowDustParticle$Factory in 408.8 μs
[Architectury Transformer DEBUG] Transforming from com/imeetake/effectual/effects/PlayerRunEffect/DustParticles/SnowDustParticle.class to com/imeetake/effectual/effects/PlayerRunEffect/DustParticles/SnowDustParticle.class with 5 transformer(s) on dev.architectury.transformer.handler.TinyRemapperPreparedTransformerHandler
[Architectury Transformer DEBUG] Found class transformer
[Architectury Transformer DEBUG] Writing com/imeetake/effectual/effects/PlayerRunEffect/DustParticles/SnowDustParticle with maxs=true frames=true
[Architectury Transformer DEBUG] Transformed com/imeetake/effectual/effects/PlayerRunEffect/DustParticles/SnowDustParticle in 354.5 μs
[Architectury Transformer DEBUG] Transforming from com/imeetake/effectual/effects/PlayerRunEffect/DustParticles/GravelDustParticle$Factory.class to com/imeetake/effectual/effects/PlayerRunEffect/DustParticles/GravelDustParticle$Factory.class with 5 transformer(s) on dev.architectury.transformer.handler.TinyRemapperPreparedTransformerHandler
[Architectury Transformer DEBUG] Found class transformer
[Architectury Transformer DEBUG] Writing com/imeetake/effectual/effects/PlayerRunEffect/DustParticles/GravelDustParticle$Factory with maxs=true frames=true
[Architectury Transformer DEBUG] Transformed com/imeetake/effectual/effects/PlayerRunEffect/DustParticles/GravelDustParticle$Factory in 253.0 μs
[Architectury Transformer DEBUG] Transforming from com/imeetake/effectual/effects/PlayerRunEffect/DustParticles/GravelDustParticle.class to com/imeetake/effectual/effects/PlayerRunEffect/DustParticles/GravelDustParticle.class with 5 transformer(s) on dev.architectury.transformer.handler.TinyRemapperPreparedTransformerHandler
[Architectury Transformer DEBUG] Found class transformer
[Architectury Transformer DEBUG] Writing com/imeetake/effectual/effects/PlayerRunEffect/DustParticles/GravelDustParticle with maxs=true frames=true
[Architectury Transformer DEBUG] Transformed com/imeetake/effectual/effects/PlayerRunEffect/DustParticles/GravelDustParticle in 136.5 μs
[Architectury Transformer DEBUG] Transforming from com/imeetake/effectual/effects/PlayerRunEffect/DustParticles/MudDustParticle$Factory.class to com/imeetake/effectual/effects/PlayerRunEffect/DustParticles/MudDustParticle$Factory.class with 5 transformer(s) on dev.architectury.transformer.handler.TinyRemapperPreparedTransformerHandler
[Architectury Transformer DEBUG] Found class transformer
[Architectury Transformer DEBUG] Writing com/imeetake/effectual/effects/PlayerRunEffect/DustParticles/MudDustParticle$Factory with maxs=true frames=true
[Architectury Transformer DEBUG] Transformed com/imeetake/effectual/effects/PlayerRunEffect/DustParticles/MudDustParticle$Factory in 504.3 μs
[Architectury Transformer DEBUG] Transforming from com/imeetake/effectual/effects/PlayerRunEffect/DustParticles/MudDustParticle.class to com/imeetake/effectual/effects/PlayerRunEffect/DustParticles/MudDustParticle.class with 5 transformer(s) on dev.architectury.transformer.handler.TinyRemapperPreparedTransformerHandler
[Architectury Transformer DEBUG] Found class transformer
[Architectury Transformer DEBUG] Writing com/imeetake/effectual/effects/PlayerRunEffect/DustParticles/MudDustParticle with maxs=true frames=true
[Architectury Transformer DEBUG] Transformed com/imeetake/effectual/effects/PlayerRunEffect/DustParticles/MudDustParticle in 154.5 μs
[Architectury Transformer DEBUG] Transforming from com/imeetake/effectual/effects/MouthSteam/MouthSteamParticleFactory.class to com/imeetake/effectual/effects/MouthSteam/MouthSteamParticleFactory.class with 5 transformer(s) on dev.architectury.transformer.handler.TinyRemapperPreparedTransformerHandler
[Architectury Transformer DEBUG] Found class transformer
[Architectury Transformer DEBUG] Writing com/imeetake/effectual/effects/MouthSteam/MouthSteamParticleFactory with maxs=true frames=true
[Architectury Transformer DEBUG] Transformed com/imeetake/effectual/effects/MouthSteam/MouthSteamParticleFactory in 351.7 μs
[Architectury Transformer DEBUG] Transforming from com/imeetake/effectual/effects/MouthSteam/MouthSteamParticle.class to com/imeetake/effectual/effects/MouthSteam/MouthSteamParticle.class with 5 transformer(s) on dev.architectury.transformer.handler.TinyRemapperPreparedTransformerHandler
[Architectury Transformer DEBUG] Found class transformer
[Architectury Transformer DEBUG] Writing com/imeetake/effectual/effects/MouthSteam/MouthSteamParticle with maxs=true frames=true
[Architectury Transformer DEBUG] Transformed com/imeetake/effectual/effects/MouthSteam/MouthSteamParticle in 269.8 μs
[Architectury Transformer DEBUG] Transforming from com/imeetake/effectual/effects/WaterDrip/WaterDripParticleFactory.class to com/imeetake/effectual/effects/WaterDrip/WaterDripParticleFactory.class with 5 transformer(s) on dev.architectury.transformer.handler.TinyRemapperPreparedTransformerHandler
[Architectury Transformer DEBUG] Found class transformer
[Architectury Transformer DEBUG] Writing com/imeetake/effectual/effects/WaterDrip/WaterDripParticleFactory with maxs=true frames=true
[Architectury Transformer DEBUG] Transformed com/imeetake/effectual/effects/WaterDrip/WaterDripParticleFactory in 238.7 μs
[Architectury Transformer DEBUG] Transforming from com/imeetake/effectual/effects/WaterDrip/WaterDripParticle.class to com/imeetake/effectual/effects/WaterDrip/WaterDripParticle.class with 5 transformer(s) on dev.architectury.transformer.handler.TinyRemapperPreparedTransformerHandler
[Architectury Transformer DEBUG] Found class transformer
[Architectury Transformer DEBUG] Writing com/imeetake/effectual/effects/WaterDrip/WaterDripParticle with maxs=true frames=true
[Architectury Transformer DEBUG] Transformed com/imeetake/effectual/effects/WaterDrip/WaterDripParticle in 263.9 μs
[Architectury Transformer DEBUG] Transforming from com/imeetake/effectual/effects/MetalSparks/MetalSparkParticle.class to com/imeetake/effectual/effects/MetalSparks/MetalSparkParticle.class with 5 transformer(s) on dev.architectury.transformer.handler.TinyRemapperPreparedTransformerHandler
[Architectury Transformer DEBUG] Found class transformer
[Architectury Transformer DEBUG] Writing com/imeetake/effectual/effects/MetalSparks/MetalSparkParticle with maxs=true frames=true
[Architectury Transformer DEBUG] Transformed com/imeetake/effectual/effects/MetalSparks/MetalSparkParticle in 211.4 μs
[Architectury Transformer DEBUG] Transforming from com/imeetake/effectual/effects/FireEntitySparks/EntitySparkParticle.class to com/imeetake/effectual/effects/FireEntitySparks/EntitySparkParticle.class with 5 transformer(s) on dev.architectury.transformer.handler.TinyRemapperPreparedTransformerHandler
[Architectury Transformer DEBUG] Found class transformer
[Architectury Transformer DEBUG] Writing com/imeetake/effectual/effects/FireEntitySparks/EntitySparkParticle with maxs=true frames=true
[Architectury Transformer DEBUG] Transformed com/imeetake/effectual/effects/FireEntitySparks/EntitySparkParticle in 255.5 μs
[Architectury Transformer DEBUG] Transforming from com/imeetake/effectual/effects/AirTrail/AirTrailParticle.class to com/imeetake/effectual/effects/AirTrail/AirTrailParticle.class with 5 transformer(s) on dev.architectury.transformer.handler.TinyRemapperPreparedTransformerHandler
[Architectury Transformer DEBUG] Found class transformer
[Architectury Transformer DEBUG] Writing com/imeetake/effectual/effects/AirTrail/AirTrailParticle with maxs=true frames=true
[Architectury Transformer DEBUG] Transformed com/imeetake/effectual/effects/AirTrail/AirTrailParticle in 512.7 μs
[Architectury Transformer DEBUG] Transforming from com/imeetake/effectual/effects/GoldGlow/GoldGlowParticle.class to com/imeetake/effectual/effects/GoldGlow/GoldGlowParticle.class with 5 transformer(s) on dev.architectury.transformer.handler.TinyRemapperPreparedTransformerHandler
[Architectury Transformer DEBUG] Found class transformer
[Architectury Transformer DEBUG] Writing com/imeetake/effectual/effects/GoldGlow/GoldGlowParticle with maxs=true frames=true
[Architectury Transformer DEBUG] Transformed com/imeetake/effectual/effects/GoldGlow/GoldGlowParticle in 628.1 μs
[Architectury Transformer DEBUG] Transforming from com/imeetake/effectual/effects/SoulGlow/SoulGlowParticle.class to com/imeetake/effectual/effects/SoulGlow/SoulGlowParticle.class with 5 transformer(s) on dev.architectury.transformer.handler.TinyRemapperPreparedTransformerHandler
[Architectury Transformer DEBUG] Found class transformer
[Architectury Transformer DEBUG] Writing com/imeetake/effectual/effects/SoulGlow/SoulGlowParticle with maxs=true frames=true
[Architectury Transformer DEBUG] Transformed com/imeetake/effectual/effects/SoulGlow/SoulGlowParticle in 511.8 μs
[Architectury Transformer DEBUG] Transforming from com/imeetake/effectual/effects/Sparks/SparkParticle.class to com/imeetake/effectual/effects/Sparks/SparkParticle.class with 5 transformer(s) on dev.architectury.transformer.handler.TinyRemapperPreparedTransformerHandler
[Architectury Transformer DEBUG] Found class transformer
[Architectury Transformer DEBUG] Writing com/imeetake/effectual/effects/Sparks/SparkParticle with maxs=true frames=true
[Architectury Transformer DEBUG] Transformed com/imeetake/effectual/effects/Sparks/SparkParticle in 499.4 μs
[Architectury Transformer DEBUG] Transforming from com/imeetake/effectual/effects/SparksSoul/SoulSparkParticle.class to com/imeetake/effectual/effects/SparksSoul/SoulSparkParticle.class with 5 transformer(s) on dev.architectury.transformer.handler.TinyRemapperPreparedTransformerHandler
[Architectury Transformer DEBUG] Found class transformer
[Architectury Transformer DEBUG] Writing com/imeetake/effectual/effects/SparksSoul/SoulSparkParticle with maxs=true frames=true
[Architectury Transformer DEBUG] Transformed com/imeetake/effectual/effects/SparksSoul/SoulSparkParticle in 465.7 μs
