[Architectury Transformer DEBUG] 
[Architectury Transformer DEBUG] ============================
[Architectury Transformer DEBUG] Transforming from /Users/arseniyradaev/Documents/IdeaProjects/Effectual/Effectual 1.21.1/common/build/devlibs/effectual-common-1.3.0-1.21.1-dev.jar to /Users/arseniyradaev/Documents/IdeaProjects/Effectual/Effectual 1.21.1/common/build/libs/effectual-common-1.3.0-1.21.1-transformProductionFabric.jar
[Architectury Transformer DEBUG] ============================
[Architectury Transformer DEBUG] 
[Architectury Transformer DEBUG] Transforming 5 transformer(s) from /Users/arseniyradaev/Documents/IdeaProjects/Effectual/Effectual 1.21.1/common/build/devlibs/effectual-common-1.3.0-1.21.1-dev.jar to /Users/arseniyradaev/Documents/IdeaProjects/Effectual/Effectual 1.21.1/common/build/libs/effectual-common-1.3.0-1.21.1-transformProductionFabric.jar: 
[Architectury Transformer DEBUG]  - dev.architectury.transformer.transformers.RemapMixinVariables@4bf12e8f
[Architectury Transformer DEBUG]  - dev.architectury.transformer.transformers.TransformExpectPlatform@2c9ffcc2
[Architectury Transformer DEBUG]  - dev.architectury.transformer.transformers.RemapInjectables@58cb5f9
[Architectury Transformer DEBUG]  - AddRefmapName(enabled=() -> kotlin.Boolean)
[Architectury Transformer DEBUG]  - dev.architectury.transformer.transformers.TransformPlatformOnly@54ecc97a
[Architectury Transformer DEBUG] Transforming from /Users/arseniyradaev/Documents/IdeaProjects/Effectual/Effectual 1.21.1/common/build/devlibs/effectual-common-1.3.0-1.21.1-dev.jar to /Users/arseniyradaev/Documents/IdeaProjects/Effectual/Effectual 1.21.1/common/build/libs/effectual-common-1.3.0-1.21.1-transformProductionFabric.jar with 5 transformer(s) on dev.architectury.transformer.handler.SimpleTransformerHandler
[Architectury Transformer DEBUG] Reading mixin mappings file: /Users/arseniyradaev/Documents/IdeaProjects/Effectual/Effectual 1.21.1/common/build/loom-cache/mixin-map-loom.mappings.1_21_1.layered+hash.40359-v2.main.tiny
[Architectury Transformer DEBUG] Remapping with 1 mapping provider(s):
[Architectury Transformer DEBUG]  - dev.architectury.transformer.shadowed.impl.dev.architectury.tinyremapper.TinyUtils$$Lambda/0x00007fc0024339a8@51d29f53
[Architectury Transformer DEBUG] Provided 69 classpath jar(s):
[Architectury Transformer DEBUG]  - /Users/arseniyradaev/.gradle/caches/modules-2/files-2.1/dev.architectury/architectury-injectables/1.0.10/62db2a366d662606d1b23ad02ccc3212ed37ec3/architectury-injectables-1.0.10.jar
[Architectury Transformer DEBUG]  - /Users/arseniyradaev/.gradle/caches/modules-2/files-2.1/net.fabricmc/fabric-loader/0.18.3/234f25229c51fdd8c0f3a72af0dbcf1ecf2f45d1/fabric-loader-0.18.3.jar
[Architectury Transformer DEBUG]  - /Users/arseniyradaev/.gradle/caches/modules-2/files-2.1/org.jetbrains/annotations/26.0.2/c7ce3cdeda3d18909368dfe5977332dfad326c6d/annotations-26.0.2.jar
[Architectury Transformer DEBUG]  - /Users/arseniyradaev/.gradle/caches/modules-2/files-2.1/org.ow2.asm/asm/9.9/c29635c8a7afa03d74b33c1884df8abb2b3f3dcc/asm-9.9.jar
[Architectury Transformer DEBUG]  - /Users/arseniyradaev/.gradle/caches/modules-2/files-2.1/org.ow2.asm/asm-analysis/9.9/bf4fa6e66638851c1cd22c2caea0c3ee5d5f437/asm-analysis-9.9.jar
[Architectury Transformer DEBUG]  - /Users/arseniyradaev/.gradle/caches/modules-2/files-2.1/org.ow2.asm/asm-commons/9.9/db9165a3bf908ded6b08612d583a15d1d0c7bda0/asm-commons-9.9.jar
[Architectury Transformer DEBUG]  - /Users/arseniyradaev/.gradle/caches/modules-2/files-2.1/org.ow2.asm/asm-tree/9.9/f8de6eead6d24dd0f45bd065bbe112b2cda6ea21/asm-tree-9.9.jar
[Architectury Transformer DEBUG]  - /Users/arseniyradaev/.gradle/caches/modules-2/files-2.1/org.ow2.asm/asm-util/9.9/42fdfc0508b43807c8078d6e82ecff2ce2112ae8/asm-util-9.9.jar
[Architectury Transformer DEBUG]  - /Users/arseniyradaev/.gradle/caches/modules-2/files-2.1/net.fabricmc/sponge-mixin/0.16.5+mixin.0.8.7/80fc3a9f592673cea87f4cd702f87991c6c9fe4d/sponge-mixin-0.16.5+mixin.0.8.7.jar
[Architectury Transformer DEBUG]  - /Users/arseniyradaev/.gradle/caches/modules-2/files-2.1/io.github.llamalad7/mixinextras-fabric/0.5.0/91a83dfb7abd320f6236bd1fcf5c0ff143d59a13/mixinextras-fabric-0.5.0.jar
[Architectury Transformer DEBUG]  - /Users/arseniyradaev/.gradle/caches/modules-2/files-2.1/ca.weblite/java-objc-bridge/1.1/1227f9e0666314f9de41477e3ec277e542ed7f7b/java-objc-bridge-1.1.jar
[Architectury Transformer DEBUG]  - /Users/arseniyradaev/.gradle/caches/modules-2/files-2.1/com.github.oshi/oshi-core/6.4.10/b1d8ab82d11d92fd639b56d639f8f46f739dd5fa/oshi-core-6.4.10.jar
[Architectury Transformer DEBUG]  - /Users/arseniyradaev/.gradle/caches/modules-2/files-2.1/com.google.code.gson/gson/2.10.1/b3add478d4382b78ea20b1671390a858002feb6c/gson-2.10.1.jar
[Architectury Transformer DEBUG]  - /Users/arseniyradaev/.gradle/caches/modules-2/files-2.1/com.google.guava/failureaccess/1.0.1/1dcf1de382a0bf95a3d8b0849546c88bac1292c9/failureaccess-1.0.1.jar
[Architectury Transformer DEBUG]  - /Users/arseniyradaev/.gradle/caches/modules-2/files-2.1/com.google.guava/guava/32.1.2-jre/5e64ec7e056456bef3a4bc4c6fdaef71e8ab6318/guava-32.1.2-jre.jar
[Architectury Transformer DEBUG]  - /Users/arseniyradaev/.gradle/caches/modules-2/files-2.1/com.ibm.icu/icu4j/73.2/61ad4ef7f9131fcf6d25c34b817f90d6da06c9e9/icu4j-73.2.jar
[Architectury Transformer DEBUG]  - /Users/arseniyradaev/.gradle/caches/modules-2/files-2.1/com.mojang/authlib/6.0.54/de8bc95660e1b2fe8793fd427a7a10dcec5b3ea7/authlib-6.0.54.jar
[Architectury Transformer DEBUG]  - /Users/arseniyradaev/.gradle/caches/modules-2/files-2.1/com.mojang/blocklist/1.0.10/5c685c5ffa94c4cd39496c7184c1d122e515ecef/blocklist-1.0.10.jar
[Architectury Transformer DEBUG]  - /Users/arseniyradaev/.gradle/caches/modules-2/files-2.1/com.mojang/brigadier/1.3.10/d15b53a14cf20fdcaa98f731af5dda654452c010/brigadier-1.3.10.jar
[Architectury Transformer DEBUG]  - /Users/arseniyradaev/.gradle/caches/modules-2/files-2.1/com.mojang/datafixerupper/8.0.16/67d4de6d7f95d89bcf5862995fb854ebaec02a34/datafixerupper-8.0.16.jar
[Architectury Transformer DEBUG]  - /Users/arseniyradaev/.gradle/caches/modules-2/files-2.1/com.mojang/logging/1.2.7/24cb95ffb0e3433fd6e844c04e68009e504ca1c0/logging-1.2.7.jar
[Architectury Transformer DEBUG]  - /Users/arseniyradaev/.gradle/caches/modules-2/files-2.1/com.mojang/patchy/2.2.10/da05971b07cbb379d002cf7eaec6a2048211fefc/patchy-2.2.10.jar
[Architectury Transformer DEBUG]  - /Users/arseniyradaev/.gradle/caches/modules-2/files-2.1/com.mojang/text2speech/1.17.9/3cad216e3a7f0c19b4b394388bc9ffc446f13b14/text2speech-1.17.9.jar
[Architectury Transformer DEBUG]  - /Users/arseniyradaev/.gradle/caches/modules-2/files-2.1/commons-codec/commons-codec/1.16.0/4e3eb3d79888d76b54e28b350915b5dc3919c9de/commons-codec-1.16.0.jar
[Architectury Transformer DEBUG]  - /Users/arseniyradaev/.gradle/caches/modules-2/files-2.1/commons-io/commons-io/2.15.1/f11560da189ab563a5c8e351941415430e9304ea/commons-io-2.15.1.jar
[Architectury Transformer DEBUG]  - /Users/arseniyradaev/.gradle/caches/modules-2/files-2.1/commons-logging/commons-logging/1.2/4bfc12adfe4842bf07b657f0369c4cb522955686/commons-logging-1.2.jar
[Architectury Transformer DEBUG]  - /Users/arseniyradaev/.gradle/caches/modules-2/files-2.1/io.netty/netty-buffer/4.1.97.Final/f8f3d8644afa5e6e1a40a3a6aeb9d9aa970ecb4f/netty-buffer-4.1.97.Final.jar
[Architectury Transformer DEBUG]  - /Users/arseniyradaev/.gradle/caches/modules-2/files-2.1/io.netty/netty-codec/4.1.97.Final/384ba4d75670befbedb45c4d3b497a93639c206d/netty-codec-4.1.97.Final.jar
[Architectury Transformer DEBUG]  - /Users/arseniyradaev/.gradle/caches/modules-2/files-2.1/io.netty/netty-common/4.1.97.Final/7cceacaf11df8dc63f23d0fb58e9d4640fc88404/netty-common-4.1.97.Final.jar
[Architectury Transformer DEBUG]  - /Users/arseniyradaev/.gradle/caches/modules-2/files-2.1/io.netty/netty-handler/4.1.97.Final/abb86c6906bf512bf2b797a41cd7d2e8d3cd7c36/netty-handler-4.1.97.Final.jar
[Architectury Transformer DEBUG]  - /Users/arseniyradaev/.gradle/caches/modules-2/files-2.1/io.netty/netty-resolver/4.1.97.Final/cec8348108dc76c47cf87c669d514be52c922144/netty-resolver-4.1.97.Final.jar
[Architectury Transformer DEBUG]  - /Users/arseniyradaev/.gradle/caches/modules-2/files-2.1/io.netty/netty-transport-classes-epoll/4.1.97.Final/795da37ded759e862457a82d9d92c4d39ce8ecee/netty-transport-classes-epoll-4.1.97.Final.jar
[Architectury Transformer DEBUG]  - /Users/arseniyradaev/.gradle/caches/modules-2/files-2.1/io.netty/netty-transport-native-unix-common/4.1.97.Final/d469d84265ab70095b01b40886cabdd433b6e664/netty-transport-native-unix-common-4.1.97.Final.jar
[Architectury Transformer DEBUG]  - /Users/arseniyradaev/.gradle/caches/modules-2/files-2.1/io.netty/netty-transport/4.1.97.Final/f37380d23c9bb079bc702910833b2fd532c9abd0/netty-transport-4.1.97.Final.jar
[Architectury Transformer DEBUG]  - /Users/arseniyradaev/.gradle/caches/modules-2/files-2.1/it.unimi.dsi/fastutil/8.5.12/c24946d46824bd528054bface3231d2ecb7e95e8/fastutil-8.5.12.jar
[Architectury Transformer DEBUG]  - /Users/arseniyradaev/.gradle/caches/modules-2/files-2.1/net.java.dev.jna/jna-platform/5.14.0/28934d48aed814f11e4c584da55c49fa7032b31b/jna-platform-5.14.0.jar
[Architectury Transformer DEBUG]  - /Users/arseniyradaev/.gradle/caches/modules-2/files-2.1/net.java.dev.jna/jna/5.14.0/67bf3eaea4f0718cb376a181a629e5f88fa1c9dd/jna-5.14.0.jar
[Architectury Transformer DEBUG]  - /Users/arseniyradaev/.gradle/caches/modules-2/files-2.1/net.sf.jopt-simple/jopt-simple/5.0.4/4fdac2fbe92dfad86aa6e9301736f6b4342a3f5c/jopt-simple-5.0.4.jar
[Architectury Transformer DEBUG]  - /Users/arseniyradaev/.gradle/caches/modules-2/files-2.1/org.apache.commons/commons-compress/1.26.0/659feffdd12280201c8aacb8f7be94f9a883c824/commons-compress-1.26.0.jar
[Architectury Transformer DEBUG]  - /Users/arseniyradaev/.gradle/caches/modules-2/files-2.1/org.apache.commons/commons-lang3/3.14.0/1ed471194b02f2c6cb734a0cd6f6f107c673afae/commons-lang3-3.14.0.jar
[Architectury Transformer DEBUG]  - /Users/arseniyradaev/.gradle/caches/modules-2/files-2.1/org.apache.httpcomponents/httpclient/4.5.13/e5f6cae5ca7ecaac1ec2827a9e2d65ae2869cada/httpclient-4.5.13.jar
[Architectury Transformer DEBUG]  - /Users/arseniyradaev/.gradle/caches/modules-2/files-2.1/org.apache.httpcomponents/httpcore/4.4.16/51cf043c87253c9f58b539c9f7e44c8894223850/httpcore-4.4.16.jar
[Architectury Transformer DEBUG]  - /Users/arseniyradaev/.gradle/caches/modules-2/files-2.1/org.apache.logging.log4j/log4j-api/2.22.1/bea6fede6328fabafd7e68363161a7ea6605abd1/log4j-api-2.22.1.jar
[Architectury Transformer DEBUG]  - /Users/arseniyradaev/.gradle/caches/modules-2/files-2.1/org.apache.logging.log4j/log4j-core/2.22.1/7183a25510a02ad00cc6a95d3b3d2a7d3c5a8dc4/log4j-core-2.22.1.jar
[Architectury Transformer DEBUG]  - /Users/arseniyradaev/.gradle/caches/modules-2/files-2.1/org.apache.logging.log4j/log4j-slf4j2-impl/2.22.1/d7e6693c2606cb7e7335047d7bb96dec52db5665/log4j-slf4j2-impl-2.22.1.jar
[Architectury Transformer DEBUG]  - /Users/arseniyradaev/.gradle/caches/modules-2/files-2.1/org.jcraft/jorbis/0.0.17/8872d22b293e8f5d7d56ff92be966e6dc28ebdc6/jorbis-0.0.17.jar
[Architectury Transformer DEBUG]  - /Users/arseniyradaev/.gradle/caches/modules-2/files-2.1/org.joml/joml/1.10.5/22566d58af70ad3d72308bab63b8339906deb649/joml-1.10.5.jar
[Architectury Transformer DEBUG]  - /Users/arseniyradaev/.gradle/caches/modules-2/files-2.1/org.lwjgl/lwjgl-freetype/3.3.3/a0db6c84a8becc8ca05f9dbfa985edc348a824c7/lwjgl-freetype-3.3.3.jar
[Architectury Transformer DEBUG]  - /Users/arseniyradaev/.gradle/caches/modules-2/files-2.1/org.lwjgl/lwjgl-glfw/3.3.3/efa1eb78c5ccd840e9f329717109b5e892d72f8e/lwjgl-glfw-3.3.3.jar
[Architectury Transformer DEBUG]  - /Users/arseniyradaev/.gradle/caches/modules-2/files-2.1/org.lwjgl/lwjgl-jemalloc/3.3.3/b543467b7ff3c6920539a88ee602d34098628be5/lwjgl-jemalloc-3.3.3.jar
[Architectury Transformer DEBUG]  - /Users/arseniyradaev/.gradle/caches/modules-2/files-2.1/org.lwjgl/lwjgl-openal/3.3.3/daada81ceb5fc0c291fbfdd4433cb8d9423577f2/lwjgl-openal-3.3.3.jar
[Architectury Transformer DEBUG]  - /Users/arseniyradaev/.gradle/caches/modules-2/files-2.1/org.lwjgl/lwjgl-opengl/3.3.3/2f6b0147078396a58979125a4c947664e98293a/lwjgl-opengl-3.3.3.jar
[Architectury Transformer DEBUG]  - /Users/arseniyradaev/.gradle/caches/modules-2/files-2.1/org.lwjgl/lwjgl-stb/3.3.3/25dd6161988d7e65f71d5065c99902402ee32746/lwjgl-stb-3.3.3.jar
[Architectury Transformer DEBUG]  - /Users/arseniyradaev/.gradle/caches/modules-2/files-2.1/org.lwjgl/lwjgl-tinyfd/3.3.3/82d755ca94b102e9ca77283b9e2dc46d1b15fbe5/lwjgl-tinyfd-3.3.3.jar
[Architectury Transformer DEBUG]  - /Users/arseniyradaev/.gradle/caches/modules-2/files-2.1/org.lwjgl/lwjgl/3.3.3/29589b5f87ed335a6c7e7ee6a5775f81f97ecb84/lwjgl-3.3.3.jar
[Architectury Transformer DEBUG]  - /Users/arseniyradaev/.gradle/caches/modules-2/files-2.1/org.lz4/lz4-java/1.8.0/4b986a99445e49ea5fbf5d149c4b63f6ed6c6780/lz4-java-1.8.0.jar
[Architectury Transformer DEBUG]  - /Users/arseniyradaev/.gradle/caches/modules-2/files-2.1/org.slf4j/slf4j-api/2.0.9/7cf2726fdcfbc8610f9a71fb3ed639871f315340/slf4j-api-2.0.9.jar
[Architectury Transformer DEBUG]  - /Users/arseniyradaev/Documents/IdeaProjects/Effectual/Effectual 1.21.1/.gradle/loom-cache/minecraftMaven/net/minecraft/minecraft-merged-4ed8bce898/1.21.1-loom.mappings.1_21_1.layered+hash.40359-v2/minecraft-merged-4ed8bce898-1.21.1-loom.mappings.1_21_1.layered+hash.40359-v2.jar
[Architectury Transformer DEBUG]  - /Users/arseniyradaev/.gradle/caches/modules-2/files-2.1/io.netty/netty-transport-native-epoll/4.1.97.Final/54188f271e388e7f313aea995e82f58ce2cdb809/netty-transport-native-epoll-4.1.97.Final-linux-x86_64.jar
[Architectury Transformer DEBUG]  - /Users/arseniyradaev/.gradle/caches/modules-2/files-2.1/io.netty/netty-transport-native-epoll/4.1.97.Final/5514744c588190ffda076b35a9b8c9f24946a960/netty-transport-native-epoll-4.1.97.Final-linux-aarch_64.jar
[Architectury Transformer DEBUG]  - /Users/arseniyradaev/Documents/IdeaProjects/Effectual/Effectual 1.21.1/.gradle/loom-cache/remapped_mods/remapped/dev/architectury/architectury-b9d2d3ba/13.0.8/architectury-b9d2d3ba-13.0.8.jar
[Architectury Transformer DEBUG]  - /Users/arseniyradaev/Documents/IdeaProjects/Effectual/Effectual 1.21.1/.gradle/loom-cache/remapped_mods/remapped/com/imeetake/tlib-fabric-b9d2d3ba/1.4.1-1.21.1/tlib-fabric-b9d2d3ba-1.4.1-1.21.1.jar
[Architectury Transformer DEBUG]  - /Users/arseniyradaev/Documents/IdeaProjects/Effectual/Effectual 1.21.1/.gradle/loom-cache/remapped_mods/remapped/me/shedaniel/cloth/cloth-config-fabric-b9d2d3ba/15.0.140/cloth-config-fabric-b9d2d3ba-15.0.140-fabric.jar
[Architectury Transformer DEBUG]  - /Users/arseniyradaev/Documents/IdeaProjects/Effectual/Effectual 1.21.1/.gradle/loom-cache/remapped_mods/remapped/net/fabricmc/fabric-api/fabric-resource-loader-v0-b9d2d3ba/1.3.0+56599129d1/fabric-resource-loader-v0-b9d2d3ba-1.3.0+56599129d1.jar
[Architectury Transformer DEBUG]  - /Users/arseniyradaev/Documents/IdeaProjects/Effectual/Effectual 1.21.1/.gradle/loom-cache/remapped_mods/remapped/net/fabricmc/fabric-api/fabric-screen-api-v1-b9d2d3ba/2.0.24+b5597344d1/fabric-screen-api-v1-b9d2d3ba-2.0.24+b5597344d1.jar
[Architectury Transformer DEBUG]  - /Users/arseniyradaev/Documents/IdeaProjects/Effectual/Effectual 1.21.1/.gradle/loom-cache/remapped_mods/remapped/net/fabricmc/fabric-api/fabric-key-binding-api-v1-b9d2d3ba/1.0.47+0af3f5a7d1/fabric-key-binding-api-v1-b9d2d3ba-1.0.47+0af3f5a7d1.jar
[Architectury Transformer DEBUG]  - /Users/arseniyradaev/Documents/IdeaProjects/Effectual/Effectual 1.21.1/.gradle/loom-cache/remapped_mods/remapped/net/fabricmc/fabric-api/fabric-lifecycle-events-v1-b9d2d3ba/2.3.12+6c1df360d1/fabric-lifecycle-events-v1-b9d2d3ba-2.3.12+6c1df360d1.jar
[Architectury Transformer DEBUG]  - /Users/arseniyradaev/Documents/IdeaProjects/Effectual/Effectual 1.21.1/.gradle/loom-cache/remapped_mods/remapped/me/shedaniel/cloth/basic-math-b9d2d3ba/0.6.1/basic-math-b9d2d3ba-0.6.1.jar
[Architectury Transformer DEBUG]  - /Users/arseniyradaev/Documents/IdeaProjects/Effectual/Effectual 1.21.1/.gradle/loom-cache/remapped_mods/remapped/net/fabricmc/fabric-api/fabric-api-base-b9d2d3ba/0.4.42+6573ed8cd1/fabric-api-base-b9d2d3ba-0.4.42+6573ed8cd1.jar
[Architectury Transformer] Read classpath in 1.708 s
[Architectury Transformer DEBUG] Remapping Classes:
[Architectury Transformer DEBUG] Found class transformer
[Architectury Transformer DEBUG] Writing com/imeetake/effectual/ModParticles with maxs=true frames=true
[Architectury Transformer DEBUG] Writing com/imeetake/effectual/ModParticles$8 with maxs=true frames=true
[Architectury Transformer DEBUG] Writing com/imeetake/effectual/ModParticles$7 with maxs=true frames=true
[Architectury Transformer DEBUG] Writing com/imeetake/effectual/ModParticles$2 with maxs=true frames=true
[Architectury Transformer DEBUG] Writing com/imeetake/effectual/ModParticles$1 with maxs=true frames=true
[Architectury Transformer DEBUG] Writing com/imeetake/effectual/ModParticles$9 with maxs=true frames=true
[Architectury Transformer DEBUG] Writing com/imeetake/effectual/ModParticles$3 with maxs=true frames=true
[Architectury Transformer DEBUG] Writing com/imeetake/effectual/ModParticles$5 with maxs=true frames=true
[Architectury Transformer DEBUG] Writing com/imeetake/effectual/ModParticles$6 with maxs=true frames=true
[Architectury Transformer DEBUG] Writing com/imeetake/effectual/ModParticles$4 with maxs=true frames=true
[Architectury Transformer DEBUG] Writing com/imeetake/effectual/EffectualConfig with maxs=true frames=true
[Architectury Transformer DEBUG] Writing com/imeetake/effectual/Effectual with maxs=true frames=true
[Architectury Transformer DEBUG] Writing com/imeetake/effectual/EffectualClient with maxs=true frames=true
[Architectury Transformer DEBUG] Writing com/imeetake/effectual/EffectRegistry with maxs=true frames=true
[Architectury Transformer DEBUG] Writing com/imeetake/effectual/effects/SteamEffect/SteamEffect with maxs=true frames=true
[Architectury Transformer DEBUG] Writing com/imeetake/effectual/effects/WaterDrip/WaterDripEffect with maxs=true frames=true
[Architectury Transformer DEBUG] Writing com/imeetake/effectual/effects/WaterDrip/WaterDripParticleFactory with maxs=true frames=true
[Architectury Transformer DEBUG] Writing com/imeetake/effectual/effects/WaterDrip/WaterDripParticle with maxs=true frames=true
[Architectury Transformer DEBUG] Writing com/imeetake/effectual/effects/FireEntitySparks/EntitySparkParticle$Factory with maxs=true frames=true
[Architectury Transformer DEBUG] Writing com/imeetake/effectual/effects/FireEntitySparks/FireEntitySparksEffect with maxs=true frames=true
[Architectury Transformer DEBUG] Writing com/imeetake/effectual/effects/FireEntitySparks/EntitySparkParticle with maxs=true frames=true
[Architectury Transformer DEBUG] Writing com/imeetake/effectual/effects/WitherDecay/WitherDecayEffect with maxs=true frames=true
[Architectury Transformer DEBUG] Writing com/imeetake/effectual/effects/StripEffect/StripEffect with maxs=true frames=true
[Architectury Transformer DEBUG] Writing com/imeetake/effectual/effects/StripEffect/StripEffect$Pending with maxs=true frames=true
[Architectury Transformer DEBUG] Writing com/imeetake/effectual/effects/Bubbles/BubbleBreathEffect with maxs=true frames=true
[Architectury Transformer DEBUG] Writing com/imeetake/effectual/effects/Bubbles/BubblePotsEffect with maxs=true frames=true
[Architectury Transformer DEBUG] Writing com/imeetake/effectual/effects/Bubbles/BubbleChestEffect with maxs=true frames=true
[Architectury Transformer DEBUG] Writing com/imeetake/effectual/effects/CaveDust/CaveDustEffect with maxs=true frames=true
[Architectury Transformer DEBUG] Writing com/imeetake/effectual/effects/MetalSparks/MetalSparkParticle with maxs=true frames=true
[Architectury Transformer DEBUG] Writing com/imeetake/effectual/effects/MetalSparks/SparksCartEffect with maxs=true frames=true
[Architectury Transformer DEBUG] Writing com/imeetake/effectual/effects/MetalSparks/MetalSparkParticle$Factory with maxs=true frames=true
[Architectury Transformer DEBUG] Writing com/imeetake/effectual/effects/SoulGlow/SoulGlowParticle with maxs=true frames=true
[Architectury Transformer DEBUG] Writing com/imeetake/effectual/effects/SoulGlow/SoulLanternGlowEffect with maxs=true frames=true
[Architectury Transformer DEBUG] Writing com/imeetake/effectual/effects/SoulGlow/SoulTorchGlowEffect with maxs=true frames=true
[Architectury Transformer DEBUG] Writing com/imeetake/effectual/effects/SparksSoul/SoulSparkParticle with maxs=true frames=true
[Architectury Transformer DEBUG] Writing com/imeetake/effectual/effects/SparksSoul/SoulFireImprovements with maxs=true frames=true
[Architectury Transformer DEBUG] Writing com/imeetake/effectual/effects/SparksSoul/SoulCampfireImprovements with maxs=true frames=true
[Architectury Transformer DEBUG] Writing com/imeetake/effectual/effects/Sparks/CampfireImprovements with maxs=true frames=true
[Architectury Transformer DEBUG] Writing com/imeetake/effectual/effects/Sparks/FurnaceSparksEffect with maxs=true frames=true
[Architectury Transformer DEBUG] Writing com/imeetake/effectual/effects/Sparks/FireImprovements with maxs=true frames=true
[Architectury Transformer DEBUG] Writing com/imeetake/effectual/effects/Sparks/SparkParticle with maxs=true frames=true
[Architectury Transformer DEBUG] Writing com/imeetake/effectual/effects/CauldronFill/CauldronFillEffect$Snapshot with maxs=true frames=true
[Architectury Transformer DEBUG] Writing com/imeetake/effectual/effects/CauldronFill/CauldronFillEffect with maxs=true frames=true
[Architectury Transformer DEBUG] Writing com/imeetake/effectual/effects/CauldronFill/CauldronFillEffect$Kind with maxs=true frames=true
[Architectury Transformer DEBUG] Writing com/imeetake/effectual/effects/PlayerRunEffect/RunDustParticle with maxs=true frames=true
[Architectury Transformer DEBUG] Writing com/imeetake/effectual/effects/PlayerRunEffect/RunDustParticle$Weight with maxs=true frames=true
[Architectury Transformer DEBUG] Writing com/imeetake/effectual/effects/PlayerRunEffect/PlayerRunEffect with maxs=true frames=true
[Architectury Transformer DEBUG] Writing com/imeetake/effectual/effects/PlayerRunEffect/DustParticles/GravelDustParticle with maxs=true frames=true
[Architectury Transformer DEBUG] Writing com/imeetake/effectual/effects/PlayerRunEffect/DustParticles/GravelDustParticle$Factory with maxs=true frames=true
[Architectury Transformer DEBUG] Writing com/imeetake/effectual/effects/PlayerRunEffect/DustParticles/SandDustParticle$Factory with maxs=true frames=true
[Architectury Transformer DEBUG] Writing com/imeetake/effectual/effects/PlayerRunEffect/DustParticles/MudDustParticle with maxs=true frames=true
[Architectury Transformer DEBUG] Writing com/imeetake/effectual/effects/PlayerRunEffect/DustParticles/RedSandDustParticle$Factory with maxs=true frames=true
[Architectury Transformer DEBUG] Writing com/imeetake/effectual/effects/PlayerRunEffect/DustParticles/SnowDustParticle with maxs=true frames=true
[Architectury Transformer DEBUG] Writing com/imeetake/effectual/effects/PlayerRunEffect/DustParticles/RedSandDustParticle with maxs=true frames=true
[Architectury Transformer DEBUG] Writing com/imeetake/effectual/effects/PlayerRunEffect/DustParticles/SandDustParticle with maxs=true frames=true
[Architectury Transformer DEBUG] Writing com/imeetake/effectual/effects/PlayerRunEffect/DustParticles/MudDustParticle$Factory with maxs=true frames=true
[Architectury Transformer DEBUG] Writing com/imeetake/effectual/effects/PlayerRunEffect/DustParticles/SnowDustParticle$Factory with maxs=true frames=true
[Architectury Transformer DEBUG] Writing com/imeetake/effectual/effects/GoldGlow/LanternGlowEffect with maxs=true frames=true
[Architectury Transformer DEBUG] Writing com/imeetake/effectual/effects/GoldGlow/GoldGlowParticle with maxs=true frames=true
[Architectury Transformer DEBUG] Writing com/imeetake/effectual/effects/GoldGlow/TorchGlowEffect with maxs=true frames=true
[Architectury Transformer DEBUG] Writing com/imeetake/effectual/effects/MouthSteam/MouthSteamEffect with maxs=true frames=true
[Architectury Transformer DEBUG] Writing com/imeetake/effectual/effects/MouthSteam/MouthSteamParticleFactory with maxs=true frames=true
[Architectury Transformer DEBUG] Writing com/imeetake/effectual/effects/MouthSteam/MouthSteamParticle with maxs=true frames=true
[Architectury Transformer DEBUG] Writing com/imeetake/effectual/effects/MouthSteam/MouthSteamEffect$MovementState with maxs=true frames=true
[Architectury Transformer DEBUG] Writing com/imeetake/effectual/effects/AirTrail/AirTrailParticle with maxs=true frames=true
[Architectury Transformer DEBUG] Writing com/imeetake/effectual/effects/AirTrail/AirTrailEffect with maxs=true frames=true
[Architectury Transformer DEBUG] Writing com/imeetake/effectual/mixin/MetalHitMixin with maxs=true frames=true
[Architectury Transformer DEBUG] Writing com/imeetake/effectual/mixin/EntityMixin with maxs=true frames=true
[Architectury Transformer DEBUG] Writing com/imeetake/effectual/mixin/CampfireBlockMixin with maxs=true frames=true
[Architectury Transformer DEBUG] Writing com/imeetake/effectual/mixin/BlockPlaceMixin with maxs=true frames=true
[Architectury Transformer DEBUG] Checking whether /effectual.mixins.json is a mixin config.
[Architectury Transformer DEBUG] Checking whether /effectual-common-common-refmap.json is a mixin config.
[Architectury Transformer DEBUG] Found mixin config(s): /effectual.mixins.json
[Architectury Transformer DEBUG] Injecting effectual-common-common-refmap.json to /effectual.mixins.json
[Architectury Transformer DEBUG] Closed File Systems for /Users/arseniyradaev/Documents/IdeaProjects/Effectual/Effectual 1.21.1/common/build/libs/effectual-common-1.3.0-1.21.1-transformProductionFabric.jar
[Architectury Transformer] Transformed jar with 5 transformer(s) in 2.222 s
[Architectury Transformer DEBUG] 
[Architectury Transformer DEBUG] ============================
[Architectury Transformer DEBUG] Transforming from /Users/arseniyradaev/Documents/IdeaProjects/Effectual/Effectual 1.21.1/common/build/devlibs/effectual-common-1.3.0-1.21.1-dev.jar to /Users/arseniyradaev/Documents/IdeaProjects/Effectual/Effectual 1.21.1/common/build/libs/effectual-common-1.3.0-1.21.1-transformProductionNeoForge.jar
[Architectury Transformer DEBUG] ============================
[Architectury Transformer DEBUG] 
[Architectury Transformer DEBUG] Transforming 5 transformer(s) from /Users/arseniyradaev/Documents/IdeaProjects/Effectual/Effectual 1.21.1/common/build/devlibs/effectual-common-1.3.0-1.21.1-dev.jar to /Users/arseniyradaev/Documents/IdeaProjects/Effectual/Effectual 1.21.1/common/build/libs/effectual-common-1.3.0-1.21.1-transformProductionNeoForge.jar: 
[Architectury Transformer DEBUG]  - dev.architectury.transformer.transformers.TransformExpectPlatform@1cbdebe1
[Architectury Transformer DEBUG]  - dev.architectury.transformer.transformers.RemapInjectables@302dc8c0
[Architectury Transformer DEBUG]  - dev.architectury.transformer.transformers.TransformPlatformOnly@293ad82
[Architectury Transformer DEBUG]  - dev.architectury.transformer.transformers.TransformNeoForgeAnnotations@19950482
[Architectury Transformer DEBUG]  - dev.architectury.transformer.transformers.TransformNeoForgeEnvironment@6a8406b2
[Architectury Transformer DEBUG] Transforming from /Users/arseniyradaev/Documents/IdeaProjects/Effectual/Effectual 1.21.1/common/build/devlibs/effectual-common-1.3.0-1.21.1-dev.jar to /Users/arseniyradaev/Documents/IdeaProjects/Effectual/Effectual 1.21.1/common/build/libs/effectual-common-1.3.0-1.21.1-transformProductionNeoForge.jar with 5 transformer(s) on dev.architectury.transformer.handler.SimpleTransformerHandler
[Architectury Transformer DEBUG] Remapping with 1 mapping provider(s):
[Architectury Transformer DEBUG]  - dev.architectury.transformer.transformers.TransformNeoForgeEnvironment$$Lambda/0x00007fc002412a98@2b51fc53
[Architectury Transformer DEBUG] Provided 69 classpath jar(s):
[Architectury Transformer DEBUG]  - /Users/arseniyradaev/.gradle/caches/modules-2/files-2.1/dev.architectury/architectury-injectables/1.0.10/62db2a366d662606d1b23ad02ccc3212ed37ec3/architectury-injectables-1.0.10.jar
[Architectury Transformer DEBUG]  - /Users/arseniyradaev/.gradle/caches/modules-2/files-2.1/net.fabricmc/fabric-loader/0.18.3/234f25229c51fdd8c0f3a72af0dbcf1ecf2f45d1/fabric-loader-0.18.3.jar
[Architectury Transformer DEBUG]  - /Users/arseniyradaev/.gradle/caches/modules-2/files-2.1/org.jetbrains/annotations/26.0.2/c7ce3cdeda3d18909368dfe5977332dfad326c6d/annotations-26.0.2.jar
[Architectury Transformer DEBUG]  - /Users/arseniyradaev/.gradle/caches/modules-2/files-2.1/org.ow2.asm/asm/9.9/c29635c8a7afa03d74b33c1884df8abb2b3f3dcc/asm-9.9.jar
[Architectury Transformer DEBUG]  - /Users/arseniyradaev/.gradle/caches/modules-2/files-2.1/org.ow2.asm/asm-analysis/9.9/bf4fa6e66638851c1cd22c2caea0c3ee5d5f437/asm-analysis-9.9.jar
[Architectury Transformer DEBUG]  - /Users/arseniyradaev/.gradle/caches/modules-2/files-2.1/org.ow2.asm/asm-commons/9.9/db9165a3bf908ded6b08612d583a15d1d0c7bda0/asm-commons-9.9.jar
[Architectury Transformer DEBUG]  - /Users/arseniyradaev/.gradle/caches/modules-2/files-2.1/org.ow2.asm/asm-tree/9.9/f8de6eead6d24dd0f45bd065bbe112b2cda6ea21/asm-tree-9.9.jar
[Architectury Transformer DEBUG]  - /Users/arseniyradaev/.gradle/caches/modules-2/files-2.1/org.ow2.asm/asm-util/9.9/42fdfc0508b43807c8078d6e82ecff2ce2112ae8/asm-util-9.9.jar
[Architectury Transformer DEBUG]  - /Users/arseniyradaev/.gradle/caches/modules-2/files-2.1/net.fabricmc/sponge-mixin/0.16.5+mixin.0.8.7/80fc3a9f592673cea87f4cd702f87991c6c9fe4d/sponge-mixin-0.16.5+mixin.0.8.7.jar
[Architectury Transformer DEBUG]  - /Users/arseniyradaev/.gradle/caches/modules-2/files-2.1/io.github.llamalad7/mixinextras-fabric/0.5.0/91a83dfb7abd320f6236bd1fcf5c0ff143d59a13/mixinextras-fabric-0.5.0.jar
[Architectury Transformer DEBUG]  - /Users/arseniyradaev/.gradle/caches/modules-2/files-2.1/ca.weblite/java-objc-bridge/1.1/1227f9e0666314f9de41477e3ec277e542ed7f7b/java-objc-bridge-1.1.jar
[Architectury Transformer DEBUG]  - /Users/arseniyradaev/.gradle/caches/modules-2/files-2.1/com.github.oshi/oshi-core/6.4.10/b1d8ab82d11d92fd639b56d639f8f46f739dd5fa/oshi-core-6.4.10.jar
[Architectury Transformer DEBUG]  - /Users/arseniyradaev/.gradle/caches/modules-2/files-2.1/com.google.code.gson/gson/2.10.1/b3add478d4382b78ea20b1671390a858002feb6c/gson-2.10.1.jar
[Architectury Transformer DEBUG]  - /Users/arseniyradaev/.gradle/caches/modules-2/files-2.1/com.google.guava/failureaccess/1.0.1/1dcf1de382a0bf95a3d8b0849546c88bac1292c9/failureaccess-1.0.1.jar
[Architectury Transformer DEBUG]  - /Users/arseniyradaev/.gradle/caches/modules-2/files-2.1/com.google.guava/guava/32.1.2-jre/5e64ec7e056456bef3a4bc4c6fdaef71e8ab6318/guava-32.1.2-jre.jar
[Architectury Transformer DEBUG]  - /Users/arseniyradaev/.gradle/caches/modules-2/files-2.1/com.ibm.icu/icu4j/73.2/61ad4ef7f9131fcf6d25c34b817f90d6da06c9e9/icu4j-73.2.jar
[Architectury Transformer DEBUG]  - /Users/arseniyradaev/.gradle/caches/modules-2/files-2.1/com.mojang/authlib/6.0.54/de8bc95660e1b2fe8793fd427a7a10dcec5b3ea7/authlib-6.0.54.jar
[Architectury Transformer DEBUG]  - /Users/arseniyradaev/.gradle/caches/modules-2/files-2.1/com.mojang/blocklist/1.0.10/5c685c5ffa94c4cd39496c7184c1d122e515ecef/blocklist-1.0.10.jar
[Architectury Transformer DEBUG]  - /Users/arseniyradaev/.gradle/caches/modules-2/files-2.1/com.mojang/brigadier/1.3.10/d15b53a14cf20fdcaa98f731af5dda654452c010/brigadier-1.3.10.jar
[Architectury Transformer DEBUG]  - /Users/arseniyradaev/.gradle/caches/modules-2/files-2.1/com.mojang/datafixerupper/8.0.16/67d4de6d7f95d89bcf5862995fb854ebaec02a34/datafixerupper-8.0.16.jar
[Architectury Transformer DEBUG]  - /Users/arseniyradaev/.gradle/caches/modules-2/files-2.1/com.mojang/logging/1.2.7/24cb95ffb0e3433fd6e844c04e68009e504ca1c0/logging-1.2.7.jar
[Architectury Transformer DEBUG]  - /Users/arseniyradaev/.gradle/caches/modules-2/files-2.1/com.mojang/patchy/2.2.10/da05971b07cbb379d002cf7eaec6a2048211fefc/patchy-2.2.10.jar
[Architectury Transformer DEBUG]  - /Users/arseniyradaev/.gradle/caches/modules-2/files-2.1/com.mojang/text2speech/1.17.9/3cad216e3a7f0c19b4b394388bc9ffc446f13b14/text2speech-1.17.9.jar
[Architectury Transformer DEBUG]  - /Users/arseniyradaev/.gradle/caches/modules-2/files-2.1/commons-codec/commons-codec/1.16.0/4e3eb3d79888d76b54e28b350915b5dc3919c9de/commons-codec-1.16.0.jar
[Architectury Transformer DEBUG]  - /Users/arseniyradaev/.gradle/caches/modules-2/files-2.1/commons-io/commons-io/2.15.1/f11560da189ab563a5c8e351941415430e9304ea/commons-io-2.15.1.jar
[Architectury Transformer DEBUG]  - /Users/arseniyradaev/.gradle/caches/modules-2/files-2.1/commons-logging/commons-logging/1.2/4bfc12adfe4842bf07b657f0369c4cb522955686/commons-logging-1.2.jar
[Architectury Transformer DEBUG]  - /Users/arseniyradaev/.gradle/caches/modules-2/files-2.1/io.netty/netty-buffer/4.1.97.Final/f8f3d8644afa5e6e1a40a3a6aeb9d9aa970ecb4f/netty-buffer-4.1.97.Final.jar
[Architectury Transformer DEBUG]  - /Users/arseniyradaev/.gradle/caches/modules-2/files-2.1/io.netty/netty-codec/4.1.97.Final/384ba4d75670befbedb45c4d3b497a93639c206d/netty-codec-4.1.97.Final.jar
[Architectury Transformer DEBUG]  - /Users/arseniyradaev/.gradle/caches/modules-2/files-2.1/io.netty/netty-common/4.1.97.Final/7cceacaf11df8dc63f23d0fb58e9d4640fc88404/netty-common-4.1.97.Final.jar
[Architectury Transformer DEBUG]  - /Users/arseniyradaev/.gradle/caches/modules-2/files-2.1/io.netty/netty-handler/4.1.97.Final/abb86c6906bf512bf2b797a41cd7d2e8d3cd7c36/netty-handler-4.1.97.Final.jar
[Architectury Transformer DEBUG]  - /Users/arseniyradaev/.gradle/caches/modules-2/files-2.1/io.netty/netty-resolver/4.1.97.Final/cec8348108dc76c47cf87c669d514be52c922144/netty-resolver-4.1.97.Final.jar
[Architectury Transformer DEBUG]  - /Users/arseniyradaev/.gradle/caches/modules-2/files-2.1/io.netty/netty-transport-classes-epoll/4.1.97.Final/795da37ded759e862457a82d9d92c4d39ce8ecee/netty-transport-classes-epoll-4.1.97.Final.jar
[Architectury Transformer DEBUG]  - /Users/arseniyradaev/.gradle/caches/modules-2/files-2.1/io.netty/netty-transport-native-unix-common/4.1.97.Final/d469d84265ab70095b01b40886cabdd433b6e664/netty-transport-native-unix-common-4.1.97.Final.jar
[Architectury Transformer DEBUG]  - /Users/arseniyradaev/.gradle/caches/modules-2/files-2.1/io.netty/netty-transport/4.1.97.Final/f37380d23c9bb079bc702910833b2fd532c9abd0/netty-transport-4.1.97.Final.jar
[Architectury Transformer DEBUG]  - /Users/arseniyradaev/.gradle/caches/modules-2/files-2.1/it.unimi.dsi/fastutil/8.5.12/c24946d46824bd528054bface3231d2ecb7e95e8/fastutil-8.5.12.jar
[Architectury Transformer DEBUG]  - /Users/arseniyradaev/.gradle/caches/modules-2/files-2.1/net.java.dev.jna/jna-platform/5.14.0/28934d48aed814f11e4c584da55c49fa7032b31b/jna-platform-5.14.0.jar
[Architectury Transformer DEBUG]  - /Users/arseniyradaev/.gradle/caches/modules-2/files-2.1/net.java.dev.jna/jna/5.14.0/67bf3eaea4f0718cb376a181a629e5f88fa1c9dd/jna-5.14.0.jar
[Architectury Transformer DEBUG]  - /Users/arseniyradaev/.gradle/caches/modules-2/files-2.1/net.sf.jopt-simple/jopt-simple/5.0.4/4fdac2fbe92dfad86aa6e9301736f6b4342a3f5c/jopt-simple-5.0.4.jar
[Architectury Transformer DEBUG]  - /Users/arseniyradaev/.gradle/caches/modules-2/files-2.1/org.apache.commons/commons-compress/1.26.0/659feffdd12280201c8aacb8f7be94f9a883c824/commons-compress-1.26.0.jar
[Architectury Transformer DEBUG]  - /Users/arseniyradaev/.gradle/caches/modules-2/files-2.1/org.apache.commons/commons-lang3/3.14.0/1ed471194b02f2c6cb734a0cd6f6f107c673afae/commons-lang3-3.14.0.jar
[Architectury Transformer DEBUG]  - /Users/arseniyradaev/.gradle/caches/modules-2/files-2.1/org.apache.httpcomponents/httpclient/4.5.13/e5f6cae5ca7ecaac1ec2827a9e2d65ae2869cada/httpclient-4.5.13.jar
[Architectury Transformer DEBUG]  - /Users/arseniyradaev/.gradle/caches/modules-2/files-2.1/org.apache.httpcomponents/httpcore/4.4.16/51cf043c87253c9f58b539c9f7e44c8894223850/httpcore-4.4.16.jar
[Architectury Transformer DEBUG]  - /Users/arseniyradaev/.gradle/caches/modules-2/files-2.1/org.apache.logging.log4j/log4j-api/2.22.1/bea6fede6328fabafd7e68363161a7ea6605abd1/log4j-api-2.22.1.jar
[Architectury Transformer DEBUG]  - /Users/arseniyradaev/.gradle/caches/modules-2/files-2.1/org.apache.logging.log4j/log4j-core/2.22.1/7183a25510a02ad00cc6a95d3b3d2a7d3c5a8dc4/log4j-core-2.22.1.jar
[Architectury Transformer DEBUG]  - /Users/arseniyradaev/.gradle/caches/modules-2/files-2.1/org.apache.logging.log4j/log4j-slf4j2-impl/2.22.1/d7e6693c2606cb7e7335047d7bb96dec52db5665/log4j-slf4j2-impl-2.22.1.jar
[Architectury Transformer DEBUG]  - /Users/arseniyradaev/.gradle/caches/modules-2/files-2.1/org.jcraft/jorbis/0.0.17/8872d22b293e8f5d7d56ff92be966e6dc28ebdc6/jorbis-0.0.17.jar
[Architectury Transformer DEBUG]  - /Users/arseniyradaev/.gradle/caches/modules-2/files-2.1/org.joml/joml/1.10.5/22566d58af70ad3d72308bab63b8339906deb649/joml-1.10.5.jar
[Architectury Transformer DEBUG]  - /Users/arseniyradaev/.gradle/caches/modules-2/files-2.1/org.lwjgl/lwjgl-freetype/3.3.3/a0db6c84a8becc8ca05f9dbfa985edc348a824c7/lwjgl-freetype-3.3.3.jar
[Architectury Transformer DEBUG]  - /Users/arseniyradaev/.gradle/caches/modules-2/files-2.1/org.lwjgl/lwjgl-glfw/3.3.3/efa1eb78c5ccd840e9f329717109b5e892d72f8e/lwjgl-glfw-3.3.3.jar
[Architectury Transformer DEBUG]  - /Users/arseniyradaev/.gradle/caches/modules-2/files-2.1/org.lwjgl/lwjgl-jemalloc/3.3.3/b543467b7ff3c6920539a88ee602d34098628be5/lwjgl-jemalloc-3.3.3.jar
[Architectury Transformer DEBUG]  - /Users/arseniyradaev/.gradle/caches/modules-2/files-2.1/org.lwjgl/lwjgl-openal/3.3.3/daada81ceb5fc0c291fbfdd4433cb8d9423577f2/lwjgl-openal-3.3.3.jar
[Architectury Transformer DEBUG]  - /Users/arseniyradaev/.gradle/caches/modules-2/files-2.1/org.lwjgl/lwjgl-opengl/3.3.3/2f6b0147078396a58979125a4c947664e98293a/lwjgl-opengl-3.3.3.jar
[Architectury Transformer DEBUG]  - /Users/arseniyradaev/.gradle/caches/modules-2/files-2.1/org.lwjgl/lwjgl-stb/3.3.3/25dd6161988d7e65f71d5065c99902402ee32746/lwjgl-stb-3.3.3.jar
[Architectury Transformer DEBUG]  - /Users/arseniyradaev/.gradle/caches/modules-2/files-2.1/org.lwjgl/lwjgl-tinyfd/3.3.3/82d755ca94b102e9ca77283b9e2dc46d1b15fbe5/lwjgl-tinyfd-3.3.3.jar
[Architectury Transformer DEBUG]  - /Users/arseniyradaev/.gradle/caches/modules-2/files-2.1/org.lwjgl/lwjgl/3.3.3/29589b5f87ed335a6c7e7ee6a5775f81f97ecb84/lwjgl-3.3.3.jar
[Architectury Transformer DEBUG]  - /Users/arseniyradaev/.gradle/caches/modules-2/files-2.1/org.lz4/lz4-java/1.8.0/4b986a99445e49ea5fbf5d149c4b63f6ed6c6780/lz4-java-1.8.0.jar
[Architectury Transformer DEBUG]  - /Users/arseniyradaev/.gradle/caches/modules-2/files-2.1/org.slf4j/slf4j-api/2.0.9/7cf2726fdcfbc8610f9a71fb3ed639871f315340/slf4j-api-2.0.9.jar
[Architectury Transformer DEBUG]  - /Users/arseniyradaev/Documents/IdeaProjects/Effectual/Effectual 1.21.1/.gradle/loom-cache/minecraftMaven/net/minecraft/minecraft-merged-4ed8bce898/1.21.1-loom.mappings.1_21_1.layered+hash.40359-v2/minecraft-merged-4ed8bce898-1.21.1-loom.mappings.1_21_1.layered+hash.40359-v2.jar
[Architectury Transformer DEBUG]  - /Users/arseniyradaev/.gradle/caches/modules-2/files-2.1/io.netty/netty-transport-native-epoll/4.1.97.Final/54188f271e388e7f313aea995e82f58ce2cdb809/netty-transport-native-epoll-4.1.97.Final-linux-x86_64.jar
[Architectury Transformer DEBUG]  - /Users/arseniyradaev/.gradle/caches/modules-2/files-2.1/io.netty/netty-transport-native-epoll/4.1.97.Final/5514744c588190ffda076b35a9b8c9f24946a960/netty-transport-native-epoll-4.1.97.Final-linux-aarch_64.jar
[Architectury Transformer DEBUG]  - /Users/arseniyradaev/Documents/IdeaProjects/Effectual/Effectual 1.21.1/.gradle/loom-cache/remapped_mods/remapped/dev/architectury/architectury-b9d2d3ba/13.0.8/architectury-b9d2d3ba-13.0.8.jar
[Architectury Transformer DEBUG]  - /Users/arseniyradaev/Documents/IdeaProjects/Effectual/Effectual 1.21.1/.gradle/loom-cache/remapped_mods/remapped/com/imeetake/tlib-fabric-b9d2d3ba/1.4.1-1.21.1/tlib-fabric-b9d2d3ba-1.4.1-1.21.1.jar
[Architectury Transformer DEBUG]  - /Users/arseniyradaev/Documents/IdeaProjects/Effectual/Effectual 1.21.1/.gradle/loom-cache/remapped_mods/remapped/me/shedaniel/cloth/cloth-config-fabric-b9d2d3ba/15.0.140/cloth-config-fabric-b9d2d3ba-15.0.140-fabric.jar
[Architectury Transformer DEBUG]  - /Users/arseniyradaev/Documents/IdeaProjects/Effectual/Effectual 1.21.1/.gradle/loom-cache/remapped_mods/remapped/net/fabricmc/fabric-api/fabric-resource-loader-v0-b9d2d3ba/1.3.0+56599129d1/fabric-resource-loader-v0-b9d2d3ba-1.3.0+56599129d1.jar
[Architectury Transformer DEBUG]  - /Users/arseniyradaev/Documents/IdeaProjects/Effectual/Effectual 1.21.1/.gradle/loom-cache/remapped_mods/remapped/net/fabricmc/fabric-api/fabric-screen-api-v1-b9d2d3ba/2.0.24+b5597344d1/fabric-screen-api-v1-b9d2d3ba-2.0.24+b5597344d1.jar
[Architectury Transformer DEBUG]  - /Users/arseniyradaev/Documents/IdeaProjects/Effectual/Effectual 1.21.1/.gradle/loom-cache/remapped_mods/remapped/net/fabricmc/fabric-api/fabric-key-binding-api-v1-b9d2d3ba/1.0.47+0af3f5a7d1/fabric-key-binding-api-v1-b9d2d3ba-1.0.47+0af3f5a7d1.jar
[Architectury Transformer DEBUG]  - /Users/arseniyradaev/Documents/IdeaProjects/Effectual/Effectual 1.21.1/.gradle/loom-cache/remapped_mods/remapped/net/fabricmc/fabric-api/fabric-lifecycle-events-v1-b9d2d3ba/2.3.12+6c1df360d1/fabric-lifecycle-events-v1-b9d2d3ba-2.3.12+6c1df360d1.jar
[Architectury Transformer DEBUG]  - /Users/arseniyradaev/Documents/IdeaProjects/Effectual/Effectual 1.21.1/.gradle/loom-cache/remapped_mods/remapped/me/shedaniel/cloth/basic-math-b9d2d3ba/0.6.1/basic-math-b9d2d3ba-0.6.1.jar
[Architectury Transformer DEBUG]  - /Users/arseniyradaev/Documents/IdeaProjects/Effectual/Effectual 1.21.1/.gradle/loom-cache/remapped_mods/remapped/net/fabricmc/fabric-api/fabric-api-base-b9d2d3ba/0.4.42+6573ed8cd1/fabric-api-base-b9d2d3ba-0.4.42+6573ed8cd1.jar
[Architectury Transformer] Read classpath in 1.067 s
[Architectury Transformer DEBUG] Remapping Classes:
[Architectury Transformer DEBUG] net/fabricmc/api/EnvType -> net/neoforged/api/distmarker/Dist
[Architectury Transformer DEBUG] net/fabricmc/api/Environment -> net/neoforged/api/distmarker/OnlyIn
[Architectury Transformer DEBUG] Found class transformer
[Architectury Transformer DEBUG] Writing com/imeetake/effectual/ModParticles with maxs=true frames=true
[Architectury Transformer DEBUG] Writing com/imeetake/effectual/ModParticles$7 with maxs=true frames=true
[Architectury Transformer DEBUG] Writing com/imeetake/effectual/ModParticles$2 with maxs=true frames=true
[Architectury Transformer DEBUG] Writing com/imeetake/effectual/ModParticles$1 with maxs=true frames=true
[Architectury Transformer DEBUG] Writing com/imeetake/effectual/ModParticles$9 with maxs=true frames=true
[Architectury Transformer DEBUG] Writing com/imeetake/effectual/ModParticles$8 with maxs=true frames=true
[Architectury Transformer DEBUG] Writing com/imeetake/effectual/ModParticles$6 with maxs=true frames=true
[Architectury Transformer DEBUG] Writing com/imeetake/effectual/ModParticles$5 with maxs=true frames=true
[Architectury Transformer DEBUG] Writing com/imeetake/effectual/ModParticles$4 with maxs=true frames=true
[Architectury Transformer DEBUG] Writing com/imeetake/effectual/ModParticles$3 with maxs=true frames=true
[Architectury Transformer DEBUG] Writing com/imeetake/effectual/EffectualConfig with maxs=true frames=true
[Architectury Transformer DEBUG] Writing com/imeetake/effectual/Effectual with maxs=true frames=true
[Architectury Transformer DEBUG] Writing com/imeetake/effectual/EffectualClient with maxs=true frames=true
[Architectury Transformer DEBUG] Writing com/imeetake/effectual/EffectRegistry with maxs=true frames=true
[Architectury Transformer DEBUG] Writing com/imeetake/effectual/effects/SteamEffect/SteamEffect with maxs=true frames=true
[Architectury Transformer DEBUG] Writing com/imeetake/effectual/effects/WaterDrip/WaterDripParticle with maxs=true frames=true
[Architectury Transformer DEBUG] Writing com/imeetake/effectual/effects/WaterDrip/WaterDripEffect with maxs=true frames=true
[Architectury Transformer DEBUG] Writing com/imeetake/effectual/effects/WaterDrip/WaterDripParticleFactory with maxs=true frames=true
[Architectury Transformer DEBUG] Writing com/imeetake/effectual/effects/FireEntitySparks/FireEntitySparksEffect with maxs=true frames=true
[Architectury Transformer DEBUG] Writing com/imeetake/effectual/effects/FireEntitySparks/EntitySparkParticle$Factory with maxs=true frames=true
[Architectury Transformer DEBUG] Writing com/imeetake/effectual/effects/FireEntitySparks/EntitySparkParticle with maxs=true frames=true
[Architectury Transformer DEBUG] Writing com/imeetake/effectual/effects/WitherDecay/WitherDecayEffect with maxs=true frames=true
[Architectury Transformer DEBUG] Writing com/imeetake/effectual/effects/StripEffect/StripEffect with maxs=true frames=true
[Architectury Transformer DEBUG] Writing com/imeetake/effectual/effects/StripEffect/StripEffect$Pending with maxs=true frames=true
[Architectury Transformer DEBUG] Writing com/imeetake/effectual/effects/Bubbles/BubbleBreathEffect with maxs=true frames=true
[Architectury Transformer DEBUG] Writing com/imeetake/effectual/effects/Bubbles/BubbleChestEffect with maxs=true frames=true
[Architectury Transformer DEBUG] Writing com/imeetake/effectual/effects/Bubbles/BubblePotsEffect with maxs=true frames=true
[Architectury Transformer DEBUG] Writing com/imeetake/effectual/effects/CaveDust/CaveDustEffect with maxs=true frames=true
[Architectury Transformer DEBUG] Writing com/imeetake/effectual/effects/MetalSparks/MetalSparkParticle with maxs=true frames=true
[Architectury Transformer DEBUG] Writing com/imeetake/effectual/effects/MetalSparks/SparksCartEffect with maxs=true frames=true
[Architectury Transformer DEBUG] Writing com/imeetake/effectual/effects/MetalSparks/MetalSparkParticle$Factory with maxs=true frames=true
[Architectury Transformer DEBUG] Writing com/imeetake/effectual/effects/SoulGlow/SoulTorchGlowEffect with maxs=true frames=true
[Architectury Transformer DEBUG] Writing com/imeetake/effectual/effects/SoulGlow/SoulGlowParticle with maxs=true frames=true
[Architectury Transformer DEBUG] Writing com/imeetake/effectual/effects/SoulGlow/SoulLanternGlowEffect with maxs=true frames=true
[Architectury Transformer DEBUG] Writing com/imeetake/effectual/effects/SparksSoul/SoulSparkParticle with maxs=true frames=true
[Architectury Transformer DEBUG] Writing com/imeetake/effectual/effects/SparksSoul/SoulFireImprovements with maxs=true frames=true
[Architectury Transformer DEBUG] Writing com/imeetake/effectual/effects/SparksSoul/SoulCampfireImprovements with maxs=true frames=true
[Architectury Transformer DEBUG] Writing com/imeetake/effectual/effects/Sparks/CampfireImprovements with maxs=true frames=true
[Architectury Transformer DEBUG] Writing com/imeetake/effectual/effects/Sparks/FurnaceSparksEffect with maxs=true frames=true
[Architectury Transformer DEBUG] Writing com/imeetake/effectual/effects/Sparks/FireImprovements with maxs=true frames=true
[Architectury Transformer DEBUG] Writing com/imeetake/effectual/effects/Sparks/SparkParticle with maxs=true frames=true
[Architectury Transformer DEBUG] Writing com/imeetake/effectual/effects/CauldronFill/CauldronFillEffect with maxs=true frames=true
[Architectury Transformer DEBUG] Writing com/imeetake/effectual/effects/CauldronFill/CauldronFillEffect$Snapshot with maxs=true frames=true
[Architectury Transformer DEBUG] Writing com/imeetake/effectual/effects/CauldronFill/CauldronFillEffect$Kind with maxs=true frames=true
[Architectury Transformer DEBUG] Writing com/imeetake/effectual/effects/PlayerRunEffect/RunDustParticle with maxs=true frames=true
[Architectury Transformer DEBUG] Writing com/imeetake/effectual/effects/PlayerRunEffect/RunDustParticle$Weight with maxs=true frames=true
[Architectury Transformer DEBUG] Writing com/imeetake/effectual/effects/PlayerRunEffect/PlayerRunEffect with maxs=true frames=true
[Architectury Transformer DEBUG] Writing com/imeetake/effectual/effects/PlayerRunEffect/DustParticles/GravelDustParticle$Factory with maxs=true frames=true
[Architectury Transformer DEBUG] Writing com/imeetake/effectual/effects/PlayerRunEffect/DustParticles/GravelDustParticle with maxs=true frames=true
[Architectury Transformer DEBUG] Writing com/imeetake/effectual/effects/PlayerRunEffect/DustParticles/SandDustParticle$Factory with maxs=true frames=true
[Architectury Transformer DEBUG] Writing com/imeetake/effectual/effects/PlayerRunEffect/DustParticles/MudDustParticle with maxs=true frames=true
[Architectury Transformer DEBUG] Writing com/imeetake/effectual/effects/PlayerRunEffect/DustParticles/RedSandDustParticle$Factory with maxs=true frames=true
[Architectury Transformer DEBUG] Writing com/imeetake/effectual/effects/PlayerRunEffect/DustParticles/SnowDustParticle with maxs=true frames=true
[Architectury Transformer DEBUG] Writing com/imeetake/effectual/effects/PlayerRunEffect/DustParticles/RedSandDustParticle with maxs=true frames=true
[Architectury Transformer DEBUG] Writing com/imeetake/effectual/effects/PlayerRunEffect/DustParticles/SandDustParticle with maxs=true frames=true
[Architectury Transformer DEBUG] Writing com/imeetake/effectual/effects/PlayerRunEffect/DustParticles/SnowDustParticle$Factory with maxs=true frames=true
[Architectury Transformer DEBUG] Writing com/imeetake/effectual/effects/PlayerRunEffect/DustParticles/MudDustParticle$Factory with maxs=true frames=true
[Architectury Transformer DEBUG] Writing com/imeetake/effectual/effects/GoldGlow/GoldGlowParticle with maxs=true frames=true
[Architectury Transformer DEBUG] Writing com/imeetake/effectual/effects/GoldGlow/TorchGlowEffect with maxs=true frames=true
[Architectury Transformer DEBUG] Writing com/imeetake/effectual/effects/GoldGlow/LanternGlowEffect with maxs=true frames=true
[Architectury Transformer DEBUG] Writing com/imeetake/effectual/effects/MouthSteam/MouthSteamEffect with maxs=true frames=true
[Architectury Transformer DEBUG] Writing com/imeetake/effectual/effects/MouthSteam/MouthSteamParticleFactory with maxs=true frames=true
[Architectury Transformer DEBUG] Writing com/imeetake/effectual/effects/MouthSteam/MouthSteamParticle with maxs=true frames=true
[Architectury Transformer DEBUG] Writing com/imeetake/effectual/effects/MouthSteam/MouthSteamEffect$MovementState with maxs=true frames=true
[Architectury Transformer DEBUG] Writing com/imeetake/effectual/effects/AirTrail/AirTrailEffect with maxs=true frames=true
[Architectury Transformer DEBUG] Writing com/imeetake/effectual/effects/AirTrail/AirTrailParticle with maxs=true frames=true
[Architectury Transformer DEBUG] Writing com/imeetake/effectual/mixin/EntityMixin with maxs=true frames=true
[Architectury Transformer DEBUG] Writing com/imeetake/effectual/mixin/MetalHitMixin with maxs=true frames=true
[Architectury Transformer DEBUG] Writing com/imeetake/effectual/mixin/CampfireBlockMixin with maxs=true frames=true
[Architectury Transformer DEBUG] Writing com/imeetake/effectual/mixin/BlockPlaceMixin with maxs=true frames=true
[Architectury Transformer DEBUG] Closed File Systems for /Users/arseniyradaev/Documents/IdeaProjects/Effectual/Effectual 1.21.1/common/build/libs/effectual-common-1.3.0-1.21.1-transformProductionNeoForge.jar
[Architectury Transformer] Transformed jar with 5 transformer(s) in 1.260 s
[Architectury Transformer DEBUG] Closed File Systems for /Users/arseniyradaev/Documents/IdeaProjects/Effectual/Effectual 1.21.1/common/build/libs/effectual-common-1.3.0-1.21.1.jar
