[17:06:52] [main/INFO] (Launcher) ModLauncher running: args [--launchTarget, forgeclientdev, --version, 21.1.215, --assetIndex, 1.21.1-17, --assetsDir, /Users/arseniyradaev/.gradle/caches/fabric-loom/assets, --gameDir, ., --fml.fmlVersion, 4.0.42, --fml.mcVersion, 1.21.1, --fml.neoForgeVersion, 21.1.215, --fml.neoFormVersion, 20240808.144430]
[17:06:52] [main/INFO] (Launcher) JVM identified as Eclipse Adoptium OpenJDK 64-Bit Server VM 23.0.2+7
[17:06:52] [main/INFO] (Launcher) ModLauncher 11.0.5+main.901c6ea8 starting: java version 23.0.2 by Eclipse Adoptium; OS Mac OS X arch aarch64 version 26.1
[17:06:52] [main/INFO] (unprotect) Initializing Unprotect using ModLauncher backend, target: Minecraft and loader classes (minecraft+forge)
[17:06:52] [main/INFO] (ImmediateWindowHandler) Loading ImmediateWindowProvider fmlearlywindow
[17:06:52] [main/INFO] (EARLYDISPLAY) Trying GL version 4.6
[17:06:52] [main/INFO] (EARLYDISPLAY) Trying GL version 4.5
[17:06:53] [main/INFO] (EARLYDISPLAY) Trying GL version 4.4
[17:06:53] [main/INFO] (EARLYDISPLAY) Trying GL version 4.3
[17:06:53] [main/INFO] (EARLYDISPLAY) Trying GL version 4.2
[17:06:53] [main/INFO] (EARLYDISPLAY) Trying GL version 4.1
[17:06:53] [main/INFO] (EARLYDISPLAY) Requested GL version 4.1 got version 4.1
[17:06:53] [main/INFO] (mixin) SpongePowered MIXIN Subsystem Version=0.8.7 Source=union:/Users/arseniyradaev/.gradle/caches/modules-2/files-2.1/net.fabricmc/sponge-mixin/0.15.2+mixin.0.8.7/2af2f021d8e02a0220dc27a7a72b4666d66d44ca/sponge-mixin-0.15.2+mixin.0.8.7.jar%23119!/ Service=ModLauncher Env=CLIENT
[17:06:53] [main/INFO] (ModDiscoverer) Found mod file "neoforge-21.1.215-minecraft-merged-1.21.1-loom.mappings.1_21_1.layered+hash.40359-v2-neoforge-21.1.215.jar" [locator: neoforge devenv provider ([/Users/arseniyradaev/.gradle/caches/fabric-loom/minecraftMaven/net/minecraft/neoforge-21.1.215-minecraft-merged/1.21.1-loom.mappings.1_21_1.layered+hash.40359-v2-neoforge-21.1.215/neoforge-21.1.215-minecraft-merged-1.21.1-loom.mappings.1_21_1.layered+hash.40359-v2-neoforge-21.1.215.jar])]
[17:06:53] [main/INFO] (ModDiscoverer) Found mod file "neoforge-21.1.215-minecraft-merged-1.21.1-loom.mappings.1_21_1.layered+hash.40359-v2-neoforge-21.1.215.jar" [locator: neoforge devenv provider ([/Users/arseniyradaev/.gradle/caches/fabric-loom/minecraftMaven/net/minecraft/neoforge-21.1.215-minecraft-merged/1.21.1-loom.mappings.1_21_1.layered+hash.40359-v2-neoforge-21.1.215/neoforge-21.1.215-minecraft-merged-1.21.1-loom.mappings.1_21_1.layered+hash.40359-v2-neoforge-21.1.215.jar])]
[17:06:53] [main/INFO] (ModDiscoverer) Found mod file "main" [locator: userdev mods and services, reader: mod manifest]
[17:06:53] [main/INFO] (ModDiscoverer) Found mod file "neoforge-21.1.215-minecraft-merged-1.21.1-loom.mappings.1_21_1.layered+hash.40359-v2-neoforge-21.1.215.jar" [locator: userdev mods and services, reader: mod manifest]
[17:06:53] [main/INFO] (ModDiscoverer) Found mod file "architectury-neoforge-0311eecf-13.0.8.jar" [locator: userdev mods and services, reader: mod manifest]
[17:06:53] [pool-5-thread-1/INFO] (EARLYDISPLAY) GL info: Apple M1 Pro GL version 4.1 Metal - 90.5, Apple
[17:06:53] [main/INFO] (ModDiscoverer) Found mod file "tlib-neoforge-0311eecf-1.4.1-1.21.1.jar" [locator: userdev mods and services, reader: mod manifest]
[17:06:53] [main/INFO] (ModDiscoverer) Found mod file "cloth-config-neoforge-0311eecf-15.0.140-neoforge.jar" [locator: userdev mods and services, reader: mod manifest]
[17:06:53] [main/INFO] (ModDiscoverer) Found mod file "14012657878327069492.jar" [locator: userdev mods and services, reader: mod manifest]
[17:06:53] [main/INFO] (ModDiscoverer) Found gamelibrary file "mixinextras-neoforge-0.5.0.jar" [locator: userdev mods and services, reader: mod manifest]
[17:06:53] [main/WARN] (JarSelector) Attempted to select a dependency jar for JarJar which was passed in as source: library:mixinextras.neoforge. Using Mod File: /Users/arseniyradaev/.gradle/caches/modules-2/files-2.1/io.github.llamalad7/mixinextras-neoforge/0.5.0/d734b83ce6542bb70ea31755c1595b88992dbe65/mixinextras-neoforge-0.5.0.jar
[17:06:53] [main/INFO] (JarInJarDependencyLocator) Found 1 dependencies adding them to mods collection
[17:06:53] [main/INFO] (ModDiscoverer) Found library file "net.neoforged.neoforge-coremods-21.1.215.jar" [parent: neoforge-21.1.215-minecraft-merged-1.21.1-loom.mappings.1_21_1.layered+hash.40359-v2-neoforge-21.1.215.jar, locator: jarinjar, reader: mod manifest]
[17:06:53] [main/INFO] (ModDiscoverer) 
     Mod List:
		Name Version (Mod Id)

		Architectury 13.0.8 (architectury)
		Cloth Config v15 API 15.0.140 (cloth_config)
		Effectual 1.3.0-1.21.1 (effectual)
		generated_d4fa543 1 (generated_d4fa543)
		Minecraft 1.21.1 (minecraft)
		NeoForge 21.1.215 (neoforge)
		TLib 1.4.1-1.21.1 (tlib)
[17:06:53] [main/INFO] (mixin) Compatibility level set to JAVA_21
[17:06:53] [main/INFO] (LaunchServiceHandler) Launching target 'forgeclientdev' with arguments [--version, 21.1.215, --gameDir, ., --assetsDir, /Users/arseniyradaev/.gradle/caches/fabric-loom/assets, --assetIndex, 1.21.1-17]
[17:06:53] [main/INFO] (unprotect) Found 8254 Minecraft classes
[17:06:54] [main/INFO] (MixinExtras|Service) Initializing MixinExtras via com.llamalad7.mixinextras.service.MixinExtrasServiceImpl(version=0.5.0).
[18дек.2025 17:06:54.673] [Datafixer Bootstrap/INFO] [com.mojang.datafixers.DataFixerBuilder/]: 229 Datafixer optimizations took 110 milliseconds
[18дек.2025 17:06:58.650] [main/WARN] [net.minecraft.commands.Commands/]: Ambiguity between arguments [teleport, location] and [teleport, destination] with inputs: [0.1 -0.5 .9, 0 0 0]
[18дек.2025 17:06:58.651] [main/WARN] [net.minecraft.commands.Commands/]: Ambiguity between arguments [teleport, location] and [teleport, targets] with inputs: [0.1 -0.5 .9, 0 0 0]
[18дек.2025 17:06:58.653] [main/WARN] [net.minecraft.commands.Commands/]: Ambiguity between arguments [teleport, destination] and [teleport, targets] with inputs: [Player, 0123, @e, dd12be42-52a9-4a91-a8a1-11c01849e498]
[18дек.2025 17:06:58.654] [main/WARN] [net.minecraft.commands.Commands/]: Ambiguity between arguments [teleport, targets] and [teleport, destination] with inputs: [Player, 0123, dd12be42-52a9-4a91-a8a1-11c01849e498]
[18дек.2025 17:06:58.654] [main/WARN] [net.minecraft.commands.Commands/]: Ambiguity between arguments [teleport, targets, location] and [teleport, targets, destination] with inputs: [0.1 -0.5 .9, 0 0 0]
[18дек.2025 17:06:58.727] [Render thread/WARN] [net.minecraft.server.packs.VanillaPackResourcesBuilder/]: Assets URL 'union:/Users/arseniyradaev/.gradle/caches/fabric-loom/minecraftMaven/net/minecraft/neoforge-21.1.215-minecraft-merged/1.21.1-loom.mappings.1_21_1.layered+hash.40359-v2-neoforge-21.1.215/neoforge-21.1.215-minecraft-merged-1.21.1-loom.mappings.1_21_1.layered+hash.40359-v2-neoforge-21.1.215.jar%23195!/assets/.mcassetsroot' uses unexpected schema
[18дек.2025 17:06:58.727] [Render thread/WARN] [net.minecraft.server.packs.VanillaPackResourcesBuilder/]: Assets URL 'union:/Users/arseniyradaev/.gradle/caches/fabric-loom/minecraftMaven/net/minecraft/neoforge-21.1.215-minecraft-merged/1.21.1-loom.mappings.1_21_1.layered+hash.40359-v2-neoforge-21.1.215/neoforge-21.1.215-minecraft-merged-1.21.1-loom.mappings.1_21_1.layered+hash.40359-v2-neoforge-21.1.215.jar%23195!/data/.mcassetsroot' uses unexpected schema
[18дек.2025 17:06:58.740] [Render thread/INFO] [com.mojang.authlib.yggdrasil.YggdrasilAuthenticationService/]: Environment: Environment[sessionHost=https://sessionserver.mojang.com, servicesHost=https://api.minecraftservices.com, name=PROD]
[18дек.2025 17:06:58.746] [Render thread/INFO] [net.minecraft.client.Minecraft/]: Setting user: Dev
[18дек.2025 17:06:58.798] [Render thread/INFO] [net.minecraft.client.Minecraft/]: Backend library: LWJGL version 3.3.3+5
[18дек.2025 17:06:59.205] [modloading-worker-0/INFO] [net.neoforged.neoforge.common.NeoForgeMod/NEOFORGE-MOD]: NeoForge mod loading, version 21.1.215, for MC 1.21.1
[18дек.2025 17:06:59.978] [Render thread/INFO] [net.neoforged.neoforge.gametest.GameTestHooks/]: Enabled Gametest Namespaces: []
[18дек.2025 17:07:00.729] [Render thread/INFO] [net.minecraft.server.packs.resources.ReloadableResourceManager/]: Reloading ResourceManager: vanilla, mod_resources, mod/cloth_config, mod/generated_d4fa543, mod/architectury, mod/tlib, mod/effectual, mod/neoforge
[18дек.2025 17:07:00.806] [Worker-Main-8/INFO] [net.minecraft.client.gui.font.providers.UnihexProvider/]: Found unifont_all_no_pua-15.1.05.hex, loading
[18дек.2025 17:07:00.879] [Worker-Main-7/INFO] [net.minecraft.client.gui.font.providers.UnihexProvider/]: Found unifont_jp_patch-15.1.05.hex, loading
[18дек.2025 17:07:01.808] [Render thread/WARN] [net.minecraft.client.sounds.SoundEngine/]: Missing sound for event: minecraft:item.goat_horn.play
[18дек.2025 17:07:01.808] [Render thread/WARN] [net.minecraft.client.sounds.SoundEngine/]: Missing sound for event: minecraft:entity.goat.screaming.horn_break
[18дек.2025 17:07:01.919] [Render thread/INFO] [com.mojang.blaze3d.audio.Library/]: OpenAL initialized on device Динамики MacBook Pro
[18дек.2025 17:07:01.922] [Render thread/INFO] [net.minecraft.client.sounds.SoundEngine/SOUNDS]: Sound engine started
[18дек.2025 17:07:02.008] [Render thread/INFO] [net.minecraft.client.renderer.texture.TextureAtlas/]: Created: 1024x512x4 minecraft:textures/atlas/blocks.png-atlas
[18дек.2025 17:07:02.018] [Render thread/INFO] [net.minecraft.client.renderer.texture.TextureAtlas/]: Created: 256x256x4 minecraft:textures/atlas/signs.png-atlas
[18дек.2025 17:07:02.019] [Render thread/INFO] [net.minecraft.client.renderer.texture.TextureAtlas/]: Created: 512x512x4 minecraft:textures/atlas/shield_patterns.png-atlas
[18дек.2025 17:07:02.020] [Render thread/INFO] [net.minecraft.client.renderer.texture.TextureAtlas/]: Created: 512x512x4 minecraft:textures/atlas/banner_patterns.png-atlas
[18дек.2025 17:07:02.020] [Render thread/INFO] [net.minecraft.client.renderer.texture.TextureAtlas/]: Created: 1024x1024x4 minecraft:textures/atlas/armor_trims.png-atlas
[18дек.2025 17:07:02.025] [Render thread/INFO] [net.minecraft.client.renderer.texture.TextureAtlas/]: Created: 128x64x4 minecraft:textures/atlas/decorated_pot.png-atlas
[18дек.2025 17:07:02.025] [Render thread/INFO] [net.minecraft.client.renderer.texture.TextureAtlas/]: Created: 256x256x4 minecraft:textures/atlas/chest.png-atlas
[18дек.2025 17:07:02.026] [Render thread/INFO] [net.minecraft.client.renderer.texture.TextureAtlas/]: Created: 512x256x4 minecraft:textures/atlas/beds.png-atlas
[18дек.2025 17:07:02.026] [Render thread/INFO] [net.minecraft.client.renderer.texture.TextureAtlas/]: Created: 512x256x4 minecraft:textures/atlas/shulker_boxes.png-atlas
[18дек.2025 17:07:02.123] [Render thread/INFO] [net.minecraft.client.renderer.texture.TextureAtlas/]: Created: 512x256x0 minecraft:textures/atlas/particles.png-atlas
[18дек.2025 17:07:02.124] [Render thread/INFO] [net.minecraft.client.renderer.texture.TextureAtlas/]: Created: 512x256x0 minecraft:textures/atlas/paintings.png-atlas
[18дек.2025 17:07:02.124] [Render thread/INFO] [net.minecraft.client.renderer.texture.TextureAtlas/]: Created: 256x128x0 minecraft:textures/atlas/mob_effects.png-atlas
[18дек.2025 17:07:02.125] [Render thread/INFO] [net.minecraft.client.renderer.texture.TextureAtlas/]: Created: 64x64x0 minecraft:textures/atlas/map_decorations.png-atlas
[18дек.2025 17:07:02.125] [Render thread/INFO] [net.minecraft.client.renderer.texture.TextureAtlas/]: Created: 1024x512x0 minecraft:textures/atlas/gui.png-atlas
[18дек.2025 17:07:02.163] [Render thread/WARN] [net.minecraft.client.renderer.ShaderInstance/]: Shader rendertype_entity_translucent_emissive could not find sampler named Sampler2 in the specified shader program.
[18дек.2025 17:07:02.228] [Render thread/INFO] [net.neoforged.neoforge.client.entity.animation.json.AnimationLoader/]: Loaded 0 entity animations
[18дек.2025 17:07:11.072] [Render thread/WARN] [net.neoforged.neoforge.common.CommonHooks/WP]: The following mods have version differences that were not resolved:
generated_d02064c (version 1 -> MISSING)
Things may not work well.
[18дек.2025 17:07:11.554] [Render thread/INFO] [net.minecraft.world.item.crafting.RecipeManager/]: Loaded 1290 recipes
[18дек.2025 17:07:11.656] [Render thread/INFO] [net.minecraft.advancements.AdvancementTree/]: Loaded 1399 advancements
[18дек.2025 17:07:12.051] [Server thread/INFO] [net.minecraft.client.server.IntegratedServer/]: Starting integrated minecraft server version 1.21.1
[18дек.2025 17:07:12.052] [Server thread/INFO] [net.minecraft.server.MinecraftServer/]: Generating keypair
[18дек.2025 17:07:13.695] [Server thread/INFO] [net.minecraft.server.MinecraftServer/]: Preparing start region for dimension minecraft:overworld
[18дек.2025 17:07:13.867] [progressListener/INFO] [net.minecraft.server.level.progress.LoggerChunkProgressListener/]: Preparing spawn area: 0%
[18дек.2025 17:07:13.930] [Server thread/INFO] [net.neoforged.neoforge.server.permission.PermissionAPI/]: Successfully initialized permission handler neoforge:default_handler
[18дек.2025 17:07:13.946] [progressListener/INFO] [net.minecraft.server.level.progress.LoggerChunkProgressListener/]: Time elapsed: 234 ms
[18дек.2025 17:07:13.988] [Server thread/INFO] [net.minecraft.client.server.IntegratedServer/]: Changing view distance to 12, from 10
[18дек.2025 17:07:13.988] [Server thread/INFO] [net.minecraft.client.server.IntegratedServer/]: Changing simulation distance to 12, from 0
[18дек.2025 17:07:14.742] [Server thread/INFO] [net.minecraft.server.players.PlayerList/]: Dev[local:E:f161bae5] logged in with entity id 57 at (40.93111405977507, 79.0, 20.326312702982403)
[18дек.2025 17:07:14.806] [Server thread/INFO] [net.minecraft.server.MinecraftServer/]: Dev joined the game
[18дек.2025 17:07:14.894] [Render thread/INFO] [net.minecraft.advancements.AdvancementTree/]: Loaded 52 advancements
[18дек.2025 17:07:16.683] [Server thread/INFO] [net.minecraft.server.MinecraftServer/]: [Dev: Set own game mode to Survival Mode]
[18дек.2025 17:07:16.694] [Render thread/INFO] [net.minecraft.client.gui.components.ChatComponent/]: [System] [CHAT] Set own game mode to Survival Mode
[18дек.2025 17:07:17.096] [Server thread/INFO] [net.minecraft.client.server.IntegratedServer/]: Saving and pausing game...
[18дек.2025 17:07:17.111] [Server thread/INFO] [net.minecraft.server.MinecraftServer/]: Saving chunks for level 'ServerLevel[New World]'/minecraft:overworld
[18дек.2025 17:07:17.196] [Server thread/INFO] [net.minecraft.server.MinecraftServer/]: Saving chunks for level 'ServerLevel[New World]'/minecraft:the_end
[18дек.2025 17:07:17.196] [Server thread/INFO] [net.minecraft.server.MinecraftServer/]: Saving chunks for level 'ServerLevel[New World]'/minecraft:the_nether
[18дек.2025 17:07:38.564] [Server thread/INFO] [net.minecraft.server.commands.LocateCommand/]: Locating element minecraft:trial_chambers took 6 ms
[18дек.2025 17:07:38.568] [Render thread/INFO] [net.minecraft.client.gui.components.ChatComponent/]: [System] [CHAT] The nearest minecraft:trial_chambers is at [288, ~, 192] (301 blocks away)
[18дек.2025 17:07:40.385] [Server thread/INFO] [net.minecraft.server.MinecraftServer/]: [Dev: Teleported Dev to 288.500000, 79.000000, 192.500000]
[18дек.2025 17:07:40.400] [Render thread/INFO] [net.minecraft.client.gui.components.ChatComponent/]: [System] [CHAT] Teleported Dev to 288.500000, 79.000000, 192.500000
[18дек.2025 17:07:41.082] [Server thread/INFO] [net.minecraft.server.MinecraftServer/]: [Dev: Set own game mode to Creative Mode]
[18дек.2025 17:07:41.096] [Render thread/INFO] [net.minecraft.client.gui.components.ChatComponent/]: [System] [CHAT] Set own game mode to Creative Mode
[18дек.2025 17:07:42.402] [Server thread/INFO] [net.minecraft.server.MinecraftServer/]: [Dev: Set own game mode to Spectator Mode]
[18дек.2025 17:07:42.409] [Render thread/INFO] [net.minecraft.client.gui.components.ChatComponent/]: [System] [CHAT] Set own game mode to Spectator Mode
[18дек.2025 17:07:51.743] [Server thread/INFO] [net.minecraft.server.MinecraftServer/]: Dev has made the advancement [Minecraft: Trial(s) Edition]
[18дек.2025 17:07:51.746] [Render thread/INFO] [net.minecraft.client.gui.components.ChatComponent/]: [System] [CHAT] Dev has made the advancement [Minecraft: Trial(s) Edition]
[18дек.2025 17:07:51.794] [Render thread/INFO] [net.minecraft.advancements.AdvancementTree/]: Loaded 60 advancements
[18дек.2025 17:07:52.816] [Server thread/INFO] [net.minecraft.server.MinecraftServer/]: [Dev: Set own game mode to Creative Mode]
[18дек.2025 17:07:52.827] [Render thread/INFO] [net.minecraft.client.gui.components.ChatComponent/]: [System] [CHAT] Set own game mode to Creative Mode
[18дек.2025 17:08:01.244] [Render thread/INFO] [net.minecraft.advancements.AdvancementTree/]: Loaded 69 advancements
[18дек.2025 17:08:14.835] [Server thread/INFO] [net.minecraft.client.server.IntegratedServer/]: Saving and pausing game...
[18дек.2025 17:08:14.843] [Server thread/INFO] [net.minecraft.server.MinecraftServer/]: Saving chunks for level 'ServerLevel[New World]'/minecraft:overworld
[18дек.2025 17:08:14.849] [Server thread/INFO] [net.minecraft.server.MinecraftServer/]: Saving chunks for level 'ServerLevel[New World]'/minecraft:the_end
[18дек.2025 17:08:14.853] [Server thread/INFO] [net.minecraft.server.MinecraftServer/]: Saving chunks for level 'ServerLevel[New World]'/minecraft:the_nether
[18дек.2025 17:09:02.644] [Server thread/INFO] [net.minecraft.server.commands.LocateCommand/]: Locating element minecraft:stronghold took 11 ms
[18дек.2025 17:09:02.647] [Render thread/INFO] [net.minecraft.client.gui.components.ChatComponent/]: [System] [CHAT] The nearest minecraft:stronghold is at [704, ~, 2000] (1871 blocks away)
[18дек.2025 17:09:05.817] [Server thread/INFO] [net.minecraft.server.MinecraftServer/]: [Dev: Teleported Dev to 704.500000, -9.000000, 2000.500000]
[18дек.2025 17:09:05.824] [Render thread/INFO] [net.minecraft.client.gui.components.ChatComponent/]: [System] [CHAT] Teleported Dev to 704.500000, -9.000000, 2000.500000
[18дек.2025 17:09:08.276] [Server thread/INFO] [net.minecraft.server.MinecraftServer/]: [Dev: Set own game mode to Spectator Mode]
[18дек.2025 17:09:08.279] [Render thread/INFO] [net.minecraft.client.gui.components.ChatComponent/]: [System] [CHAT] Set own game mode to Spectator Mode
[18дек.2025 17:09:17.746] [Server thread/INFO] [net.minecraft.server.MinecraftServer/]: [Dev: Set own game mode to Creative Mode]
[18дек.2025 17:09:17.751] [Render thread/INFO] [net.minecraft.client.gui.components.ChatComponent/]: [System] [CHAT] Set own game mode to Creative Mode
[18дек.2025 17:09:17.843] [Server thread/INFO] [net.minecraft.server.MinecraftServer/]: Dev has made the advancement [Eye Spy]
[18дек.2025 17:09:17.851] [Render thread/INFO] [net.minecraft.client.gui.components.ChatComponent/]: [System] [CHAT] Dev has made the advancement [Eye Spy]
[18дек.2025 17:09:17.894] [Render thread/INFO] [net.minecraft.advancements.AdvancementTree/]: Loaded 72 advancements
[18дек.2025 17:09:47.986] [Server thread/INFO] [net.minecraft.client.server.IntegratedServer/]: Saving and pausing game...
[18дек.2025 17:09:47.993] [Server thread/INFO] [net.minecraft.server.MinecraftServer/]: Saving chunks for level 'ServerLevel[New World]'/minecraft:overworld
[18дек.2025 17:09:47.998] [Server thread/INFO] [net.minecraft.server.MinecraftServer/]: Saving chunks for level 'ServerLevel[New World]'/minecraft:the_end
[18дек.2025 17:09:48.000] [Server thread/INFO] [net.minecraft.server.MinecraftServer/]: Saving chunks for level 'ServerLevel[New World]'/minecraft:the_nether
[18дек.2025 17:09:54.657] [Render thread/INFO] [net.minecraft.client.Minecraft/]: Stopping!
[18дек.2025 17:09:54.727] [Server thread/INFO] [net.minecraft.server.network.ServerGamePacketListenerImpl/]: Dev lost connection: Disconnected
[18дек.2025 17:09:54.727] [Server thread/INFO] [net.minecraft.server.MinecraftServer/]: Dev left the game
[18дек.2025 17:09:54.738] [Server thread/INFO] [net.minecraft.server.network.ServerCommonPacketListenerImpl/]: Stopping singleplayer server as player logged out
[18дек.2025 17:09:54.753] [Server thread/INFO] [net.minecraft.server.MinecraftServer/]: Stopping server
[18дек.2025 17:09:54.754] [Server thread/INFO] [net.minecraft.server.MinecraftServer/]: Saving players
[18дек.2025 17:09:54.754] [Server thread/INFO] [net.minecraft.server.MinecraftServer/]: Saving worlds
[18дек.2025 17:09:55.909] [Server thread/INFO] [net.minecraft.server.MinecraftServer/]: Saving chunks for level 'ServerLevel[New World]'/minecraft:overworld
[18дек.2025 17:09:56.015] [Server thread/INFO] [net.minecraft.server.MinecraftServer/]: Saving chunks for level 'ServerLevel[New World]'/minecraft:the_end
[18дек.2025 17:09:56.020] [Server thread/INFO] [net.minecraft.server.MinecraftServer/]: Saving chunks for level 'ServerLevel[New World]'/minecraft:the_nether
[18дек.2025 17:09:56.028] [Server thread/INFO] [net.minecraft.server.MinecraftServer/]: ThreadedAnvilChunkStorage (New World): All chunks are saved
[18дек.2025 17:09:56.028] [Server thread/INFO] [net.minecraft.server.MinecraftServer/]: ThreadedAnvilChunkStorage (DIM1): All chunks are saved
[18дек.2025 17:09:56.028] [Server thread/INFO] [net.minecraft.server.MinecraftServer/]: ThreadedAnvilChunkStorage (DIM-1): All chunks are saved
[18дек.2025 17:09:56.028] [Server thread/INFO] [net.minecraft.server.MinecraftServer/]: ThreadedAnvilChunkStorage: All dimensions are saved
