[20:17:36] [main/INFO] (FabricLoader/GameProvider) Loading Minecraft 1.21.11 with Fabric Loader 0.18.3
[20:17:36] [main/INFO] (FabricLoader) Loading 57 mods:
	- architectury 19.0.1
	- cloth-basic-math 0.6.1
	- cloth-config 21.11.151
	- effectual 1.3.0-1.21.11
	- fabric-api 0.140.0+1.21.11
	- fabric-api-base 1.0.5+4ebb5c0853
	- fabric-api-lookup-api-v1 1.6.113+1fb1cde93e
	- fabric-biome-api-v1 17.1.1+4fc5413f3e
	- fabric-block-api-v1 1.1.10+4ebb5c083e
	- fabric-block-view-api-v2 1.0.39+4ebb5c083e
	- fabric-client-gametest-api-v1 4.3.5+bfe9fcf43e
	- fabric-command-api-v2 2.4.7+6b42a6003e
	- fabric-content-registries-v0 10.2.14+4fc5413f3e
	- fabric-convention-tags-v1 2.1.55+7f945d5b3e
	- fabric-convention-tags-v2 2.17.3+8ef948ba3e
	- fabric-crash-report-info-v1 0.3.23+4ebb5c083e
	- fabric-data-attachment-api-v1 1.8.43+1fb1cde93e
	- fabric-data-generation-api-v1 23.3.0+ae1056283e
	- fabric-dimensions-v1 4.0.28+4fc5413f3e
	- fabric-entity-events-v1 3.0.5+4ebb5c083e
	- fabric-events-interaction-v0 4.0.44+1fb1cde93e
	- fabric-game-rule-api-v1 2.0.3+4fc5413f3e
	- fabric-gametest-api-v1 3.1.27+4fc5413f3e
	- fabric-item-api-v1 11.5.20+d0c46b9e3e
	- fabric-item-group-api-v1 4.2.36+4fc5413f3e
	- fabric-key-binding-api-v1 1.1.7+4fc5413f53
	- fabric-lifecycle-events-v1 2.6.15+4ebb5c0853
	- fabric-loot-api-v2 3.0.73+3f89f5a53e
	- fabric-loot-api-v3 2.0.20+78c8b4663e
	- fabric-message-api-v1 6.1.12+4ebb5c083e
	- fabric-model-loading-api-v1 6.0.12+4fc5413f3e
	- fabric-networking-api-v1 5.1.5+ae1e07683e
	- fabric-object-builder-api-v1 21.1.38+4fc5413f3e
	- fabric-particles-v1 4.2.11+4fc5413f3e
	- fabric-recipe-api-v1 8.2.3+4ebb5c083e
	- fabric-registry-sync-v0 6.2.4+4ebb5c083e
	- fabric-renderer-api-v1 8.0.0+f4ffd2e53e
	- fabric-renderer-indigo 5.0.0+f4ffd2e53e
	- fabric-rendering-fluids-v1 3.1.43+4ebb5c083e
	- fabric-rendering-v1 16.2.7+f4ffd2e53e
	- fabric-resource-conditions-api-v1 5.0.35+4fc5413f3e
	- fabric-resource-loader-v0 3.3.4+4fc5413f53
	- fabric-resource-loader-v1 1.0.10+78c8b46653
	- fabric-screen-api-v1 3.1.7+4ebb5c0853
	- fabric-screen-handler-api-v1 1.3.160+4fc5413f3e
	- fabric-serialization-api-v1 1.0.5+4ebb5c083e
	- fabric-sound-api-v1 1.0.51+4fc5413f3e
	- fabric-tag-api-v1 1.2.20+4fc5413f3e
	- fabric-transfer-api-v1 6.0.24+4fc5413f3e
	- fabric-transitive-access-wideners-v1 7.0.8+0107c3da3e
	- fabricloader 0.18.3
	- generated_77c6770 1.0.0
	- java 23
	- minecraft 1.21.11
	- mixinextras 0.5.0
	- modmenu 17.0.0-alpha.1
	- tlib 1.4.1-1.21.11
[20:17:36] [main/INFO] (FabricLoader/Mixin) SpongePowered MIXIN Subsystem Version=0.8.7 Source=file:/Users/arseniyradaev/.gradle/caches/modules-2/files-2.1/net.fabricmc/sponge-mixin/0.16.5+mixin.0.8.7/80fc3a9f592673cea87f4cd702f87991c6c9fe4d/sponge-mixin-0.16.5+mixin.0.8.7.jar Service=Knot/Fabric Env=CLIENT
[20:17:36] [main/INFO] (FabricLoader/Mixin) Loaded Fabric development mappings for mixin remapper!
[20:17:36] [main/INFO] (FabricLoader/Mixin) Compatibility level set to JAVA_16
[20:17:36] [main/INFO] (FabricLoader/Mixin) Compatibility level set to JAVA_21
[20:17:37] [main/INFO] (FabricLoader/MixinExtras|Service) Initializing MixinExtras via com.llamalad7.mixinextras.service.MixinExtrasServiceImpl(version=0.5.0).
[20:17:37] [Datafixer Bootstrap/INFO] (Minecraft) 287 Datafixer optimizations took 284 milliseconds
[20:17:42] [Render thread/INFO] (Minecraft) Environment: Environment[sessionHost=https://sessionserver.mojang.com, servicesHost=https://api.minecraftservices.com, profilesHost=https://api.mojang.com, name=PROD]
[20:17:42] [Render thread/INFO] (Minecraft) Setting user: Player866
[20:17:42] [Render thread/INFO] (ClientNetworkManagerImpl) Registering S2C receiver with id architectury:spawn_entity_packet
[20:17:42] [Render thread/INFO] (Mod Menu/Update Checker) Checking mod updates...
[20:17:42] [Render thread/INFO] (Indigo) [Indigo] Registering Indigo renderer!
[20:17:42] [Render thread/INFO] (Minecraft) Backend library: LWJGL version 3.3.3-snapshot
[20:17:43] [Download-2/ERROR] (Minecraft) Failed to fetch user properties
com.mojang.authlib.exceptions.InvalidCredentialsException: Status: 401
	at knot//com.mojang.authlib.exceptions.MinecraftClientHttpException.toAuthenticationException(MinecraftClientHttpException.java:59)
	at knot//com.mojang.authlib.yggdrasil.YggdrasilUserApiService.fetchProperties(YggdrasilUserApiService.java:150)
	at knot//net.minecraft.client.Minecraft.method_55608(Minecraft.java:457)
	at java.base/java.util.concurrent.CompletableFuture$AsyncSupply.run(CompletableFuture.java:1812)
	at java.base/java.util.concurrent.ThreadPoolExecutor.runWorker(ThreadPoolExecutor.java:1144)
	at java.base/java.util.concurrent.ThreadPoolExecutor$Worker.run(ThreadPoolExecutor.java:642)
	at java.base/java.lang.Thread.run(Thread.java:1575)
Caused by: com.mojang.authlib.exceptions.MinecraftClientHttpException: Status: 401
	at knot//com.mojang.authlib.minecraft.client.MinecraftClient.readInputStream(MinecraftClient.java:103)
	at knot//com.mojang.authlib.minecraft.client.MinecraftClient.get(MinecraftClient.java:56)
	at knot//com.mojang.authlib.yggdrasil.YggdrasilUserApiService.fetchProperties(YggdrasilUserApiService.java:121)
	... 5 more
[20:17:43] [Render thread/INFO] (Minecraft) Using optional rendering extensions: GL_EXT_texture_filter_anisotropic
[20:17:44] [Download-2/INFO] (Minecraft) Could not authorize you against Realms server: java.lang.RuntimeException: Failed to parse into SignedJWT: FabricMC
[20:17:44] [Download-2/ERROR] (Minecraft) Failed to fetch Realms feature flags
com.mojang.realmsclient.exception.RealmsServiceException: Realms authentication error with message 'java.lang.RuntimeException: Failed to parse into SignedJWT: FabricMC'
	at knot//com.mojang.realmsclient.client.RealmsClient.execute(RealmsClient.java:526)
	at knot//com.mojang.realmsclient.client.RealmsClient.fetchFeatureFlags(RealmsClient.java:186)
	at java.base/java.util.concurrent.CompletableFuture$AsyncSupply.run(CompletableFuture.java:1812)
	at java.base/java.util.concurrent.ThreadPoolExecutor.runWorker(ThreadPoolExecutor.java:1144)
	at java.base/java.util.concurrent.ThreadPoolExecutor$Worker.run(ThreadPoolExecutor.java:642)
	at java.base/java.lang.Thread.run(Thread.java:1575)
[20:17:44] [Render thread/INFO] (Minecraft) Reloading ResourceManager: vanilla, cloth-config, effectual, fabric-api, fabric-api-base, fabric-api-lookup-api-v1, fabric-biome-api-v1, fabric-block-api-v1, fabric-block-view-api-v2, fabric-client-gametest-api-v1, fabric-command-api-v2, fabric-content-registries-v0, fabric-convention-tags-v1, fabric-convention-tags-v2, fabric-crash-report-info-v1, fabric-data-attachment-api-v1, fabric-data-generation-api-v1, fabric-dimensions-v1, fabric-entity-events-v1, fabric-events-interaction-v0, fabric-game-rule-api-v1, fabric-gametest-api-v1, fabric-item-api-v1, fabric-item-group-api-v1, fabric-key-binding-api-v1, fabric-lifecycle-events-v1, fabric-loot-api-v2, fabric-loot-api-v3, fabric-message-api-v1, fabric-model-loading-api-v1, fabric-networking-api-v1, fabric-object-builder-api-v1, fabric-particles-v1, fabric-recipe-api-v1, fabric-registry-sync-v0, fabric-renderer-api-v1, fabric-renderer-indigo, fabric-rendering-fluids-v1, fabric-rendering-v1, fabric-resource-conditions-api-v1, fabric-resource-loader-v0, fabric-resource-loader-v1, fabric-screen-api-v1, fabric-screen-handler-api-v1, fabric-serialization-api-v1, fabric-sound-api-v1, fabric-tag-api-v1, fabric-transfer-api-v1, fabric-transitive-access-wideners-v1, fabricloader, generated_77c6770, modmenu, tlib
[20:17:45] [Worker-Main-7/INFO] (Minecraft) Found unifont_all_no_pua-16.0.03.hex, loading
[20:17:45] [Worker-Main-8/INFO] (Minecraft) Found unifont_pua-16.0.03.hex, loading
[20:17:45] [Worker-Main-4/INFO] (Minecraft) Found unifont_jp_patch-16.0.03.hex, loading
[20:17:46] [Render thread/INFO] (Minecraft) Info log when linking program containing VS minecraft:core/terrain and FS minecraft:core/terrain. Log output: WARNING: Could not find vertex shader attribute 'Normal' to match BindAttributeLocation request.

[20:17:46] [Render thread/INFO] (Minecraft) Info log when linking program containing VS minecraft:core/block and FS minecraft:core/block. Log output: WARNING: Could not find vertex shader attribute 'Normal' to match BindAttributeLocation request.

[20:17:46] [Render thread/INFO] (Minecraft) Info log when linking program containing VS minecraft:core/entity and FS minecraft:core/entity. Log output: WARNING: Output of vertex shader 'overlayColor' not read by fragment shader

[20:17:46] [Render thread/INFO] (Minecraft) Info log when linking program containing VS minecraft:core/rendertype_translucent_moving_block and FS minecraft:core/rendertype_translucent_moving_block. Log output: WARNING: Could not find vertex shader attribute 'Normal' to match BindAttributeLocation request.

[20:17:46] [Render thread/INFO] (Minecraft) Info log when linking program containing VS minecraft:core/terrain and FS minecraft:core/terrain. Log output: WARNING: Could not find vertex shader attribute 'Normal' to match BindAttributeLocation request.

[20:17:46] [Render thread/INFO] (Minecraft) Info log when linking program containing VS minecraft:core/rendertype_entity_alpha and FS minecraft:core/rendertype_entity_alpha. Log output: WARNING: Could not find vertex shader attribute 'Normal' to match BindAttributeLocation request.
WARNING: Output of vertex shader 'texCoord1' not read by fragment shader
WARNING: Output of vertex shader 'texCoord2' not read by fragment shader

[20:17:46] [Render thread/INFO] (Minecraft) Info log when linking program containing VS minecraft:core/rendertype_entity_shadow and FS minecraft:core/rendertype_entity_shadow. Log output: WARNING: Could not find vertex shader attribute 'UV1' to match BindAttributeLocation request.
WARNING: Could not find vertex shader attribute 'Normal' to match BindAttributeLocation request.
WARNING: Could not find vertex shader attribute 'UV2' to match BindAttributeLocation request.

[20:17:46] [Render thread/INFO] (Minecraft) Info log when linking program containing VS minecraft:core/terrain and FS minecraft:core/terrain. Log output: WARNING: Could not find vertex shader attribute 'Normal' to match BindAttributeLocation request.

[20:17:46] [Render thread/INFO] (Minecraft) Info log when linking program containing VS minecraft:core/entity and FS minecraft:core/entity. Log output: WARNING: Output of vertex shader 'overlayColor' not read by fragment shader

[20:17:46] [Render thread/INFO] (Minecraft) Info log when linking program containing VS minecraft:core/terrain and FS minecraft:core/terrain. Log output: WARNING: Could not find vertex shader attribute 'Normal' to match BindAttributeLocation request.

[20:17:46] [Render thread/INFO] (Minecraft) Info log when linking program containing VS minecraft:core/entity and FS minecraft:core/entity. Log output: WARNING: Output of vertex shader 'overlayColor' not read by fragment shader

[20:17:46] [Render thread/INFO] (Minecraft) Info log when linking program containing VS minecraft:core/entity and FS minecraft:core/entity. Log output: WARNING: Could not find vertex shader attribute 'UV2' to match BindAttributeLocation request.

[20:17:46] [Render thread/INFO] (Minecraft) Info log when linking program containing VS minecraft:core/entity and FS minecraft:core/entity. Log output: WARNING: Output of vertex shader 'overlayColor' not read by fragment shader

[20:17:46] [Render thread/INFO] (Minecraft) Info log when linking program containing VS minecraft:core/entity and FS minecraft:core/entity. Log output: WARNING: Could not find vertex shader attribute 'Normal' to match BindAttributeLocation request.
WARNING: Could not find vertex shader attribute 'UV2' to match BindAttributeLocation request.
WARNING: Output of vertex shader 'overlayColor' not read by fragment shader

[20:17:46] [Render thread/INFO] (Minecraft) Info log when linking program containing VS minecraft:core/rendertype_text_see_through and FS minecraft:core/rendertype_text_see_through. Log output: WARNING: Could not find vertex shader attribute 'UV2' to match BindAttributeLocation request.

[20:17:46] [Render thread/INFO] (Minecraft) Info log when linking program containing VS minecraft:core/block and FS minecraft:core/block. Log output: WARNING: Could not find vertex shader attribute 'Normal' to match BindAttributeLocation request.

[20:17:46] [Render thread/INFO] (Minecraft) Info log when linking program containing VS minecraft:core/rendertype_text_intensity_see_through and FS minecraft:core/rendertype_text_intensity_see_through. Log output: WARNING: Could not find vertex shader attribute 'UV2' to match BindAttributeLocation request.

[20:17:46] [Render thread/INFO] (Minecraft) Info log when linking program containing VS minecraft:core/rendertype_beacon_beam and FS minecraft:core/rendertype_beacon_beam. Log output: WARNING: Could not find vertex shader attribute 'Normal' to match BindAttributeLocation request.
WARNING: Could not find vertex shader attribute 'UV2' to match BindAttributeLocation request.

[20:17:46] [Render thread/INFO] (Minecraft) Info log when linking program containing VS minecraft:core/rendertype_text_background_see_through and FS minecraft:core/rendertype_text_background_see_through. Log output: WARNING: Could not find vertex shader attribute 'UV2' to match BindAttributeLocation request.

[20:17:46] [Render thread/INFO] (Minecraft) Info log when linking program containing VS minecraft:core/terrain and FS minecraft:core/terrain. Log output: WARNING: Could not find vertex shader attribute 'Normal' to match BindAttributeLocation request.

[20:17:46] [Render thread/INFO] (Minecraft) Info log when linking program containing VS minecraft:core/entity and FS minecraft:core/entity. Log output: WARNING: Could not find vertex shader attribute 'Normal' to match BindAttributeLocation request.
WARNING: Output of vertex shader 'overlayColor' not read by fragment shader

[20:17:46] [Render thread/INFO] (Minecraft) Info log when linking program containing VS minecraft:core/rendertype_item_entity_translucent_cull and FS minecraft:core/rendertype_item_entity_translucent_cull. Log output: WARNING: Output of vertex shader 'texCoord1' not read by fragment shader
WARNING: Output of vertex shader 'texCoord2' not read by fragment shader

[20:17:46] [Render thread/INFO] (Minecraft) Info log when linking program containing VS minecraft:core/block and FS minecraft:core/block. Log output: WARNING: Could not find vertex shader attribute 'Normal' to match BindAttributeLocation request.

[20:17:46] [Render thread/INFO] (Minecraft) Info log when linking program containing VS minecraft:core/rendertype_beacon_beam and FS minecraft:core/rendertype_beacon_beam. Log output: WARNING: Could not find vertex shader attribute 'Normal' to match BindAttributeLocation request.
WARNING: Could not find vertex shader attribute 'UV2' to match BindAttributeLocation request.

[20:17:46] [Render thread/INFO] (Minecraft) Info log when linking program containing VS minecraft:core/rendertype_crumbling and FS minecraft:core/rendertype_crumbling. Log output: WARNING: Could not find vertex shader attribute 'Normal' to match BindAttributeLocation request.
WARNING: Output of vertex shader 'texCoord2' not read by fragment shader

[20:17:46] [Render thread/INFO] (Minecraft) Info log when linking program containing VS minecraft:core/entity and FS minecraft:core/entity. Log output: WARNING: Could not find vertex shader attribute 'Normal' to match BindAttributeLocation request.
WARNING: Could not find vertex shader attribute 'UV2' to match BindAttributeLocation request.
WARNING: Output of vertex shader 'overlayColor' not read by fragment shader

[20:17:46] [Render thread/INFO] (Minecraft) Info log when linking program containing VS minecraft:core/animate_sprite and FS minecraft:core/animate_sprite_blit. Log output: WARNING: Output of vertex shader 'fAnimationProgress' not read by fragment shader

[20:17:46] [Render thread/WARN] (Minecraft) Missing sound for event: minecraft:item.armor.equip_nautilus
[20:17:46] [Render thread/WARN] (Minecraft) Missing sound for event: minecraft:item.armor.unequip_nautilus
[20:17:46] [Render thread/WARN] (Minecraft) Missing sound for event: minecraft:entity.baby_nautilus.ambient
[20:17:46] [Render thread/WARN] (Minecraft) Missing sound for event: minecraft:entity.baby_nautilus.ambient_land
[20:17:46] [Render thread/WARN] (Minecraft) Missing sound for event: minecraft:entity.baby_nautilus.death
[20:17:46] [Render thread/WARN] (Minecraft) Missing sound for event: minecraft:entity.baby_nautilus.death_land
[20:17:46] [Render thread/WARN] (Minecraft) Missing sound for event: minecraft:entity.baby_nautilus.eat
[20:17:46] [Render thread/WARN] (Minecraft) Missing sound for event: minecraft:entity.baby_nautilus.hurt
[20:17:46] [Render thread/WARN] (Minecraft) Missing sound for event: minecraft:entity.baby_nautilus.hurt_land
[20:17:46] [Render thread/WARN] (Minecraft) Missing sound for event: minecraft:entity.nautilus.riding
[20:17:46] [Render thread/WARN] (Minecraft) Missing sound for event: minecraft:entity.baby_nautilus.swim
[20:17:46] [Render thread/WARN] (Minecraft) Missing sound for event: minecraft:entity.camel_husk.ambient
[20:17:46] [Render thread/WARN] (Minecraft) Missing sound for event: minecraft:entity.camel_husk.dash
[20:17:46] [Render thread/WARN] (Minecraft) Missing sound for event: minecraft:entity.camel_husk.dash_ready
[20:17:46] [Render thread/WARN] (Minecraft) Missing sound for event: minecraft:entity.camel_husk.death
[20:17:46] [Render thread/WARN] (Minecraft) Missing sound for event: minecraft:entity.camel_husk.eat
[20:17:46] [Render thread/WARN] (Minecraft) Missing sound for event: minecraft:entity.camel_husk.hurt
[20:17:46] [Render thread/WARN] (Minecraft) Missing sound for event: minecraft:entity.camel_husk.saddle
[20:17:46] [Render thread/WARN] (Minecraft) Missing sound for event: minecraft:entity.camel_husk.sit
[20:17:46] [Render thread/WARN] (Minecraft) Missing sound for event: minecraft:entity.camel_husk.stand
[20:17:46] [Render thread/WARN] (Minecraft) Missing sound for event: minecraft:entity.camel_husk.step
[20:17:46] [Render thread/WARN] (Minecraft) Missing sound for event: minecraft:entity.camel_husk.step_sand
[20:17:46] [Render thread/WARN] (Minecraft) Missing sound for event: minecraft:item.spear.lunge_1
[20:17:46] [Render thread/WARN] (Minecraft) Missing sound for event: minecraft:item.spear.lunge_2
[20:17:46] [Render thread/WARN] (Minecraft) Missing sound for event: minecraft:item.spear.lunge_3
[20:17:46] [Render thread/WARN] (Minecraft) Missing sound for event: minecraft:entity.nautilus.ambient
[20:17:46] [Render thread/WARN] (Minecraft) Missing sound for event: minecraft:entity.nautilus.ambient_land
[20:17:46] [Render thread/WARN] (Minecraft) Missing sound for event: minecraft:entity.nautilus.dash
[20:17:46] [Render thread/WARN] (Minecraft) Missing sound for event: minecraft:entity.nautilus.dash_land
[20:17:46] [Render thread/WARN] (Minecraft) Missing sound for event: minecraft:entity.nautilus.dash_ready
[20:17:46] [Render thread/WARN] (Minecraft) Missing sound for event: minecraft:entity.nautilus.dash_ready_land
[20:17:46] [Render thread/WARN] (Minecraft) Missing sound for event: minecraft:entity.nautilus.death
[20:17:46] [Render thread/WARN] (Minecraft) Missing sound for event: minecraft:entity.nautilus.death_land
[20:17:46] [Render thread/WARN] (Minecraft) Missing sound for event: minecraft:entity.nautilus.eat
[20:17:46] [Render thread/WARN] (Minecraft) Missing sound for event: minecraft:entity.nautilus.hurt
[20:17:46] [Render thread/WARN] (Minecraft) Missing sound for event: minecraft:entity.nautilus.hurt_land
[20:17:46] [Render thread/WARN] (Minecraft) Missing sound for event: minecraft:entity.nautilus.swim
[20:17:46] [Render thread/WARN] (Minecraft) Missing sound for event: minecraft:entity.parched.ambient
[20:17:46] [Render thread/WARN] (Minecraft) Missing sound for event: minecraft:entity.parched.death
[20:17:46] [Render thread/WARN] (Minecraft) Missing sound for event: minecraft:entity.parched.hurt
[20:17:46] [Render thread/WARN] (Minecraft) Missing sound for event: minecraft:entity.parched.step
[20:17:46] [Render thread/WARN] (Minecraft) Missing sound for event: minecraft:entity.parrot.imitate.camel_husk
[20:17:46] [Render thread/WARN] (Minecraft) Missing sound for event: minecraft:entity.parrot.imitate.parched
[20:17:46] [Render thread/WARN] (Minecraft) Missing sound for event: minecraft:entity.parrot.imitate.zombie_horse
[20:17:46] [Render thread/WARN] (Minecraft) Missing sound for event: minecraft:entity.parrot.imitate.zombie_nautilus
[20:17:46] [Render thread/WARN] (Minecraft) Missing sound for event: minecraft:item.spear.use
[20:17:46] [Render thread/WARN] (Minecraft) Missing sound for event: minecraft:item.spear.hit
[20:17:46] [Render thread/WARN] (Minecraft) Missing sound for event: minecraft:item.spear.attack
[20:17:46] [Render thread/WARN] (Minecraft) Missing sound for event: minecraft:item.spear_wood.use
[20:17:46] [Render thread/WARN] (Minecraft) Missing sound for event: minecraft:item.spear_wood.hit
[20:17:46] [Render thread/WARN] (Minecraft) Missing sound for event: minecraft:item.spear_wood.attack
[20:17:46] [Render thread/WARN] (Minecraft) Missing sound for event: minecraft:entity.zombie_horse.angry
[20:17:46] [Render thread/WARN] (Minecraft) Missing sound for event: minecraft:entity.zombie_horse.eat
[20:17:46] [Render thread/WARN] (Minecraft) Missing sound for event: minecraft:entity.zombie_nautilus.ambient
[20:17:46] [Render thread/WARN] (Minecraft) Missing sound for event: minecraft:entity.zombie_nautilus.ambient_land
[20:17:46] [Render thread/WARN] (Minecraft) Missing sound for event: minecraft:entity.zombie_nautilus.dash
[20:17:46] [Render thread/WARN] (Minecraft) Missing sound for event: minecraft:entity.zombie_nautilus.dash_land
[20:17:46] [Render thread/WARN] (Minecraft) Missing sound for event: minecraft:entity.zombie_nautilus.dash_ready
[20:17:46] [Render thread/WARN] (Minecraft) Missing sound for event: minecraft:entity.zombie_nautilus.dash_ready_land
[20:17:46] [Render thread/WARN] (Minecraft) Missing sound for event: minecraft:entity.zombie_nautilus.death
[20:17:46] [Render thread/WARN] (Minecraft) Missing sound for event: minecraft:entity.zombie_nautilus.death_land
[20:17:46] [Render thread/WARN] (Minecraft) Missing sound for event: minecraft:entity.zombie_nautilus.eat
[20:17:46] [Render thread/WARN] (Minecraft) Missing sound for event: minecraft:entity.zombie_nautilus.hurt
[20:17:46] [Render thread/WARN] (Minecraft) Missing sound for event: minecraft:entity.zombie_nautilus.hurt_land
[20:17:46] [Render thread/WARN] (Minecraft) Missing sound for event: minecraft:entity.zombie_nautilus.swim
[20:17:46] [Render thread/WARN] (Minecraft) Missing sound for event: minecraft:item.nautilus_saddle_underwater_equip
[20:17:46] [Render thread/WARN] (Minecraft) Missing sound for event: minecraft:item.nautilus_saddle_equip
[20:17:46] [Render thread/INFO] (Minecraft) OpenAL initialized on device soundcore P40i
[20:17:46] [Render thread/INFO] (Minecraft) Sound engine started
[20:17:46] [Render thread/INFO] (Minecraft) Created: 512x256x0 minecraft:textures/atlas/particles.png-atlas
[20:17:46] [Render thread/INFO] (Minecraft) Created: 128x128x0 minecraft:textures/atlas/decorated_pot.png-atlas
[20:17:46] [Render thread/INFO] (Minecraft) Created: 2048x1024x0 minecraft:textures/atlas/armor_trims.png-atlas
[20:17:46] [Render thread/INFO] (Minecraft) Created: 512x256x0 minecraft:textures/atlas/paintings.png-atlas
[20:17:46] [Render thread/INFO] (Minecraft) Created: 1024x512x0 minecraft:textures/atlas/shield_patterns.png-atlas
[20:17:46] [Render thread/INFO] (Minecraft) Created: 2048x2048x4 minecraft:textures/atlas/blocks.png-atlas
[20:17:46] [Render thread/INFO] (Minecraft) Created: 512x512x0 minecraft:textures/atlas/chest.png-atlas
[20:17:46] [Render thread/INFO] (Minecraft) Created: 256x128x0 minecraft:textures/atlas/celestials.png-atlas
[20:17:46] [Render thread/INFO] (Minecraft) Created: 1024x512x0 minecraft:textures/atlas/banner_patterns.png-atlas
[20:17:46] [Render thread/INFO] (Minecraft) Created: 512x512x0 minecraft:textures/atlas/beds.png-atlas
[20:17:46] [Render thread/INFO] (Minecraft) Created: 1024x512x0 minecraft:textures/atlas/items.png-atlas
[20:17:46] [Render thread/INFO] (Minecraft) Created: 1024x1024x0 minecraft:textures/atlas/gui.png-atlas
[20:17:46] [Render thread/INFO] (Minecraft) Created: 128x64x0 minecraft:textures/atlas/map_decorations.png-atlas
[20:17:46] [Render thread/INFO] (Minecraft) Created: 512x256x0 minecraft:textures/atlas/signs.png-atlas
[20:17:46] [Render thread/INFO] (Minecraft) Created: 512x512x0 minecraft:textures/atlas/shulker_boxes.png-atlas
[20:17:47] [IO-Worker-1/INFO] (Minecraft) Could not authorize you against Realms server: java.lang.RuntimeException: Failed to parse into SignedJWT: FabricMC
[20:17:47] [IO-Worker-1/ERROR] (Minecraft) Couldn't connect to realms
com.mojang.realmsclient.exception.RealmsServiceException: Realms authentication error with message 'java.lang.RuntimeException: Failed to parse into SignedJWT: FabricMC'
	at knot//com.mojang.realmsclient.client.RealmsClient.execute(RealmsClient.java:526)
	at knot//com.mojang.realmsclient.client.RealmsClient.clientCompatible(RealmsClient.java:307)
	at knot//com.mojang.realmsclient.RealmsAvailability.method_52627(RealmsAvailability.java:48)
	at java.base/java.util.concurrent.CompletableFuture$AsyncSupply.run(CompletableFuture.java:1812)
	at java.base/java.util.concurrent.ThreadPoolExecutor.runWorker(ThreadPoolExecutor.java:1144)
	at java.base/java.util.concurrent.ThreadPoolExecutor$Worker.run(ThreadPoolExecutor.java:642)
	at java.base/java.lang.Thread.run(Thread.java:1575)
[20:17:53] [Render thread/WARN] (Minecraft) Missing data pack generated_8ba69af
[20:17:53] [Render thread/INFO] (Minecraft) Found new data pack generated_77c6770, loading it automatically
[20:17:54] [Render thread/INFO] (Minecraft) Loaded 1470 recipes
[20:17:54] [Render thread/INFO] (Minecraft) Loaded 1584 advancements
[20:17:54] [Render thread/INFO] (BiomeModificationImpl) Applied 0 biome modifications to 0 of 65 new biomes in 783.5 μs
[20:17:54] [Server thread/INFO] (Minecraft) Starting integrated minecraft server version 1.21.11
[20:17:54] [Server thread/INFO] (Minecraft) Generating keypair
[20:17:54] [Server thread/INFO] (Minecraft) Loading 0 persistent chunks...
[20:17:54] [Server thread/WARN] (TranslationConventionLogWarnings) 
	Dev warning - Untranslated Item Tags detected. Please translate your item tags so other mods such as recipe viewers can properly display your tag's name.
	The format desired is tag.item.<namespace>.<path> for the translation key with slashes in path turned into periods.
	To disable this message, set this system property in your runs: `-Dfabric-tag-conventions-v2.missingTagTranslationWarning=SILENCED`.
	To see individual untranslated item tags found, set the system property to `-Dfabric-tag-conventions-v2.missingTagTranslationWarning=VERBOSE`.
	Default is `SHORT`.

[20:17:55] [Server thread/INFO] (Minecraft) Loading 49 chunks for player spawn...
[20:17:55] [Server thread/INFO] (Minecraft) Preparing spawn area: 16%
[20:17:55] [Server thread/INFO] (Minecraft) Preparing spawn area: 16%
[20:17:55] [Server thread/INFO] (Minecraft) Time elapsed: 778 ms
[20:17:55] [Server thread/INFO] (Minecraft) Player866[local:E:cce9bde4] logged in with entity id 123 at (-157.94809836844473, 94.0, 1085.9003818067374)
[20:17:55] [Server thread/INFO] (Minecraft) Player866 joined the game
[20:17:55] [Server thread/INFO] (Minecraft) Player866 has reached the goal [Sky's the Limit]
[20:17:55] [Server thread/INFO] (Minecraft) Player866 has made the advancement [Acquire Hardware]
[20:17:55] [Render thread/WARN] (FabricLoader/Mixin) Error loading class: net/minecraft/resources/ResourceLocation (java.lang.ClassNotFoundException: net/minecraft/resources/ResourceLocation)
[20:17:55] [Render thread/ERROR] (Minecraft) Failed to handle packet ClientboundLoginPacket[playerId=123, hardcore=false, levels=[ResourceKey[minecraft:dimension / minecraft:the_end], ResourceKey[minecraft:dimension / minecraft:the_nether], ResourceKey[minecraft:dimension / minecraft:overworld]], maxPlayers=8, chunkRadius=10, simulationDistance=0, reducedDebugInfo=false, showDeathScreen=true, doLimitedCrafting=false, commonPlayerSpawnInfo=CommonPlayerSpawnInfo[dimensionType=Reference{ResourceKey[minecraft:dimension_type / minecraft:overworld]=DimensionType[hasFixedTime=false, hasSkyLight=true, hasCeiling=false, coordinateScale=1.0, minY=-64, height=384, logicalHeight=384, infiniburn=TagKey[minecraft:block / minecraft:infiniburn_overworld], ambientLight=0.0, monsterSettings=MonsterSettings[monsterSpawnLightTest=[0-7], monsterSpawnBlockLightLimit=0], skybox=OVERWORLD, cardinalLightType=DEFAULT, attributes={minecraft:audio/background_music=Entry[argument=BackgroundMusic[defaultMusic=Optional[Music[sound=Reference{ResourceKey[minecraft:sound_event / minecraft:music.game]=SoundEvent[location=minecraft:music.game, fixedRange=Optional.empty]}, minDelay=12000, maxDelay=24000, replaceCurrentMusic=false]], creativeMusic=Optional[Music[sound=Reference{ResourceKey[minecraft:sound_event / minecraft:music.creative]=SoundEvent[location=minecraft:music.creative, fixedRange=Optional.empty]}, minDelay=12000, maxDelay=24000, replaceCurrentMusic=false]], underwaterMusic=Optional.empty], modifier=OverrideModifier[]], minecraft:visual/sky_color=Entry[argument=-8869889, modifier=OverrideModifier[]], minecraft:visual/fog_color=Entry[argument=-4138753, modifier=OverrideModifier[]], minecraft:visual/cloud_color=Entry[argument=-855638017, modifier=OverrideModifier[]], minecraft:visual/cloud_height=Entry[argument=192.33, modifier=OverrideModifier[]], minecraft:audio/ambient_sounds=Entry[argument=AmbientSounds[loop=Optional.empty, mood=Optional[AmbientMoodSettings[soundEvent=Reference{ResourceKey[minecraft:sound_event / minecraft:ambient.cave]=SoundEvent[location=minecraft:ambient.cave, fixedRange=Optional.empty]}, tickDelay=6000, blockSearchExtent=8, soundPositionOffset=2.0]], additions=[]], modifier=OverrideModifier[]]}, timelines=NamedSet(TagKey[minecraft:timeline / minecraft:in_overworld])[[Reference{ResourceKey[minecraft:timeline / minecraft:villager_schedule]=net.minecraft.world.timeline.Timeline@283ed66d}, Reference{ResourceKey[minecraft:timeline / minecraft:day]=net.minecraft.world.timeline.Timeline@7f6891b1}, Reference{ResourceKey[minecraft:timeline / minecraft:moon]=net.minecraft.world.timeline.Timeline@33b0cc1f}, Reference{ResourceKey[minecraft:timeline / minecraft:early_game]=net.minecraft.world.timeline.Timeline@37d07d62}]]]}, dimension=ResourceKey[minecraft:dimension / minecraft:overworld], seed=-1012133345693904017, gameType=SURVIVAL, previousGameType=CREATIVE, isDebug=false, isFlat=false, lastDeathLocation=Optional.empty, portalCooldown=0, seaLevel=63], enforcesSecureChat=false], disconnecting
java.lang.RuntimeException: Mixin transformation of net.minecraft.client.multiplayer.MultiPlayerGameMode failed
	at net.fabricmc.loader.impl.launch.knot.KnotClassDelegate.getPostMixinClassByteArray(KnotClassDelegate.java:440)
	at net.fabricmc.loader.impl.launch.knot.KnotClassDelegate.tryLoadClass(KnotClassDelegate.java:336)
	at net.fabricmc.loader.impl.launch.knot.KnotClassDelegate.loadClass(KnotClassDelegate.java:231)
	at net.fabricmc.loader.impl.launch.knot.KnotClassLoader.loadClass(KnotClassLoader.java:119)
	at java.base/java.lang.ClassLoader.loadClass(ClassLoader.java:528)
	at knot//net.minecraft.client.multiplayer.ClientPacketListener.handleLogin(ClientPacketListener.java:523)
	at knot//net.minecraft.network.protocol.game.ClientboundLoginPacket.handle(ClientboundLoginPacket.java:69)
	at knot//net.minecraft.network.protocol.game.ClientboundLoginPacket.handle(ClientboundLoginPacket.java:17)
	at knot//net.minecraft.network.PacketProcessor$ListenerAndPacket.handle(PacketProcessor.java:55)
	at knot//net.minecraft.network.PacketProcessor.processQueuedPackets(PacketProcessor.java:38)
	at knot//net.minecraft.client.Minecraft.runTick(Minecraft.java:1337)
	at knot//net.minecraft.client.Minecraft.run(Minecraft.java:966)
	at knot//net.minecraft.client.main.Main.main(Main.java:250)
	at net.fabricmc.loader.impl.game.minecraft.MinecraftGameProvider.launch(MinecraftGameProvider.java:514)
	at net.fabricmc.loader.impl.launch.knot.Knot.launch(Knot.java:72)
	at net.fabricmc.loader.impl.launch.knot.KnotClient.main(KnotClient.java:23)
	at net.fabricmc.devlaunchinjector.Main.main(Main.java:86)
	at dev.architectury.transformer.TransformerRuntime.main(TransformerRuntime.java:220)
Caused by: org.spongepowered.asm.mixin.transformer.throwables.MixinTransformerError: An unexpected critical error was encountered
	at org.spongepowered.asm.mixin.transformer.MixinProcessor.applyMixins(MixinProcessor.java:381)
	at org.spongepowered.asm.mixin.transformer.MixinTransformer.transformClass(MixinTransformer.java:237)
	at org.spongepowered.asm.mixin.transformer.MixinTransformer.transformClassBytes(MixinTransformer.java:202)
	at net.fabricmc.loader.impl.launch.knot.KnotClassDelegate.getPostMixinClassByteArray(KnotClassDelegate.java:435)
	... 17 more
Caused by: org.spongepowered.asm.mixin.transformer.throwables.MixinPreProcessorException: Attach error for effectual.mixins.json:MetalHitMixin from mod effectual during activity: [Transform -> Method onMetalHit(Lnet/minecraft/core/BlockPos;Lnet/minecraft/core/Direction;Lorg/spongepowered/asm/mixin/injection/callback/CallbackInfoReturnable;)V -> INVOKESTATIC -> net/minecraft/resources/ResourceLocation::fromNamespaceAndPath:(Ljava/lang/String;Ljava/lang/String;)Lnet/minecraft/resources/ResourceLocation;]
	at org.spongepowered.asm.mixin.transformer.MixinPreProcessorStandard.attach(MixinPreProcessorStandard.java:313)
	at org.spongepowered.asm.mixin.transformer.MixinPreProcessorStandard.createContextFor(MixinPreProcessorStandard.java:277)
	at org.spongepowered.asm.mixin.transformer.MixinInfo.createContextFor(MixinInfo.java:1292)
	at org.spongepowered.asm.mixin.transformer.MixinApplicatorStandard.apply(MixinApplicatorStandard.java:203)
	at org.spongepowered.asm.mixin.transformer.TargetClassContext.apply(TargetClassContext.java:437)
	at org.spongepowered.asm.mixin.transformer.TargetClassContext.applyMixins(TargetClassContext.java:418)
	at org.spongepowered.asm.mixin.transformer.MixinProcessor.applyMixins(MixinProcessor.java:352)
	... 20 more
Caused by: java.lang.RuntimeException: java.lang.ClassNotFoundException: net.minecraft.resources.ResourceLocation
	at org.spongepowered.asm.mixin.transformer.MixinPreProcessorStandard.transformMemberReference(MixinPreProcessorStandard.java:791)
	at org.spongepowered.asm.mixin.transformer.MixinPreProcessorStandard.transformMethod(MixinPreProcessorStandard.java:777)
	at org.spongepowered.asm.mixin.transformer.MixinPreProcessorStandard.transform(MixinPreProcessorStandard.java:743)
	at org.spongepowered.asm.mixin.transformer.MixinPreProcessorStandard.attach(MixinPreProcessorStandard.java:307)
	... 26 more
Caused by: java.lang.ClassNotFoundException: net.minecraft.resources.ResourceLocation
	... 30 more
[20:17:55] [Server thread/INFO] (Minecraft) Changing view distance to 12, from 10
[20:17:55] [Server thread/INFO] (Minecraft) Changing simulation distance to 12, from 0
[20:17:56] [Server thread/INFO] (Minecraft) Player866 lost connection: Disconnected
[20:17:56] [Server thread/INFO] (Minecraft) Player866 left the game
[20:17:56] [Server thread/INFO] (Minecraft) Stopping singleplayer server as player logged out
[20:17:56] [Server thread/INFO] (Minecraft) Stopping server
[20:17:56] [Server thread/INFO] (Minecraft) Saving players
[20:17:56] [Server thread/INFO] (Minecraft) Saving worlds
[20:17:56] [Server thread/INFO] (Minecraft) Saving chunks for level 'ServerLevel[New World]'/minecraft:overworld
[20:17:56] [Server thread/INFO] (Minecraft) Saving chunks for level 'ServerLevel[New World]'/minecraft:the_end
[20:17:56] [Server thread/INFO] (Minecraft) Saving chunks for level 'ServerLevel[New World]'/minecraft:the_nether
[20:17:56] [Server thread/INFO] (Minecraft) ThreadedAnvilChunkStorage (New World): All chunks are saved
[20:17:56] [Server thread/INFO] (Minecraft) ThreadedAnvilChunkStorage (DIM1): All chunks are saved
[20:17:56] [Server thread/INFO] (Minecraft) ThreadedAnvilChunkStorage (DIM-1): All chunks are saved
[20:17:56] [Server thread/INFO] (Minecraft) ThreadedAnvilChunkStorage: All dimensions are saved
[20:17:56] [Render thread/WARN] (Minecraft) Client disconnected with reason: Network Protocol Error
[20:17:57] [Render thread/INFO] (Minecraft) Stopping!
